Archive member included to satisfy reference by file (symbol)

/usr/lib/gcc/arm-none-eabi/14.2.1/../../../arm-none-eabi/lib/thumb/v7-m/nofp/libc_nano.a(libc_a-snprintf.o)
                              build_gcc/Net_USRK5.o (snprintf)
/usr/lib/gcc/arm-none-eabi/14.2.1/../../../arm-none-eabi/lib/thumb/v7-m/nofp/libc_nano.a(libc_a-impure.o)
                              /usr/lib/gcc/arm-none-eabi/14.2.1/../../../arm-none-eabi/lib/thumb/v7-m/nofp/libc_nano.a(libc_a-snprintf.o) (_impure_ptr)
/usr/lib/gcc/arm-none-eabi/14.2.1/../../../arm-none-eabi/lib/thumb/v7-m/nofp/libc_nano.a(libc_a-fini.o)
                              /usr/lib/gcc/arm-none-eabi/14.2.1/../../../arm-none-eabi/lib/thumb/v7-m/nofp/crt0.o (__libc_fini_array)
/usr/lib/gcc/arm-none-eabi/14.2.1/../../../arm-none-eabi/lib/thumb/v7-m/nofp/libc_nano.a(libc_a-memcpy.o)
                              build_gcc/mqtt.o (memcpy)
/usr/lib/gcc/arm-none-eabi/14.2.1/../../../arm-none-eabi/lib/thumb/v7-m/nofp/libc_nano.a(libc_a-memcmp.o)
                              build_gcc/MQTTConnectServer.o (memcmp)
/usr/lib/gcc/arm-none-eabi/14.2.1/../../../arm-none-eabi/lib/thumb/v7-m/nofp/libc_nano.a(libc_a-nano-svfprintf.o)
                              /usr/lib/gcc/arm-none-eabi/14.2.1/../../../arm-none-eabi/lib/thumb/v7-m/nofp/libc_nano.a(libc_a-snprintf.o) (_svfprintf_r)
/usr/lib/gcc/arm-none-eabi/14.2.1/../../../arm-none-eabi/lib/thumb/v7-m/nofp/libc_nano.a(libc_a-memmove.o)
                              /usr/lib/gcc/arm-none-eabi/14.2.1/../../../arm-none-eabi/lib/thumb/v7-m/nofp/libc_nano.a(libc_a-nano-svfprintf.o) (memmove)
/usr/lib/gcc/arm-none-eabi/14.2.1/../../../arm-none-eabi/lib/thumb/v7-m/nofp/libc_nano.a(libc_a-strchr.o)
                              build_gcc/Net_USRK5.o (strchr)
/usr/lib/gcc/arm-none-eabi/14.2.1/../../../arm-none-eabi/lib/thumb/v7-m/nofp/libc_nano.a(libc_a-mallocr.o)
                              /usr/lib/gcc/arm-none-eabi/14.2.1/../../../arm-none-eabi/lib/thumb/v7-m/nofp/libc_nano.a(libc_a-nano-svfprintf.o) (_malloc_r)
/usr/lib/gcc/arm-none-eabi/14.2.1/../../../arm-none-eabi/lib/thumb/v7-m/nofp/libc_nano.a(libc_a-freer.o)
                              /usr/lib/gcc/arm-none-eabi/14.2.1/../../../arm-none-eabi/lib/thumb/v7-m/nofp/libc_nano.a(libc_a-nano-svfprintf.o) (_free_r)
/usr/lib/gcc/arm-none-eabi/14.2.1/../../../arm-none-eabi/lib/thumb/v7-m/nofp/libc_nano.a(libc_a-memset.o)
                              /usr/lib/gcc/arm-none-eabi/14.2.1/../../../arm-none-eabi/lib/thumb/v7-m/nofp/crt0.o (memset)
/usr/lib/gcc/arm-none-eabi/14.2.1/../../../arm-none-eabi/lib/thumb/v7-m/nofp/libc_nano.a(libc_a-strncmp.o)
                              build_gcc/MQTTPacket.o (strncmp)
/usr/lib/gcc/arm-none-eabi/14.2.1/../../../arm-none-eabi/lib/thumb/v7-m/nofp/libc_nano.a(libc_a-reallocr.o)
                              /usr/lib/gcc/arm-none-eabi/14.2.1/../../../arm-none-eabi/lib/thumb/v7-m/nofp/libc_nano.a(libc_a-nano-svfprintf.o) (_realloc_r)
/usr/lib/gcc/arm-none-eabi/14.2.1/../../../arm-none-eabi/lib/thumb/v7-m/nofp/libc_nano.a(libc_a-strlen-stub.o)
                              build_gcc/main.o (strlen)
/usr/lib/gcc/arm-none-eabi/14.2.1/../../../arm-none-eabi/lib/thumb/v7-m/nofp/libc_nano.a(libc_a-mlock.o)
                              /usr/lib/gcc/arm-none-eabi/14.2.1/../../../arm-none-eabi/lib/thumb/v7-m/nofp/libc_nano.a(libc_a-mallocr.o) (__malloc_lock)
/usr/lib/gcc/arm-none-eabi/14.2.1/../../../arm-none-eabi/lib/thumb/v7-m/nofp/libc_nano.a(libc_a-exit.o)
                              /usr/lib/gcc/arm-none-eabi/14.2.1/../../../arm-none-eabi/lib/thumb/v7-m/nofp/crt0.o (exit)
/usr/lib/gcc/arm-none-eabi/14.2.1/../../../arm-none-eabi/lib/thumb/v7-m/nofp/libc_nano.a(libc_a-atexit.o)
                              /usr/lib/gcc/arm-none-eabi/14.2.1/../../../arm-none-eabi/lib/thumb/v7-m/nofp/crt0.o (atexit)
/usr/lib/gcc/arm-none-eabi/14.2.1/../../../arm-none-eabi/lib/thumb/v7-m/nofp/libc_nano.a(libc_a-memchr-stub.o)
                              /usr/lib/gcc/arm-none-eabi/14.2.1/../../../arm-none-eabi/lib/thumb/v7-m/nofp/libc_nano.a(libc_a-nano-svfprintf.o) (memchr)
/usr/lib/gcc/arm-none-eabi/14.2.1/../../../arm-none-eabi/lib/thumb/v7-m/nofp/libc_nano.a(libc_a-init.o)
                              /usr/lib/gcc/arm-none-eabi/14.2.1/../../../arm-none-eabi/lib/thumb/v7-m/nofp/crt0.o (__libc_init_array)
/usr/lib/gcc/arm-none-eabi/14.2.1/../../../arm-none-eabi/lib/thumb/v7-m/nofp/libc_nano.a(libc_a-nano-vfprintf_i.o)
                              /usr/lib/gcc/arm-none-eabi/14.2.1/../../../arm-none-eabi/lib/thumb/v7-m/nofp/libc_nano.a(libc_a-nano-svfprintf.o) (_printf_i)
/usr/lib/gcc/arm-none-eabi/14.2.1/../../../arm-none-eabi/lib/thumb/v7-m/nofp/libc_nano.a(libc_a-findfp.o)
                              /usr/lib/gcc/arm-none-eabi/14.2.1/../../../arm-none-eabi/lib/thumb/v7-m/nofp/libc_nano.a(libc_a-exit.o) (__stdio_exit_handler)
/usr/lib/gcc/arm-none-eabi/14.2.1/../../../arm-none-eabi/lib/thumb/v7-m/nofp/libc_nano.a(libc_a-fflush.o)
[...]
Memory Configuration

Name             Origin             Length             Attributes
FLASH            0x08000000         0x00010000         xr
RAM              0x20000000         0x00005000         xrw
*default*        0x00000000         0xffffffff

Linker script and memory map

LOAD /usr/lib/gcc/arm-none-eabi/14.2.1/thumb/v7-m/nofp/crti.o
LOAD /usr/lib/gcc/arm-none-eabi/14.2.1/thumb/v7-m/nofp/crtbegin.o
LOAD /usr/lib/gcc/arm-none-eabi/14.2.1/../../../arm-none-eabi/lib/thumb/v7-m/nofp/crt0.o
LOAD build_gcc/main.o
LOAD build_gcc/stm32f10x_it.o
LOAD build_gcc/core_cm3.o
LOAD build_gcc/system_stm32f10x.o
LOAD build_gcc/crc.o
LOAD build_gcc/Net_USRK5.o
LOAD build_gcc/delay.o
LOAD build_gcc/led.o
LOAD build_gcc/modbus.o
LOAD build_gcc/mqtt.o
LOAD build_gcc/uart.o
LOAD build_gcc/timer.o
LOAD build_gcc/MQTTConnectClient.o
LOAD build_gcc/MQTTConnectServer.o
LOAD build_gcc/MQTTDeserializePublish.o
LOAD build_gcc/MQTTFormat.o
LOAD build_gcc/MQTTPacket.o
LOAD build_gcc/MQTTSerializePublish.o
LOAD build_gcc/MQTTSubscribeClient.o
LOAD build_gcc/MQTTSubscribeServer.o
LOAD build_gcc/MQTTUnsubscribeClient.o
LOAD build_gcc/MQTTUnsubscribeServer.o
LOAD build_gcc/misc.o
LOAD build_gcc/stm32f10x_adc.o
LOAD build_gcc/stm32f10x_bkp.o
LOAD build_gcc/stm32f10x_can.o
LOAD build_gcc/stm32f10x_cec.o
LOAD build_gcc/stm32f10x_crc.o
LOAD build_gcc/stm32f10x_dac.o
LOAD build_gcc/stm32f10x_dbgmcu.o
LOAD build_gcc/stm32f10x_dma.o
LOAD build_gcc/stm32f10x_exti.o
LOAD build_gcc/stm32f10x_flash.o
LOAD build_gcc/stm32f10x_fsmc.o
LOAD build_gcc/stm32f10x_gpio.o
LOAD build_gcc/stm32f10x_i2c.o
LOAD build_gcc/stm32f10x_iwdg.o
LOAD build_gcc/stm32f10x_pwr.o
LOAD build_gcc/stm32f10x_rcc.o
LOAD build_gcc/stm32f10x_rtc.o
LOAD build_gcc/stm32f10x_sdio.o
LOAD build_gcc/stm32f10x_spi.o
LOAD build_gcc/stm32f10x_tim.o
LOAD build_gcc/stm32f10x_usart.o
LOAD build_gcc/stm32f10x_wwdg.o
LOAD build_gcc/max3485.o
LOAD build_gcc/startup_stm32f10x_hd_gcc.o
LOAD /usr/lib/gcc/arm-none-eabi/14.2.1/../../../arm-none-eabi/lib/thumb/v7-m/nofp/libc_nano.a
LOAD /usr/lib/gcc/arm-none-eabi/14.2.1/../../../arm-none-eabi/lib/thumb/v7-m/nofp/libm.a
LOAD /usr/lib/gcc/arm-none-eabi/14.2.1/../../../arm-none-eabi/lib/thumb/v7-m/nofp/libnosys.a
START GROUP
LOAD /usr/lib/gcc/arm-none-eabi/14.2.1/thumb/v7-m/nofp/libgcc.a
LOAD /usr/lib/gcc/arm-none-eabi/14.2.1/../../../arm-none-eabi/lib/thumb/v7-m/nofp/libc_nano.a
END GROUP
START GROUP
LOAD /usr/lib/gcc/arm-none-eabi/14.2.1/thumb/v7-m/nofp/libgcc.a
LOAD /usr/lib/gcc/arm-none-eabi/14.2.1/../../../arm-none-eabi/lib/thumb/v7-m/nofp/libc_nano.a
END GROUP
LOAD /usr/lib/gcc/arm-none-eabi/14.2.1/thumb/v7-m/nofp/crtend.o
LOAD /usr/lib/gcc/arm-none-eabi/14.2.1/thumb/v7-m/nofp/crtn.o
                0x20005000                        _estack = (ORIGIN (RAM) + LENGTH (RAM))
                0x00000400                        _Min_Heap_Size = 0x400
                0x00000c00                        _Min_Stack_Size = 0xc00

.isr_vector     0x08000000      0x130
                0x08000000                        . = ALIGN (0x4)
 *(.isr_vector)
 .isr_vector    0x08000000      0x130 build_gcc/startup_stm32f10x_hd_gcc.o
                0x08000000                g_pfnVectors
                0x08000130                        . = ALIGN (0x4)

.text           0x08000130     0x4444
                0x08000130                        . = ALIGN (0x4)
 *(.text)
 .text          0x08000130       0x88 /usr/lib/gcc/arm-none-eabi/14.2.1/thumb/v7-m/nofp/crtbegin.o
 .text          0x080001b8      0x10c /usr/lib/gcc/arm-none-eabi/14.2.1/../../../arm-none-eabi/lib/thumb/v7-m/nofp/libc_nano.a(libc_a-snprintf.o)
                0x080001b8                _sniprintf_r
                0x080001b8                _snprintf_r
                0x08000238                snprintf
                0x08000238                sniprintf
 .text          0x080002c4       0xec /usr/lib/gcc/arm-none-eabi/14.2.1/../../../arm-none-eabi/lib/thumb/v7-m/nofp/libc_nano.a(libc_a-memcpy.o)
                0x080002c4                memcpy
 .text          0x080003b0      0x3fc /usr/lib/gcc/arm-none-eabi/14.2.1/../../../arm-none-eabi/lib/thumb/v7-m/nofp/libc_nano.a(libc_a-nano-svfprintf.o)
                0x080003b0                __ssputs_r
                0x08000470                __ssprint_r
                0x08000580                _svfprintf_r
                0x08000580                _svfiprintf_r
 .text          0x080007ac      0x130 /usr/lib/gcc/arm-none-eabi/14.2.1/../../../arm-none-eabi/lib/thumb/v7-m/nofp/libc_nano.a(libc_a-memmove.o)
                0x080007ac                memmove
 .text          0x080008dc      0x14c /usr/lib/gcc/arm-none-eabi/14.2.1/../../../arm-none-eabi/lib/thumb/v7-m/nofp/libc_nano.a(libc_a-mallocr.o)
                0x08000928                _malloc_r
 .text          0x08000a28       0xbc /usr/lib/gcc/arm-none-eabi/14.2.1/../../../arm-none-eabi/lib/thumb/v7-m/nofp/libc_nano.a(libc_a-freer.o)
                0x08000a28                _free_r
 .text          0x08000ae4       0x9c /usr/lib/gcc/arm-none-eabi/14.2.1/../../../arm-none-eabi/lib/thumb/v7-m/nofp/libc_nano.a(libc_a-memset.o)
                0x08000ae4                memset
 .text          0x08000b80       0x64 /usr/lib/gcc/arm-none-eabi/14.2.1/../../../arm-none-eabi/lib/thumb/v7-m/nofp/libc_nano.a(libc_a-reallocr.o)
                0x08000b80                _realloc_r
 .text          0x08000be4       0x5c /usr/lib/gcc/arm-none-eabi/14.2.1/../../../arm-none-eabi/lib/thumb/v7-m/nofp/libc_nano.a(libc_a-strlen-stub.o)
                0x08000be4                strlen
 .text          0x08000c40        0x8 /usr/lib/gcc/arm-none-eabi/14.2.1/../../../arm-none-eabi/lib/thumb/v7-m/nofp/libc_nano.a(libc_a-mlock.o)
                0x08000c40                __malloc_lock
                0x08000c44                __malloc_unlock
 .text          0x08000c48       0x80 /usr/lib/gcc/arm-none-eabi/14.2.1/../../../arm-none-eabi/lib/thumb/v7-m/nofp/libc_nano.a(libc_a-memchr-stub.o)
                0x08000c48                memchr
 .text          0x08000cc8      0x3b0 /usr/lib/gcc/arm-none-eabi/14.2.1/../../../arm-none-eabi/lib/thumb/v7-m/nofp/libc_nano.a(libc_a-nano-vfprintf_i.o)
                0x08000cc8                _printf_common
                0x08000dec                _printf_i
 .text          0x08001078       0x10 /usr/lib/gcc/arm-none-eabi/14.2.1/../../../arm-none-eabi/lib/thumb/v7-m/nofp/libc_nano.a(libc_a-msizer.o)
                0x08001078                _malloc_usable_size_r
 .text          0x08001088       0x24 /usr/lib/gcc/arm-none-eabi/14.2.1/../../../arm-none-eabi/lib/thumb/v7-m/nofp/libc_nano.a(libc_a-sbrkr.o)
                0x08001088                _sbrk_r
 .text          0x080010ac       0x1c /usr/lib/gcc/arm-none-eabi/14.2.1/../../../arm-none-eabi/lib/thumb/v7-m/nofp/libnosys.a(sbrk.o)
                0x080010ac                _sbrk
 .text          0x080010c8      0x254 /usr/lib/gcc/arm-none-eabi/14.2.1/thumb/v7-m/nofp/libgcc.a(_arm_muldf3.o)
                0x080010c8                __aeabi_dmul
                0x080010c8                __muldf3
 .text          0x0800131c      0x168 /usr/lib/gcc/arm-none-eabi/14.2.1/thumb/v7-m/nofp/libgcc.a(_arm_mulsf3.o)
                0x0800131c                __mulsf3
                0x0800131c                __aeabi_fmul
 .text          0x08001484      0x378 /usr/lib/gcc/arm-none-eabi/14.2.1/thumb/v7-m/nofp/libgcc.a(_arm_addsubdf3.o)
                0x08001484                __aeabi_drsub
                0x0800148c                __aeabi_dsub
                0x0800148c                __subdf3
                0x08001490                __adddf3
                0x08001490                __aeabi_dadd
                0x08001708                __aeabi_ui2d
                0x08001708                __floatunsidf
                0x08001728                __floatsidf
                0x08001728                __aeabi_i2d
                0x0800174c                __extendsfdf2
                0x0800174c                __aeabi_f2d
                0x08001790                __aeabi_ul2d
                0x08001790                __floatundidf
                0x080017a0                __floatdidf
                0x080017a0                __aeabi_l2d
 .text          0x080017fc       0x40 /usr/lib/gcc/arm-none-eabi/14.2.1/thumb/v7-m/nofp/libgcc.a(_arm_fixunsdfsi.o)
                0x080017fc                __fixunsdfsi
                0x080017fc                __aeabi_d2uiz
 .text          0x0800183c       0xa0 /usr/lib/gcc/arm-none-eabi/14.2.1/thumb/v7-m/nofp/libgcc.a(_arm_truncdfsf2.o)
                0x0800183c                __aeabi_d2f
                0x0800183c                __truncdfsf2
 .text          0x080018dc      0x21c /usr/lib/gcc/arm-none-eabi/14.2.1/thumb/v7-m/nofp/libgcc.a(_arm_addsubsf3.o)
                0x080018dc                __aeabi_frsub
                0x080018e4                __subsf3
                0x080018e4                __aeabi_fsub
                0x080018e8                __aeabi_fadd
                0x080018e8                __addsf3
                0x08001a48                __aeabi_ui2f
                0x08001a48                __floatunsisf
                0x08001a50                __aeabi_i2f
                0x08001a50                __floatsisf
                0x08001a6c                __floatundisf
                0x08001a6c                __aeabi_ul2f
                0x08001a7c                __floatdisf
                0x08001a7c                __aeabi_l2f
 .text          0x08001af8       0x4c /usr/lib/gcc/arm-none-eabi/14.2.1/thumb/v7-m/nofp/libgcc.a(_arm_fixsfsi.o)
                0x08001af8                __fixsfsi
                0x08001af8                __aeabi_f2iz
 .text          0x08001b44       0x40 /usr/lib/gcc/arm-none-eabi/14.2.1/thumb/v7-m/nofp/libgcc.a(_arm_fixunssfsi.o)
                0x08001b44                __aeabi_f2uiz
                0x08001b44                __fixunssfsi
 *(.text*)
 .text.on_mqtt_message
                0x08001b84       0x2c build_gcc/main.o
                0x08001b84                on_mqtt_message
 .text.bsp_Init
                0x08001bb0       0x70 build_gcc/main.o
                0x08001bb0                bsp_Init
 .text.main     0x08001c20       0x68 build_gcc/main.o
                0x08001c20                main
 .text.NMI_Handler
                0x08001c88        0x2 build_gcc/stm32f10x_it.o
                0x08001c88                NMI_Handler
 .text.HardFault_Handler
                0x08001c8a        0x2 build_gcc/stm32f10x_it.o
                0x08001c8a                HardFault_Handler
 .text.MemManage_Handler
                0x08001c8c        0x2 build_gcc/stm32f10x_it.o
                0x08001c8c                MemManage_Handler
 .text.BusFault_Handler
                0x08001c8e        0x2 build_gcc/stm32f10x_it.o
                0x08001c8e                BusFault_Handler
 .text.UsageFault_Handler
                0x08001c90        0x2 build_gcc/stm32f10x_it.o
                0x08001c90                UsageFault_Handler
 .text.SVC_Handler
                0x08001c92        0x2 build_gcc/stm32f10x_it.o
                0x08001c92                SVC_Handler
 .text.DebugMon_Handler
                0x08001c94        0x2 build_gcc/stm32f10x_it.o
                0x08001c94                DebugMon_Handler
 .text.PendSV_Handler
                0x08001c96        0x2 build_gcc/stm32f10x_it.o
                0x08001c96                PendSV_Handler
 .text.SetSysClockTo72
                0x08001c98       0xc4 build_gcc/system_stm32f10x.o
 .text.SetSysClock
                0x08001d5c        0x8 build_gcc/system_stm32f10x.o
 .text.SystemInit
                0x08001d64       0x50 build_gcc/system_stm32f10x.o
                0x08001d64                SystemInit
 .text.uiCrcCalFunc
                0x08001db4       0x3c build_gcc/crc.o
                0x08001db4                uiCrcCalFunc
 .text._usrk5_to_lower
                0x08001df0       0x12 build_gcc/Net_USRK5.o
 .text._usrk5_stristr
                0x08001e02       0x54 build_gcc/Net_USRK5.o
 *fill*         0x08001e56        0x2 
 .text._usrk5_wait_response
                0x08001e58       0x7c build_gcc/Net_USRK5.o
 .text._usrk5_read_until
                0x08001ed4      0x13c build_gcc/Net_USRK5.o
 .text._usrk5_check_ok
                0x08002010       0x1c build_gcc/Net_USRK5.o
 .text._usrk5_uart_init
                0x0800202c       0xb4 build_gcc/Net_USRK5.o
 .text.usrk5_hw_reset
                0x080020e0       0x2c build_gcc/Net_USRK5.o
                0x080020e0                usrk5_hw_reset
 .text.usrk5_init
                0x0800210c       0x3c build_gcc/Net_USRK5.o
                0x0800210c                usrk5_init
 .text.usrk5_enter_at_mode
                0x08002148       0x8c build_gcc/Net_USRK5.o
                0x08002148                usrk5_enter_at_mode
 .text.usrk5_send_at_cmd
                0x080021d4       0x64 build_gcc/Net_USRK5.o
                0x080021d4                usrk5_send_at_cmd
 .text._usrk5_send_and_confirm
                0x08002238       0x22 build_gcc/Net_USRK5.o
 *fill*         0x0800225a        0x2 
 .text.usrk5_Net_init
                0x0800225c      0x100 build_gcc/Net_USRK5.o
                0x0800225c                usrk5_Net_init
 .text.SysTick_Handler
                0x0800235c       0x10 build_gcc/delay.o
                0x0800235c                SysTick_Handler
 .text.delay_init
                0x0800236c       0x50 build_gcc/delay.o
                0x0800236c                delay_init
 .text.delay_ms
                0x080023bc       0x14 build_gcc/delay.o
                0x080023bc                delay_ms
 .text.get_tick_ms
                0x080023d0        0xc build_gcc/delay.o
                0x080023d0                get_tick_ms
 .text.led_init
                0x080023dc       0x38 build_gcc/led.o
                0x080023dc                led_init
 .text.led_set  0x08002414       0x30 build_gcc/led.o
                0x08002414                led_set
 .text.led_toggle
                0x08002444       0x3c build_gcc/led.o
                0x08002444                led_toggle
 .text.Multiple_modbus_package
                0x08002480       0xc4 build_gcc/modbus.o
                0x08002480                Multiple_modbus_package
 .text.circuit_send_data
                0x08002544       0x14 build_gcc/modbus.o
                0x08002544                circuit_send_data
 .text.sensor_poll_init
                0x08002558       0x1c build_gcc/modbus.o
                0x08002558                sensor_poll_init
 *fill*         0x08002574        0x4 
 .text.sensor_poll_step
                0x08002578      0x790 build_gcc/modbus.o
                0x08002578                sensor_poll_step
 .text._mqtt_get_next_packet_id
                0x08002d08       0x10 build_gcc/mqtt.o
 .text._mqtt_recv_flush
                0x08002d18       0x1c build_gcc/mqtt.o
 .text._mqtt_transport_read
                0x08002d34       0xd4 build_gcc/mqtt.o
 .text._mqtt_wait_first_byte
                0x08002e08       0x9c build_gcc/mqtt.o
 .text.mqtt_init
                0x08002ea4       0x40 build_gcc/mqtt.o
                0x08002ea4                mqtt_init
 .text.mqtt_connect
                0x08002ee4       0xc0 build_gcc/mqtt.o
                0x08002ee4                mqtt_connect
 .text.mqtt_publish
                0x08002fa4       0x7c build_gcc/mqtt.o
                0x08002fa4                mqtt_publish
 .text.mqtt_subscribe
                0x08003020       0xc8 build_gcc/mqtt.o
                0x08003020                mqtt_subscribe
 .text.mqtt_ping
                0x080030e8       0x34 build_gcc/mqtt.o
                0x080030e8                mqtt_ping
 .text.mqtt_yield
                0x0800311c       0xec build_gcc/mqtt.o
                0x0800311c                mqtt_yield
 .text.mqtt_set_message_callback
                0x08003208        0xc build_gcc/mqtt.o
                0x08003208                mqtt_set_message_callback
 .text.mqtt_get_state
                0x08003214        0xc build_gcc/mqtt.o
                0x08003214                mqtt_get_state
 .text.mqtt_loop
                0x08003220      0x1a0 build_gcc/mqtt.o
                0x08003220                mqtt_loop
 .text._uart_tx_write
                0x080033c0       0x76 build_gcc/uart.o
 .text._uart_isr_handler
                0x08003436       0xd8 build_gcc/uart.o
 *fill*         0x0800350e        0x2 
 .text.uart1_init
                0x08003510       0xb4 build_gcc/uart.o
                0x08003510                uart1_init
 .text.uart1_recv_data
                0x080035c4       0x54 build_gcc/uart.o
                0x080035c4                uart1_recv_data
 .text.uart1_clear_rx_flag
                0x08003618       0x14 build_gcc/uart.o
                0x08003618                uart1_clear_rx_flag
 .text.uart2_send_string
                0x0800362c       0x24 build_gcc/uart.o
                0x0800362c                uart2_send_string
 .text.uart2_send_hex
                0x08003650       0x20 build_gcc/uart.o
                0x08003650                uart2_send_hex
 .text.uart2_recv_data
                0x08003670       0x54 build_gcc/uart.o
                0x08003670                uart2_recv_data
 .text.uart2_clear_rx_flag
                0x080036c4       0x14 build_gcc/uart.o
                0x080036c4                uart2_clear_rx_flag
 .text.uart3_init
                0x080036d8       0xbc build_gcc/uart.o
                0x080036d8                uart3_init
 .text.uart3_send_string
                0x08003794       0x24 build_gcc/uart.o
                0x08003794                uart3_send_string
 .text.USART1_IRQHandler
                0x080037b8       0x14 build_gcc/uart.o
                0x080037b8                USART1_IRQHandler
 .text.USART2_IRQHandler
                0x080037cc       0x14 build_gcc/uart.o
                0x080037cc                USART2_IRQHandler
 .text.USART3_IRQHandler
                0x080037e0       0x14 build_gcc/uart.o
                0x080037e0                USART3_IRQHandler
 .text.Serial_transmission_Selection
                0x080037f4       0x60 build_gcc/uart.o
                0x080037f4                Serial_transmission_Selection
 .text.MQTTSerialize_connectLength
                0x08003854       0x88 build_gcc/MQTTConnectClient.o
                0x08003854                MQTTSerialize_connectLength
 .text.MQTTSerialize_connect
                0x080038dc      0x128 build_gcc/MQTTConnectClient.o
                0x080038dc                MQTTSerialize_connect
 .text.MQTTDeserialize_connack
                0x08003a04       0x4c build_gcc/MQTTConnectClient.o
                0x08003a04                MQTTDeserialize_connack
 .text.MQTTSerialize_zero
                0x08003a50       0x34 build_gcc/MQTTConnectClient.o
                0x08003a50                MQTTSerialize_zero
 .text.MQTTSerialize_pingreq
                0x08003a84        0xa build_gcc/MQTTConnectClient.o
                0x08003a84                MQTTSerialize_pingreq
 .text.MQTTDeserialize_publish
                0x08003a8e       0x92 build_gcc/MQTTDeserializePublish.o
                0x08003a8e                MQTTDeserialize_publish
 .text.bufchar  0x08003b20       0x2c build_gcc/MQTTPacket.o
                0x08003b20                bufchar
 .text.MQTTPacket_encode
                0x08003b4c       0x46 build_gcc/MQTTPacket.o
                0x08003b4c                MQTTPacket_encode
 .text.MQTTPacket_decode
                0x08003b92       0x3e build_gcc/MQTTPacket.o
                0x08003b92                MQTTPacket_decode
 .text.MQTTPacket_len
                0x08003bd0       0x28 build_gcc/MQTTPacket.o
                0x08003bd0                MQTTPacket_len
 .text.MQTTPacket_decodeBuf
                0x08003bf8       0x18 build_gcc/MQTTPacket.o
                0x08003bf8                MQTTPacket_decodeBuf
 .text.readInt  0x08003c10       0x10 build_gcc/MQTTPacket.o
                0x08003c10                readInt
 .text.readChar
                0x08003c20        0xc build_gcc/MQTTPacket.o
                0x08003c20                readChar
 .text.writeChar
                0x08003c2c        0xc build_gcc/MQTTPacket.o
                0x08003c2c                writeChar
 .text.writeInt
                0x08003c38       0x2e build_gcc/MQTTPacket.o
                0x08003c38                writeInt
 .text.writeCString
                0x08003c66       0x28 build_gcc/MQTTPacket.o
                0x08003c66                writeCString
 .text.writeMQTTString
                0x08003c8e       0x44 build_gcc/MQTTPacket.o
                0x08003c8e                writeMQTTString
 .text.readMQTTLenString
                0x08003cd2       0x34 build_gcc/MQTTPacket.o
                0x08003cd2                readMQTTLenString
 .text.MQTTstrlen
                0x08003d06       0x1a build_gcc/MQTTPacket.o
                0x08003d06                MQTTstrlen
 .text.MQTTPacket_read
                0x08003d20       0x56 build_gcc/MQTTPacket.o
                0x08003d20                MQTTPacket_read
 .text.MQTTSerialize_publishLength
                0x08003d76       0x26 build_gcc/MQTTSerializePublish.o
                0x08003d76                MQTTSerialize_publishLength
 .text.MQTTSerialize_publish
                0x08003d9c       0x94 build_gcc/MQTTSerializePublish.o
                0x08003d9c                MQTTSerialize_publish
 .text.MQTTSerialize_ack
                0x08003e30       0x52 build_gcc/MQTTSerializePublish.o
                0x08003e30                MQTTSerialize_ack
 .text.MQTTSerialize_puback
                0x08003e82       0x14 build_gcc/MQTTSerializePublish.o
                0x08003e82                MQTTSerialize_puback
 .text.MQTTSerialize_subscribeLength
                0x08003e96       0x2a build_gcc/MQTTSubscribeClient.o
                0x08003e96                MQTTSerialize_subscribeLength
 .text.MQTTSerialize_subscribe
                0x08003ec0       0x9c build_gcc/MQTTSubscribeClient.o
                0x08003ec0                MQTTSerialize_subscribe
 .text.MQTTDeserialize_suback
                0x08003f5c       0x74 build_gcc/MQTTSubscribeClient.o
                0x08003f5c                MQTTDeserialize_suback
 .text.NVIC_Init
                0x08003fd0       0x60 build_gcc/misc.o
                0x08003fd0                NVIC_Init
 .text.GPIO_Init
                0x08004030       0xb0 build_gcc/stm32f10x_gpio.o
                0x08004030                GPIO_Init
 .text.GPIO_ReadOutputDataBit
                0x080040e0        0xe build_gcc/stm32f10x_gpio.o
                0x080040e0                GPIO_ReadOutputDataBit
 .text.GPIO_SetBits
                0x080040ee        0x4 build_gcc/stm32f10x_gpio.o
                0x080040ee                GPIO_SetBits
 .text.GPIO_ResetBits
                0x080040f2        0x4 build_gcc/stm32f10x_gpio.o
                0x080040f2                GPIO_ResetBits
 *fill*         0x080040f6        0x2 
 .text.RCC_GetClocksFreq
                0x080040f8       0xb4 build_gcc/stm32f10x_rcc.o
                0x080040f8                RCC_GetClocksFreq
 .text.RCC_APB2PeriphClockCmd
                0x080041ac       0x1c build_gcc/stm32f10x_rcc.o
                0x080041ac                RCC_APB2PeriphClockCmd
 .text.RCC_APB1PeriphClockCmd
                0x080041c8       0x1c build_gcc/stm32f10x_rcc.o
                0x080041c8                RCC_APB1PeriphClockCmd
 .text.USART_Init
                0x080041e4       0xc4 build_gcc/stm32f10x_usart.o
                0x080041e4                USART_Init
 .text.USART_Cmd
                0x080042a8       0x1c build_gcc/stm32f10x_usart.o
                0x080042a8                USART_Cmd
 .text.USART_ITConfig
                0x080042c4       0x36 build_gcc/stm32f10x_usart.o
                0x080042c4                USART_ITConfig
 .text.USART_GetFlagStatus
                0x080042fa        0xe build_gcc/stm32f10x_usart.o
                0x080042fa                USART_GetFlagStatus
 .text.USART_GetITStatus
                0x08004308       0x4a build_gcc/stm32f10x_usart.o
                0x08004308                USART_GetITStatus
 *fill*         0x08004352        0x2 
 .text.max3485_init
                0x08004354       0x3c build_gcc/max3485.o
                0x08004354                max3485_init
 .text.max3485_U3_init
                0x08004390       0x38 build_gcc/max3485.o
                0x08004390                max3485_U3_init
 .text.max3485_set_mode
                0x080043c8       0x24 build_gcc/max3485.o
                0x080043c8                max3485_set_mode
 .text.max3485_U3_set_mode
                0x080043ec       0x20 build_gcc/max3485.o
                0x080043ec                max3485_U3_set_mode
 .text.max3485_send_data
                0x0800440c       0x80 build_gcc/max3485.o
                0x0800440c                max3485_send_data
 .text.max3485_U3_send_data
                0x0800448c       0x80 build_gcc/max3485.o
                0x0800448c                max3485_U3_send_data
 .text.Reset_Handler
                0x0800450c       0x4c build_gcc/startup_stm32f10x_hd_gcc.o
                0x0800450c                Reset_Handler
 .text.Default_Handler
                0x08004558        0x2 build_gcc/startup_stm32f10x_hd_gcc.o
                0x08004558                EXTI2_IRQHandler
                0x08004558                TIM8_TRG_COM_IRQHandler
                0x08004558                TIM8_CC_IRQHandler
                0x08004558                TIM1_CC_IRQHandler
                0x08004558                TIM6_IRQHandler
                0x08004558                PVD_IRQHandler
                0x08004558                SDIO_IRQHandler
                0x08004558                EXTI3_IRQHandler
                0x08004558                EXTI0_IRQHandler
                0x08004558                I2C2_EV_IRQHandler
                0x08004558                ADC1_2_IRQHandler
                0x08004558                SPI1_IRQHandler
                0x08004558                TAMPER_IRQHandler
                0x08004558                TIM8_UP_IRQHandler
                0x08004558                DMA2_Channel2_IRQHandler
                0x08004558                DMA1_Channel4_IRQHandler
                0x08004558                RTC_IRQHandler
                0x08004558                DMA1_Channel7_IRQHandler
                0x08004558                CAN1_RX1_IRQHandler
                0x08004558                UART5_IRQHandler
                0x08004558                ADC3_IRQHandler
                0x08004558                TIM4_IRQHandler
                0x08004558                DMA2_Channel1_IRQHandler
                0x08004558                I2C1_EV_IRQHandler
                0x08004558                DMA1_Channel6_IRQHandler
                0x08004558                UART4_IRQHandler
                0x08004558                TIM3_IRQHandler
                0x08004558                RCC_IRQHandler
                0x08004558                TIM1_TRG_COM_IRQHandler
                0x08004558                DMA1_Channel1_IRQHandler
                0x08004558                Default_Handler
                0x08004558                EXTI15_10_IRQHandler
                0x08004558                TIM7_IRQHandler
                0x08004558                TIM5_IRQHandler
                0x08004558                EXTI9_5_IRQHandler
                0x08004558                SPI2_IRQHandler
                0x08004558                DMA1_Channel5_IRQHandler
                0x08004558                EXTI4_IRQHandler
                0x08004558                USB_LP_CAN1_RX0_IRQHandler
                0x08004558                USB_HP_CAN1_TX_IRQHandler
                0x08004558                DMA1_Channel3_IRQHandler
                0x08004558                FSMC_IRQHandler
                0x08004558                TIM1_UP_IRQHandler
                0x08004558                WWDG_IRQHandler
                0x08004558                TIM2_IRQHandler
                0x08004558                TIM1_BRK_IRQHandler
                0x08004558                EXTI1_IRQHandler
                0x08004558                RTCAlarm_IRQHandler
                0x08004558                DMA2_Channel4_5_IRQHandler
                0x08004558                I2C2_ER_IRQHandler
                0x08004558                DMA1_Channel2_IRQHandler
                0x08004558                TIM8_BRK_IRQHandler
                0x08004558                CAN1_SCE_IRQHandler
                0x08004558                FLASH_IRQHandler
                0x08004558                SPI3_IRQHandler
                0x08004558                I2C1_ER_IRQHandler
                0x08004558                USBWakeUp_IRQHandler
                0x08004558                DMA2_Channel3_IRQHandler
 *(.glue_7)
 .glue_7        0x0800455a        0x0 linker stubs
 *(.glue_7t)
 .glue_7t       0x0800455a        0x0 linker stubs
 *(.eh_frame)
 *fill*         0x0800455a        0x2 
 .eh_frame      0x0800455c        0x0 /usr/lib/gcc/arm-none-eabi/14.2.1/thumb/v7-m/nofp/crtbegin.o
 *(.init)
 .init          0x0800455c        0x4 /usr/lib/gcc/arm-none-eabi/14.2.1/thumb/v7-m/nofp/crti.o
                0x0800455c                _init
 .init          0x08004560        0x8 /usr/lib/gcc/arm-none-eabi/14.2.1/thumb/v7-m/nofp/crtn.o
 *(.fini)
 .fini          0x08004568        0x4 /usr/lib/gcc/arm-none-eabi/14.2.1/thumb/v7-m/nofp/crti.o
                0x08004568                _fini
 .fini          0x0800456c        0x8 /usr/lib/gcc/arm-none-eabi/14.2.1/thumb/v7-m/nofp/crtn.o
                0x08004574                        . = ALIGN (0x4)
                0x08004574                        _etext = .

.vfp11_veneer   0x08004574        0x0
 .vfp11_veneer  0x08004574        0x0 linker stubs

.v4_bx          0x08004574        0x0
 .v4_bx         0x08004574        0x0 linker stubs

.iplt           0x08004574        0x0
 .iplt          0x08004574        0x0 /usr/lib/gcc/arm-none-eabi/14.2.1/thumb/v7-m/nofp/crtbegin.o

.rodata         0x08004574      0x648
                0x08004574                        . = ALIGN (0x4)
 *(.rodata)
 .rodata        0x08004574       0x58 build_gcc/mqtt.o
 *(.rodata*)
 .rodata.on_mqtt_message.str1.4
                0x080045cc      0x399 build_gcc/main.o
                                 0x13 (size before relaxing)
 .rodata.bsp_Init.str1.4
                0x08004965        0x0 build_gcc/main.o
                                 0x15 (size before relaxing)
 .rodata.main.str1.4
                0x08004965        0x0 build_gcc/main.o
                                 0x69 (size before relaxing)
 *fill*         0x08004965        0x3 
 .rodata.auchCRCLo
                0x08004968      0x100 build_gcc/crc.o
 .rodata.auchCRCHi
                0x08004a68      0x100 build_gcc/crc.o
 .rodata._usrk5_read_until.str1.4
                0x08004b68        0x0 build_gcc/Net_USRK5.o
                                  0x9 (size before relaxing)
 .rodata.usrk5_enter_at_mode.str1.4
                0x08004b68        0x0 build_gcc/Net_USRK5.o
                                  0x6 (size before relaxing)
 .rodata.usrk5_send_at_cmd.str1.4
                0x08004b68        0x0 build_gcc/Net_USRK5.o
                                  0x3 (size before relaxing)
 .rodata.usrk5_exit_at_mode.str1.4
                0x08004b68        0x0 build_gcc/Net_USRK5.o
                                  0x8 (size before relaxing)
 .rodata.usrk5_Net_init.str1.4
                0x08004b68        0x0 build_gcc/Net_USRK5.o
                                0x10e (size before relaxing)
 .rodata.s_led_pin_table
                0x08004b68        0x4 build_gcc/led.o
 .rodata.Multiple_modbus_package.str1.4
                0x08004b6c        0x0 build_gcc/modbus.o
                                 0x13 (size before relaxing)
 .rodata.sensor_poll_step.str1.4
                0x08004b6c        0x0 build_gcc/modbus.o
                                 0x90 (size before relaxing)
 .rodata.hx.0   0x08004b6c        0xb build_gcc/modbus.o
 *fill*         0x08004b77        0x1 
 .rodata.hx.2   0x08004b78       0x11 build_gcc/modbus.o
 *fill*         0x08004b89        0x3 
 .rodata.hex_tbl.3
                0x08004b8c       0x11 build_gcc/modbus.o
 *fill*         0x08004b9d        0x3 
 .rodata.circuit_device_id
                0x08004ba0        0x5 build_gcc/modbus.o
 .rodata.mqtt_connect.str1.4
                0x08004ba5        0x0 build_gcc/mqtt.o
                                 0x11 (size before relaxing)
 .rodata.mqtt_loop.str1.4
                0x08004ba5        0x0 build_gcc/mqtt.o
                                 0xd7 (size before relaxing)
 .rodata.MQTTSerialize_connect.str1.4
                0x08004ba5        0x0 build_gcc/MQTTConnectClient.o
                                  0xf (size before relaxing)
 *fill*         0x08004ba5        0x3 
 .rodata.ADCPrescTable
                0x08004ba8        0x4 build_gcc/stm32f10x_rcc.o
 .rodata.APBAHBPrescTable
                0x08004bac       0x10 build_gcc/stm32f10x_rcc.o
 .rodata.str1.4
                0x08004bbc        0x0 /usr/lib/gcc/arm-none-eabi/14.2.1/../../../arm-none-eabi/lib/thumb/v7-m/nofp/libc_nano.a(libc_a-nano-svfprintf.o)
                                 0x13 (size before relaxing)
 .rodata.str1.4
                0x08004bbc        0x0 /usr/lib/gcc/arm-none-eabi/14.2.1/../../../arm-none-eabi/lib/thumb/v7-m/nofp/libc_nano.a(libc_a-nano-vfprintf_i.o)
                                 0x25 (size before relaxing)
                0x08004bbc                        . = ALIGN (0x4)

.ARM.extab
 *(.ARM.extab* .gnu.linkonce.armextab.*)

.ARM            0x08004bbc        0x8
                0x08004bbc                        __exidx_start = .
 *(.ARM.exidx*)
 .ARM.exidx     0x08004bbc        0x8 /usr/lib/gcc/arm-none-eabi/14.2.1/../../../arm-none-eabi/lib/thumb/v7-m/nofp/libc_nano.a(libc_a-memcpy.o)
                0x08004bc4                        __exidx_end = .

.rel.dyn        0x08004bc4        0x0
 .rel.iplt      0x08004bc4        0x0 /usr/lib/gcc/arm-none-eabi/14.2.1/thumb/v7-m/nofp/crtbegin.o

.preinit_array  0x08004bc4        0x0
                0x08004bc4                        PROVIDE (__preinit_array_start = .)
 *(.preinit_array*)
                0x08004bc4                        PROVIDE (__preinit_array_end = .)

.init_array     0x08004bc4        0x4
                0x08004bc4                        PROVIDE (__init_array_start = .)
 *(SORT_BY_NAME(.init_array.*))
 *(.init_array*)
 .init_array    0x08004bc4        0x4 /usr/lib/gcc/arm-none-eabi/14.2.1/thumb/v7-m/nofp/crtbegin.o
                0x08004bc8                        PROVIDE (__init_array_end = .)

.fini_array     0x08004bc8        0x4
                0x08004bc8                        PROVIDE (__fini_array_start = .)
 *(SORT_BY_NAME(.fini_array.*))
 *(.fini_array*)
 .fini_array    0x08004bc8        0x4 /usr/lib/gcc/arm-none-eabi/14.2.1/thumb/v7-m/nofp/crtbegin.o
                0x08004bcc                        PROVIDE (__fini_array_end = .)
                0x08004bcc                        _sidata = LOADADDR (.data)

.data           0x20000000       0x58 load address 0x08004bcc
                0x20000000                        . = ALIGN (0x4)
                0x20000000                        _sdata = .
 *(.data)
 .data          0x20000000       0x50 /usr/lib/gcc/arm-none-eabi/14.2.1/../../../arm-none-eabi/lib/thumb/v7-m/nofp/libc_nano.a(libc_a-impure.o)
                0x20000000                _impure_ptr
                0x20000004                _impure_data
 *(.data*)
 .data.SystemCoreClock
                0x20000050        0x4 build_gcc/system_stm32f10x.o
                0x20000050                SystemCoreClock
 .data.g_packet_id
                0x20000054        0x2 build_gcc/mqtt.o
                0x20000058                        . = ALIGN (0x4)
 *fill*         0x20000056        0x2 
                0x20000058                        _edata = .

.tm_clone_table
                0x20000058        0x0 load address 0x08004c24
 .tm_clone_table
                0x20000058        0x0 /usr/lib/gcc/arm-none-eabi/14.2.1/thumb/v7-m/nofp/crtbegin.o
 .tm_clone_table
                0x20000058        0x0 /usr/lib/gcc/arm-none-eabi/14.2.1/thumb/v7-m/nofp/crtend.o

.igot.plt       0x20000058        0x0 load address 0x08004c24
 .igot.plt      0x20000058        0x0 /usr/lib/gcc/arm-none-eabi/14.2.1/thumb/v7-m/nofp/crtbegin.o

.bss            0x20000058      0xd4c load address 0x08004c24
                0x20000058                        . = ALIGN (0x4)
                0x20000058                        _sbss = .
                0x20000058                        __bss_start__ = _sbss
 *(.bss)
 .bss           0x20000058       0x1c /usr/lib/gcc/arm-none-eabi/14.2.1/thumb/v7-m/nofp/crtbegin.o
 .bss           0x20000074        0x8 /usr/lib/gcc/arm-none-eabi/14.2.1/../../../arm-none-eabi/lib/thumb/v7-m/nofp/libc_nano.a(libc_a-mallocr.o)
                0x20000074                __malloc_sbrk_start
                0x20000078                __malloc_free_list
 .bss           0x2000007c      0x13c /usr/lib/gcc/arm-none-eabi/14.2.1/../../../arm-none-eabi/lib/thumb/v7-m/nofp/libc_nano.a(libc_a-findfp.o)
                0x2000007c                __sf
                0x200001b4                __stdio_exit_handler
 .bss           0x200001b8        0x4 /usr/lib/gcc/arm-none-eabi/14.2.1/../../../arm-none-eabi/lib/thumb/v7-m/nofp/libc_nano.a(libc_a-reent.o)
                0x200001b8                errno
 .bss           0x200001bc        0x4 /usr/lib/gcc/arm-none-eabi/14.2.1/../../../arm-none-eabi/lib/thumb/v7-m/nofp/libnosys.a(sbrk.o)
 *(.bss*)
 .bss.s_ms_tick
                0x200001c0        0x4 build_gcc/delay.o
 .bss.hex_buf.1
                0x200001c4       0x60 build_gcc/modbus.o
 .bss.g_poll_ctx
                0x20000224        0x8 build_gcc/modbus.o
                0x20000224                g_poll_ctx
 .bss.g_electric_per_done
                0x2000022c        0x5 build_gcc/modbus.o
                0x2000022c                g_electric_per_done
 *fill*         0x20000231        0x3 
 .bss.g_multi_data
                0x20000234       0xac build_gcc/modbus.o
                0x20000234                g_multi_data
 .bss.g_circuit_recv_len
                0x200002e0        0x1 build_gcc/modbus.o
                0x200002e0                g_circuit_recv_len
 *fill*         0x200002e1        0x3 
 .bss.g_circuit_recv_buf
                0x200002e4      0x100 build_gcc/modbus.o
                0x200002e4                g_circuit_recv_buf
 .bss.last_ping_tick.0
                0x200003e4        0x4 build_gcc/mqtt.o
 .bss.g_publish_json_buf
                0x200003e8      0x100 build_gcc/mqtt.o
 .bss.g_recv_buf
                0x200004e8      0x200 build_gcc/mqtt.o
 .bss.g_send_buf
                0x200006e8      0x200 build_gcc/mqtt.o
 .bss.g_on_message_cb
                0x200008e8        0x4 build_gcc/mqtt.o
 .bss.g_mqtt_state
                0x200008ec        0x1 build_gcc/mqtt.o
 *fill*         0x200008ed        0x3 
 .bss.g_uart3_dev
                0x200008f0      0x18e build_gcc/uart.o
                0x200008f0                g_uart3_dev
 *fill*         0x20000a7e        0x2 
 .bss.g_uart2_dev
                0x20000a80      0x18e build_gcc/uart.o
                0x20000a80                g_uart2_dev
 *fill*         0x20000c0e        0x2 
 .bss.g_uart1_dev
                0x20000c10      0x18e build_gcc/uart.o
                0x20000c10                g_uart1_dev
 *fill*         0x20000d9e        0x2 
 .bss.bufptr    0x20000da0        0x4 build_gcc/MQTTPacket.o
 *(COMMON)
                0x20000da4                        . = ALIGN (0x4)
                0x20000da4                        _ebss = .
                0x20000da4                        __bss_end__ = _ebss

._user_heap_stack
                0x20000da4     0x1004 load address 0x08004c24
                0x20000da8                        . = ALIGN (0x8)
 *fill*         0x20000da4        0x4 
                0x20000da8                        PROVIDE (end = .)
                [!provide]                        PROVIDE (_end = .)
                0x200011a8                        . = (. + _Min_Heap_Size)
 *fill*         0x20000da8      0x400 
                0x20001da8                        . = (. + _Min_Stack_Size)
 *fill*         0x200011a8      0xc00 
                0x20001da8                        . = ALIGN (0x8)

/DISCARD/
 libc.a(*)
 libm.a(*)
 libgcc.a(*)

.ARM.attributes
                0x00000000       0x29
 *(.ARM.attributes)
 .ARM.attributes
                0x00000000       0x1d /usr/lib/gcc/arm-none-eabi/14.2.1/thumb/v7-m/nofp/crti.o
 .ARM.attributes
                0x0000001d       0x2d /usr/lib/gcc/arm-none-eabi/14.2.1/thumb/v7-m/nofp/crtbegin.o
 .ARM.attributes
                0x0000004a       0x2d build_gcc/main.o
 .ARM.attributes
                0x00000077       0x2d build_gcc/stm32f10x_it.o
 .ARM.attributes
                0x000000a4       0x2d build_gcc/system_stm32f10x.o
 .ARM.attributes
                0x000000d1       0x2d build_gcc/crc.o
 .ARM.attributes
                0x000000fe       0x2d build_gcc/Net_USRK5.o
 .ARM.attributes
                0x0000012b       0x2d build_gcc/delay.o
 .ARM.attributes
                0x00000158       0x2d build_gcc/led.o
 .ARM.attributes
                0x00000185       0x2d build_gcc/modbus.o
 .ARM.attributes
                0x000001b2       0x2d build_gcc/mqtt.o
 .ARM.attributes
                0x000001df       0x2d build_gcc/uart.o
 .ARM.attributes
                0x0000020c       0x2d build_gcc/MQTTConnectClient.o
 .ARM.attributes
                0x00000239       0x2d build_gcc/MQTTDeserializePublish.o
 .ARM.attributes
                0x00000266       0x2d build_gcc/MQTTPacket.o
 .ARM.attributes
                0x00000293       0x2d build_gcc/MQTTSerializePublish.o
 .ARM.attributes
                0x000002c0       0x2d build_gcc/MQTTSubscribeClient.o
 .ARM.attributes
                0x000002ed       0x2d build_gcc/misc.o
 .ARM.attributes
                0x0000031a       0x2d build_gcc/stm32f10x_gpio.o
 .ARM.attributes
                0x00000347       0x2d build_gcc/stm32f10x_rcc.o
 .ARM.attributes
                0x00000374       0x2d build_gcc/stm32f10x_usart.o
 .ARM.attributes
                0x000003a1       0x2d build_gcc/max3485.o
 .ARM.attributes
                0x000003ce       0x21 build_gcc/startup_stm32f10x_hd_gcc.o
 .ARM.attributes
                0x000003ef       0x2d /usr/lib/gcc/arm-none-eabi/14.2.1/../../../arm-none-eabi/lib/thumb/v7-m/nofp/libc_nano.a(libc_a-snprintf.o)
 .ARM.attributes
                0x0000041c       0x2d /usr/lib/gcc/arm-none-eabi/14.2.1/../../../arm-none-eabi/lib/thumb/v7-m/nofp/libc_nano.a(libc_a-impure.o)
 .ARM.attributes
                0x00000449       0x1b /usr/lib/gcc/arm-none-eabi/14.2.1/../../../arm-none-eabi/lib/thumb/v7-m/nofp/libc_nano.a(libc_a-memcpy.o)
 .ARM.attributes
                0x00000464       0x2d /usr/lib/gcc/arm-none-eabi/14.2.1/../../../arm-none-eabi/lib/thumb/v7-m/nofp/libc_nano.a(libc_a-nano-svfprintf.o)
 .ARM.attributes
                0x00000491       0x2d /usr/lib/gcc/arm-none-eabi/14.2.1/../../../arm-none-eabi/lib/thumb/v7-m/nofp/libc_nano.a(libc_a-memmove.o)
 .ARM.attributes
                0x000004be       0x2d /usr/lib/gcc/arm-none-eabi/14.2.1/../../../arm-none-eabi/lib/thumb/v7-m/nofp/libc_nano.a(libc_a-mallocr.o)
 .ARM.attributes
                0x000004eb       0x2d /usr/lib/gcc/arm-none-eabi/14.2.1/../../../arm-none-eabi/lib/thumb/v7-m/nofp/libc_nano.a(libc_a-freer.o)
 .ARM.attributes
                0x00000518       0x2d /usr/lib/gcc/arm-none-eabi/14.2.1/../../../arm-none-eabi/lib/thumb/v7-m/nofp/libc_nano.a(libc_a-memset.o)
 .ARM.attributes
                0x00000545       0x2d /usr/lib/gcc/arm-none-eabi/14.2.1/../../../arm-none-eabi/lib/thumb/v7-m/nofp/libc_nano.a(libc_a-reallocr.o)
 .ARM.attributes
                0x00000572       0x2d /usr/lib/gcc/arm-none-eabi/14.2.1/../../../arm-none-eabi/lib/thumb/v7-m/nofp/libc_nano.a(libc_a-strlen-stub.o)
 .ARM.attributes
                0x0000059f       0x2d /usr/lib/gcc/arm-none-eabi/14.2.1/../../../arm-none-eabi/lib/thumb/v7-m/nofp/libc_nano.a(libc_a-mlock.o)
 .ARM.attributes
                0x000005cc       0x2d /usr/lib/gcc/arm-none-eabi/14.2.1/../../../arm-none-eabi/lib/thumb/v7-m/nofp/libc_nano.a(libc_a-memchr-stub.o)
 .ARM.attributes
                0x000005f9       0x2d /usr/lib/gcc/arm-none-eabi/14.2.1/../../../arm-none-eabi/lib/thumb/v7-m/nofp/libc_nano.a(libc_a-nano-vfprintf_i.o)
 .ARM.attributes
                0x00000626       0x2d /usr/lib/gcc/arm-none-eabi/14.2.1/../../../arm-none-eabi/lib/thumb/v7-m/nofp/libc_nano.a(libc_a-findfp.o)
 .ARM.attributes
                0x00000653       0x2d /usr/lib/gcc/arm-none-eabi/14.2.1/../../../arm-none-eabi/lib/thumb/v7-m/nofp/libc_nano.a(libc_a-msizer.o)
 .ARM.attributes
                0x00000680       0x2d /usr/lib/gcc/arm-none-eabi/14.2.1/../../../arm-none-eabi/lib/thumb/v7-m/nofp/libc_nano.a(libc_a-sbrkr.o)
 .ARM.attributes
                0x000006ad       0x2d /usr/lib/gcc/arm-none-eabi/14.2.1/../../../arm-none-eabi/lib/thumb/v7-m/nofp/libc_nano.a(libc_a-reent.o)
 .ARM.attributes
                0x000006da       0x2d /usr/lib/gcc/arm-none-eabi/14.2.1/../../../arm-none-eabi/lib/thumb/v7-m/nofp/libnosys.a(sbrk.o)
 .ARM.attributes
                0x00000707       0x1d /usr/lib/gcc/arm-none-eabi/14.2.1/thumb/v7-m/nofp/libgcc.a(_arm_muldf3.o)
 .ARM.attributes
                0x00000724       0x1d /usr/lib/gcc/arm-none-eabi/14.2.1/thumb/v7-m/nofp/libgcc.a(_arm_mulsf3.o)
 .ARM.attributes
                0x00000741       0x1d /usr/lib/gcc/arm-none-eabi/14.2.1/thumb/v7-m/nofp/libgcc.a(_arm_addsubdf3.o)
 .ARM.attributes
                0x0000075e       0x1d /usr/lib/gcc/arm-none-eabi/14.2.1/thumb/v7-m/nofp/libgcc.a(_arm_fixunsdfsi.o)
 .ARM.attributes
                0x0000077b       0x1d /usr/lib/gcc/arm-none-eabi/14.2.1/thumb/v7-m/nofp/libgcc.a(_arm_truncdfsf2.o)
 .ARM.attributes
                0x00000798       0x1d /usr/lib/gcc/arm-none-eabi/14.2.1/thumb/v7-m/nofp/libgcc.a(_arm_addsubsf3.o)
 .ARM.attributes
                0x000007b5       0x1d /usr/lib/gcc/arm-none-eabi/14.2.1/thumb/v7-m/nofp/libgcc.a(_arm_fixsfsi.o)
 .ARM.attributes
                0x000007d2       0x1d /usr/lib/gcc/arm-none-eabi/14.2.1/thumb/v7-m/nofp/libgcc.a(_arm_fixunssfsi.o)
 .ARM.attributes
                0x000007ef       0x2d /usr/lib/gcc/arm-none-eabi/14.2.1/thumb/v7-m/nofp/crtend.o
 .ARM.attributes
                0x0000081c       0x1d /usr/lib/gcc/arm-none-eabi/14.2.1/thumb/v7-m/nofp/crtn.o
OUTPUT(build_gcc/MCU_485Gateway.elf elf32-littlearm)
LOAD linker stubs
LOAD /usr/lib/gcc/arm-none-eabi/14.2.1/../../../arm-none-eabi/lib/thumb/v7-m/nofp/libc.a
LOAD /usr/lib/gcc/arm-none-eabi/14.2.1/../../../arm-none-eabi/lib/thumb/v7-m/nofp/libm.a
LOAD /usr/lib/gcc/arm-none-eabi/14.2.1/thumb/v7-m/nofp/libgcc.a

.comment        0x00000000       0x26
 .comment       0x00000000       0x26 /usr/lib/gcc/arm-none-eabi/14.2.1/thumb/v7-m/nofp/crtbegin.o
                                 0x27 (size before relaxing)
 .comment       0x00000026        0x0 build_gcc/main.o
                                 0x27 (size before relaxing)
 .comment       0x00000026        0x0 build_gcc/stm32f10x_it.o
                                 0x27 (size before relaxing)
 .comment       0x00000026        0x0 build_gcc/system_stm32f10x.o
                                 0x27 (size before relaxing)
 .comment       0x00000026        0x0 build_gcc/crc.o
                                 0x27 (size before relaxing)
 .comment       0x00000026        0x0 build_gcc/Net_USRK5.o
                                 0x27 (size before relaxing)
 .comment       0x00000026        0x0 build_gcc/delay.o
                                 0x27 (size before relaxing)
 .comment       0x00000026        0x0 build_gcc/led.o
                                 0x27 (size before relaxing)
 .comment       0x00000026        0x0 build_gcc/modbus.o
                                 0x27 (size before relaxing)
 .comment       0x00000026        0x0 build_gcc/mqtt.o
                                 0x27 (size before relaxing)
 .comment       0x00000026        0x0 build_gcc/uart.o
                                 0x27 (size before relaxing)
 .comment       0x00000026        0x0 build_gcc/MQTTConnectClient.o
                                 0x27 (size before relaxing)
 .comment       0x00000026        0x0 build_gcc/MQTTDeserializePublish.o
                                 0x27 (size before relaxing)
 .comment       0x00000026        0x0 build_gcc/MQTTPacket.o
                                 0x27 (size before relaxing)
 .comment       0x00000026        0x0 build_gcc/MQTTSerializePublish.o
                                 0x27 (size before relaxing)
 .comment       0x00000026        0x0 build_gcc/MQTTSubscribeClient.o
                                 0x27 (size before relaxing)
 .comment       0x00000026        0x0 build_gcc/misc.o
                                 0x27 (size before relaxing)
 .comment       0x00000026        0x0 build_gcc/stm32f10x_gpio.o
                                 0x27 (size before relaxing)
 .comment       0x00000026        0x0 build_gcc/stm32f10x_rcc.o
                                 0x27 (size before relaxing)
 .comment       0x00000026        0x0 build_gcc/stm32f10x_usart.o
                                 0x27 (size before relaxing)
 .comment       0x00000026        0x0 build_gcc/max3485.o
                                 0x27 (size before relaxing)
 .comment       0x00000026        0x0 /usr/lib/gcc/arm-none-eabi/14.2.1/../../../arm-none-eabi/lib/thumb/v7-m/nofp/libc_nano.a(libc_a-snprintf.o)
                                 0x27 (size before relaxing)
 .comment       0x00000026        0x0 /usr/lib/gcc/arm-none-eabi/14.2.1/../../../arm-none-eabi/lib/thumb/v7-m/nofp/libc_nano.a(libc_a-impure.o)
                                 0x27 (size before relaxing)
 .comment       0x00000026        0x0 /usr/lib/gcc/arm-none-eabi/14.2.1/../../../arm-none-eabi/lib/thumb/v7-m/nofp/libc_nano.a(libc_a-nano-svfprintf.o)
                                 0x27 (size before relaxing)
 .comment       0x00000026        0x0 /usr/lib/gcc/arm-none-eabi/14.2.1/../../../arm-none-eabi/lib/thumb/v7-m/nofp/libc_nano.a(libc_a-memmove.o)
                                 0x27 (size before relaxing)
 .comment       0x00000026        0x0 /usr/lib/gcc/arm-none-eabi/14.2.1/../../../arm-none-eabi/lib/thumb/v7-m/nofp/libc_nano.a(libc_a-mallocr.o)
                                 0x27 (size before relaxing)
 .comment       0x00000026        0x0 /usr/lib/gcc/arm-none-eabi/14.2.1/../../../arm-none-eabi/lib/thumb/v7-m/nofp/libc_nano.a(libc_a-freer.o)
                                 0x27 (size before relaxing)
 .comment       0x00000026        0x0 /usr/lib/gcc/arm-none-eabi/14.2.1/../../../arm-none-eabi/lib/thumb/v7-m/nofp/libc_nano.a(libc_a-memset.o)
                                 0x27 (size before relaxing)
 .comment       0x00000026        0x0 /usr/lib/gcc/arm-none-eabi/14.2.1/../../../arm-none-eabi/lib/thumb/v7-m/nofp/libc_nano.a(libc_a-reallocr.o)
                                 0x27 (size before relaxing)
 .comment       0x00000026        0x0 /usr/lib/gcc/arm-none-eabi/14.2.1/../../../arm-none-eabi/lib/thumb/v7-m/nofp/libc_nano.a(libc_a-strlen-stub.o)
                                 0x27 (size before relaxing)
 .comment       0x00000026        0x0 /usr/lib/gcc/arm-none-eabi/14.2.1/../../../arm-none-eabi/lib/thumb/v7-m/nofp/libc_nano.a(libc_a-mlock.o)
                                 0x27 (size before relaxing)
 .comment       0x00000026        0x0 /usr/lib/gcc/arm-none-eabi/14.2.1/../../../arm-none-eabi/lib/thumb/v7-m/nofp/libc_nano.a(libc_a-memchr-stub.o)
                                 0x27 (size before relaxing)
 .comment       0x00000026        0x0 /usr/lib/gcc/arm-none-eabi/14.2.1/../../../arm-none-eabi/lib/thumb/v7-m/nofp/libc_nano.a(libc_a-nano-vfprintf_i.o)
                                 0x27 (size before relaxing)
 .comment       0x00000026        0x0 /usr/lib/gcc/arm-none-eabi/14.2.1/../../../arm-none-eabi/lib/thumb/v7-m/nofp/libc_nano.a(libc_a-findfp.o)
                                 0x27 (size before relaxing)
 .comment       0x00000026        0x0 /usr/lib/gcc/arm-none-eabi/14.2.1/../../../arm-none-eabi/lib/thumb/v7-m/nofp/libc_nano.a(libc_a-msizer.o)
                                 0x27 (size before relaxing)
 .comment       0x00000026        0x0 /usr/lib/gcc/arm-none-eabi/14.2.1/../../../arm-none-eabi/lib/thumb/v7-m/nofp/libc_nano.a(libc_a-sbrkr.o)
                                 0x27 (size before relaxing)
 .comment       0x00000026        0x0 /usr/lib/gcc/arm-none-eabi/14.2.1/../../../arm-none-eabi/lib/thumb/v7-m/nofp/libc_nano.a(libc_a-reent.o)
                                 0x27 (size before relaxing)
 .comment       0x00000026        0x0 /usr/lib/gcc/arm-none-eabi/14.2.1/../../../arm-none-eabi/lib/thumb/v7-m/nofp/libnosys.a(sbrk.o)
                                 0x27 (size before relaxing)
 .comment       0x00000026        0x0 /usr/lib/gcc/arm-none-eabi/14.2.1/thumb/v7-m/nofp/crtend.o
                                 0x27 (size before relaxing)

.debug_info     0x00000000     0x7f2e
 .debug_info    0x00000000      0x8ff /usr/lib/gcc/arm-none-eabi/14.2.1/../../../arm-none-eabi/lib/thumb/v7-m/nofp/libc_nano.a(libc_a-snprintf.o)
 .debug_info    0x000008ff      0x70b /usr/lib/gcc/arm-none-eabi/14.2.1/../../../arm-none-eabi/lib/thumb/v7-m/nofp/libc_nano.a(libc_a-impure.o)
 .debug_info    0x0000100a       0x33 /usr/lib/gcc/arm-none-eabi/14.2.1/../../../arm-none-eabi/lib/thumb/v7-m/nofp/libc_nano.a(libc_a-memcpy.o)
 .debug_info    0x0000103d     0x1097 /usr/lib/gcc/arm-none-eabi/14.2.1/../../../arm-none-eabi/lib/thumb/v7-m/nofp/libc_nano.a(libc_a-nano-svfprintf.o)
 .debug_info    0x000020d4      0x148 /usr/lib/gcc/arm-none-eabi/14.2.1/../../../arm-none-eabi/lib/thumb/v7-m/nofp/libc_nano.a(libc_a-memmove.o)
 .debug_info    0x0000221c      0x9b6 /usr/lib/gcc/arm-none-eabi/14.2.1/../../../arm-none-eabi/lib/thumb/v7-m/nofp/libc_nano.a(libc_a-mallocr.o)
 .debug_info    0x00002bd2      0x87f /usr/lib/gcc/arm-none-eabi/14.2.1/../../../arm-none-eabi/lib/thumb/v7-m/nofp/libc_nano.a(libc_a-freer.o)
 .debug_info    0x00003451      0x135 /usr/lib/gcc/arm-none-eabi/14.2.1/../../../arm-none-eabi/lib/thumb/v7-m/nofp/libc_nano.a(libc_a-memset.o)
 .debug_info    0x00003586      0x8cd /usr/lib/gcc/arm-none-eabi/14.2.1/../../../arm-none-eabi/lib/thumb/v7-m/nofp/libc_nano.a(libc_a-reallocr.o)
 .debug_info    0x00003e53       0xbd /usr/lib/gcc/arm-none-eabi/14.2.1/../../../arm-none-eabi/lib/thumb/v7-m/nofp/libc_nano.a(libc_a-strlen-stub.o)
 .debug_info    0x00003f10      0x71c /usr/lib/gcc/arm-none-eabi/14.2.1/../../../arm-none-eabi/lib/thumb/v7-m/nofp/libc_nano.a(libc_a-mlock.o)
 .debug_info    0x0000462c      0x144 /usr/lib/gcc/arm-none-eabi/14.2.1/../../../arm-none-eabi/lib/thumb/v7-m/nofp/libc_nano.a(libc_a-memchr-stub.o)
 .debug_info    0x00004770      0xdd7 /usr/lib/gcc/arm-none-eabi/14.2.1/../../../arm-none-eabi/lib/thumb/v7-m/nofp/libc_nano.a(libc_a-nano-vfprintf_i.o)
 .debug_info    0x00005547      0xe8c /usr/lib/gcc/arm-none-eabi/14.2.1/../../../arm-none-eabi/lib/thumb/v7-m/nofp/libc_nano.a(libc_a-findfp.o)
 .debug_info    0x000063d3      0x78a /usr/lib/gcc/arm-none-eabi/14.2.1/../../../arm-none-eabi/lib/thumb/v7-m/nofp/libc_nano.a(libc_a-msizer.o)
 .debug_info    0x00006b5d      0x778 /usr/lib/gcc/arm-none-eabi/14.2.1/../../../arm-none-eabi/lib/thumb/v7-m/nofp/libc_nano.a(libc_a-sbrkr.o)
 .debug_info    0x000072d5      0x89f /usr/lib/gcc/arm-none-eabi/14.2.1/../../../arm-none-eabi/lib/thumb/v7-m/nofp/libc_nano.a(libc_a-reent.o)
 .debug_info    0x00007b74       0xac /usr/lib/gcc/arm-none-eabi/14.2.1/../../../arm-none-eabi/lib/thumb/v7-m/nofp/libnosys.a(sbrk.o)
 .debug_info    0x00007c20       0x3f /usr/lib/gcc/arm-none-eabi/14.2.1/thumb/v7-m/nofp/libgcc.a(_arm_muldf3.o)
 .debug_info    0x00007c5f       0x3f /usr/lib/gcc/arm-none-eabi/14.2.1/thumb/v7-m/nofp/libgcc.a(_arm_mulsf3.o)
 .debug_info    0x00007c9e       0xd3 /usr/lib/gcc/arm-none-eabi/14.2.1/thumb/v7-m/nofp/libgcc.a(_arm_addsubdf3.o)
 .debug_info    0x00007d71       0x3c /usr/lib/gcc/arm-none-eabi/14.2.1/thumb/v7-m/nofp/libgcc.a(_arm_fixunsdfsi.o)
 .debug_info    0x00007dad       0x3f /usr/lib/gcc/arm-none-eabi/14.2.1/thumb/v7-m/nofp/libgcc.a(_arm_truncdfsf2.o)
 .debug_info    0x00007dec       0xca /usr/lib/gcc/arm-none-eabi/14.2.1/thumb/v7-m/nofp/libgcc.a(_arm_addsubsf3.o)
 .debug_info    0x00007eb6       0x3c /usr/lib/gcc/arm-none-eabi/14.2.1/thumb/v7-m/nofp/libgcc.a(_arm_fixsfsi.o)
 .debug_info    0x00007ef2       0x3c /usr/lib/gcc/arm-none-eabi/14.2.1/thumb/v7-m/nofp/libgcc.a(_arm_fixunssfsi.o)

.debug_abbrev   0x00000000     0x1fa0
 .debug_abbrev  0x00000000      0x23c /usr/lib/gcc/arm-none-eabi/14.2.1/../../../arm-none-eabi/lib/thumb/v7-m/nofp/libc_nano.a(libc_a-snprintf.o)
 .debug_abbrev  0x0000023c      0x149 /usr/lib/gcc/arm-none-eabi/14.2.1/../../../arm-none-eabi/lib/thumb/v7-m/nofp/libc_nano.a(libc_a-impure.o)
 .debug_abbrev  0x00000385       0x28 /usr/lib/gcc/arm-none-eabi/14.2.1/../../../arm-none-eabi/lib/thumb/v7-m/nofp/libc_nano.a(libc_a-memcpy.o)
 .debug_abbrev  0x000003ad      0x32f /usr/lib/gcc/arm-none-eabi/14.2.1/../../../arm-none-eabi/lib/thumb/v7-m/nofp/libc_nano.a(libc_a-nano-svfprintf.o)
 .debug_abbrev  0x000006dc       0xc3 /usr/lib/gcc/arm-none-eabi/14.2.1/../../../arm-none-eabi/lib/thumb/v7-m/nofp/libc_nano.a(libc_a-memmove.o)
 .debug_abbrev  0x0000079f      0x24a /usr/lib/gcc/arm-none-eabi/14.2.1/../../../arm-none-eabi/lib/thumb/v7-m/nofp/libc_nano.a(libc_a-mallocr.o)
 .debug_abbrev  0x000009e9      0x249 /usr/lib/gcc/arm-none-eabi/14.2.1/../../../arm-none-eabi/lib/thumb/v7-m/nofp/libc_nano.a(libc_a-freer.o)
 .debug_abbrev  0x00000c32       0xb7 /usr/lib/gcc/arm-none-eabi/14.2.1/../../../arm-none-eabi/lib/thumb/v7-m/nofp/libc_nano.a(libc_a-memset.o)
 .debug_abbrev  0x00000ce9      0x20c /usr/lib/gcc/arm-none-eabi/14.2.1/../../../arm-none-eabi/lib/thumb/v7-m/nofp/libc_nano.a(libc_a-reallocr.o)
 .debug_abbrev  0x00000ef5       0x78 /usr/lib/gcc/arm-none-eabi/14.2.1/../../../arm-none-eabi/lib/thumb/v7-m/nofp/libc_nano.a(libc_a-strlen-stub.o)
 .debug_abbrev  0x00000f6d      0x192 /usr/lib/gcc/arm-none-eabi/14.2.1/../../../arm-none-eabi/lib/thumb/v7-m/nofp/libc_nano.a(libc_a-mlock.o)
 .debug_abbrev  0x000010ff       0xd8 /usr/lib/gcc/arm-none-eabi/14.2.1/../../../arm-none-eabi/lib/thumb/v7-m/nofp/libc_nano.a(libc_a-memchr-stub.o)
 .debug_abbrev  0x000011d7      0x284 /usr/lib/gcc/arm-none-eabi/14.2.1/../../../arm-none-eabi/lib/thumb/v7-m/nofp/libc_nano.a(libc_a-nano-vfprintf_i.o)
 .debug_abbrev  0x0000145b      0x408 /usr/lib/gcc/arm-none-eabi/14.2.1/../../../arm-none-eabi/lib/thumb/v7-m/nofp/libc_nano.a(libc_a-findfp.o)
 .debug_abbrev  0x00001863      0x196 /usr/lib/gcc/arm-none-eabi/14.2.1/../../../arm-none-eabi/lib/thumb/v7-m/nofp/libc_nano.a(libc_a-msizer.o)
 .debug_abbrev  0x000019f9      0x1da /usr/lib/gcc/arm-none-eabi/14.2.1/../../../arm-none-eabi/lib/thumb/v7-m/nofp/libc_nano.a(libc_a-sbrkr.o)
 .debug_abbrev  0x00001bd3      0x1ee /usr/lib/gcc/arm-none-eabi/14.2.1/../../../arm-none-eabi/lib/thumb/v7-m/nofp/libc_nano.a(libc_a-reent.o)
 .debug_abbrev  0x00001dc1       0xa3 /usr/lib/gcc/arm-none-eabi/14.2.1/../../../arm-none-eabi/lib/thumb/v7-m/nofp/libnosys.a(sbrk.o)
 .debug_abbrev  0x00001e64       0x26 /usr/lib/gcc/arm-none-eabi/14.2.1/thumb/v7-m/nofp/libgcc.a(_arm_muldf3.o)
 .debug_abbrev  0x00001e8a       0x26 /usr/lib/gcc/arm-none-eabi/14.2.1/thumb/v7-m/nofp/libgcc.a(_arm_mulsf3.o)
 .debug_abbrev  0x00001eb0       0x28 /usr/lib/gcc/arm-none-eabi/14.2.1/thumb/v7-m/nofp/libgcc.a(_arm_addsubdf3.o)
 .debug_abbrev  0x00001ed8       0x28 /usr/lib/gcc/arm-none-eabi/14.2.1/thumb/v7-m/nofp/libgcc.a(_arm_fixunsdfsi.o)
 .debug_abbrev  0x00001f00       0x28 /usr/lib/gcc/arm-none-eabi/14.2.1/thumb/v7-m/nofp/libgcc.a(_arm_truncdfsf2.o)
 .debug_abbrev  0x00001f28       0x28 /usr/lib/gcc/arm-none-eabi/14.2.1/thumb/v7-m/nofp/libgcc.a(_arm_addsubsf3.o)
 .debug_abbrev  0x00001f50       0x28 /usr/lib/gcc/arm-none-eabi/14.2.1/thumb/v7-m/nofp/libgcc.a(_arm_fixsfsi.o)
 .debug_abbrev  0x00001f78       0x28 /usr/lib/gcc/arm-none-eabi/14.2.1/thumb/v7-m/nofp/libgcc.a(_arm_fixunssfsi.o)

.debug_loclists
                0x00000000     0x195c
 .debug_loclists
                0x00000000      0x214 /usr/lib/gcc/arm-none-eabi/14.2.1/../../../arm-none-eabi/lib/thumb/v7-m/nofp/libc_nano.a(libc_a-snprintf.o)
 .debug_loclists
                0x00000214      0x4e8 /usr/lib/gcc/arm-none-eabi/14.2.1/../../../arm-none-eabi/lib/thumb/v7-m/nofp/libc_nano.a(libc_a-nano-svfprintf.o)
 .debug_loclists
                0x000006fc      0x37b /usr/lib/gcc/arm-none-eabi/14.2.1/../../../arm-none-eabi/lib/thumb/v7-m/nofp/libc_nano.a(libc_a-memmove.o)
 .debug_loclists
                0x00000a77      0x273 /usr/lib/gcc/arm-none-eabi/14.2.1/../../../arm-none-eabi/lib/thumb/v7-m/nofp/libc_nano.a(libc_a-mallocr.o)
 .debug_loclists
                0x00000cea      0x164 /usr/lib/gcc/arm-none-eabi/14.2.1/../../../arm-none-eabi/lib/thumb/v7-m/nofp/libc_nano.a(libc_a-freer.o)
 .debug_loclists
                0x00000e4e      0x17f /usr/lib/gcc/arm-none-eabi/14.2.1/../../../arm-none-eabi/lib/thumb/v7-m/nofp/libc_nano.a(libc_a-memset.o)
 .debug_loclists
                0x00000fcd      0x102 /usr/lib/gcc/arm-none-eabi/14.2.1/../../../arm-none-eabi/lib/thumb/v7-m/nofp/libc_nano.a(libc_a-reallocr.o)
 .debug_loclists
                0x000010cf       0x29 /usr/lib/gcc/arm-none-eabi/14.2.1/../../../arm-none-eabi/lib/thumb/v7-m/nofp/libc_nano.a(libc_a-strlen-stub.o)
 .debug_loclists
                0x000010f8       0xfe /usr/lib/gcc/arm-none-eabi/14.2.1/../../../arm-none-eabi/lib/thumb/v7-m/nofp/libc_nano.a(libc_a-memchr-stub.o)
 .debug_loclists
                0x000011f6      0x442 /usr/lib/gcc/arm-none-eabi/14.2.1/../../../arm-none-eabi/lib/thumb/v7-m/nofp/libc_nano.a(libc_a-nano-vfprintf_i.o)
 .debug_loclists
                0x00001638      0x1d0 /usr/lib/gcc/arm-none-eabi/14.2.1/../../../arm-none-eabi/lib/thumb/v7-m/nofp/libc_nano.a(libc_a-findfp.o)
 .debug_loclists
                0x00001808       0x59 /usr/lib/gcc/arm-none-eabi/14.2.1/../../../arm-none-eabi/lib/thumb/v7-m/nofp/libc_nano.a(libc_a-msizer.o)
 .debug_loclists
                0x00001861       0x4b /usr/lib/gcc/arm-none-eabi/14.2.1/../../../arm-none-eabi/lib/thumb/v7-m/nofp/libc_nano.a(libc_a-sbrkr.o)
 .debug_loclists
                0x000018ac       0x80 /usr/lib/gcc/arm-none-eabi/14.2.1/../../../arm-none-eabi/lib/thumb/v7-m/nofp/libc_nano.a(libc_a-reent.o)
 .debug_loclists
                0x0000192c       0x30 /usr/lib/gcc/arm-none-eabi/14.2.1/../../../arm-none-eabi/lib/thumb/v7-m/nofp/libnosys.a(sbrk.o)

.debug_aranges  0x00000000      0x338
 .debug_aranges
                0x00000000       0x20 /usr/lib/gcc/arm-none-eabi/14.2.1/../../../arm-none-eabi/lib/thumb/v7-m/nofp/libc_nano.a(libc_a-snprintf.o)
 .debug_aranges
                0x00000020       0x18 /usr/lib/gcc/arm-none-eabi/14.2.1/../../../arm-none-eabi/lib/thumb/v7-m/nofp/libc_nano.a(libc_a-impure.o)
 .debug_aranges
                0x00000038       0x20 /usr/lib/gcc/arm-none-eabi/14.2.1/../../../arm-none-eabi/lib/thumb/v7-m/nofp/libc_nano.a(libc_a-memcpy.o)
 .debug_aranges
                0x00000058       0x20 /usr/lib/gcc/arm-none-eabi/14.2.1/../../../arm-none-eabi/lib/thumb/v7-m/nofp/libc_nano.a(libc_a-nano-svfprintf.o)
 .debug_aranges
                0x00000078       0x20 /usr/lib/gcc/arm-none-eabi/14.2.1/../../../arm-none-eabi/lib/thumb/v7-m/nofp/libc_nano.a(libc_a-memmove.o)
 .debug_aranges
                0x00000098       0x20 /usr/lib/gcc/arm-none-eabi/14.2.1/../../../arm-none-eabi/lib/thumb/v7-m/nofp/libc_nano.a(libc_a-mallocr.o)
 .debug_aranges
                0x000000b8       0x20 /usr/lib/gcc/arm-none-eabi/14.2.1/../../../arm-none-eabi/lib/thumb/v7-m/nofp/libc_nano.a(libc_a-freer.o)
 .debug_aranges
                0x000000d8       0x20 /usr/lib/gcc/arm-none-eabi/14.2.1/../../../arm-none-eabi/lib/thumb/v7-m/nofp/libc_nano.a(libc_a-memset.o)
 .debug_aranges
                0x000000f8       0x20 /usr/lib/gcc/arm-none-eabi/14.2.1/../../../arm-none-eabi/lib/thumb/v7-m/nofp/libc_nano.a(libc_a-reallocr.o)
 .debug_aranges
                0x00000118       0x20 /usr/lib/gcc/arm-none-eabi/14.2.1/../../../arm-none-eabi/lib/thumb/v7-m/nofp/libc_nano.a(libc_a-strlen-stub.o)
 .debug_aranges
                0x00000138       0x20 /usr/lib/gcc/arm-none-eabi/14.2.1/../../../arm-none-eabi/lib/thumb/v7-m/nofp/libc_nano.a(libc_a-mlock.o)
 .debug_aranges
                0x00000158       0x20 /usr/lib/gcc/arm-none-eabi/14.2.1/../../../arm-none-eabi/lib/thumb/v7-m/nofp/libc_nano.a(libc_a-memchr-stub.o)
 .debug_aranges
                0x00000178       0x20 /usr/lib/gcc/arm-none-eabi/14.2.1/../../../arm-none-eabi/lib/thumb/v7-m/nofp/libc_nano.a(libc_a-nano-vfprintf_i.o)
 .debug_aranges
                0x00000198       0x20 /usr/lib/gcc/arm-none-eabi/14.2.1/../../../arm-none-eabi/lib/thumb/v7-m/nofp/libc_nano.a(libc_a-findfp.o)
 .debug_aranges
                0x000001b8       0x20 /usr/lib/gcc/arm-none-eabi/14.2.1/../../../arm-none-eabi/lib/thumb/v7-m/nofp/libc_nano.a(libc_a-msizer.o)
 .debug_aranges
                0x000001d8       0x20 /usr/lib/gcc/arm-none-eabi/14.2.1/../../../arm-none-eabi/lib/thumb/v7-m/nofp/libc_nano.a(libc_a-sbrkr.o)
 .debug_aranges
                0x000001f8       0x20 /usr/lib/gcc/arm-none-eabi/14.2.1/../../../arm-none-eabi/lib/thumb/v7-m/nofp/libc_nano.a(libc_a-reent.o)
 .debug_aranges
                0x00000218       0x20 /usr/lib/gcc/arm-none-eabi/14.2.1/../../../arm-none-eabi/lib/thumb/v7-m/nofp/libnosys.a(sbrk.o)
 .debug_aranges
                0x00000238       0x20 /usr/lib/gcc/arm-none-eabi/14.2.1/thumb/v7-m/nofp/libgcc.a(_arm_muldf3.o)
 .debug_aranges
                0x00000258       0x20 /usr/lib/gcc/arm-none-eabi/14.2.1/thumb/v7-m/nofp/libgcc.a(_arm_mulsf3.o)
 .debug_aranges
                0x00000278       0x20 /usr/lib/gcc/arm-none-eabi/14.2.1/thumb/v7-m/nofp/libgcc.a(_arm_addsubdf3.o)
 .debug_aranges
                0x00000298       0x20 /usr/lib/gcc/arm-none-eabi/14.2.1/thumb/v7-m/nofp/libgcc.a(_arm_fixunsdfsi.o)
 .debug_aranges
                0x000002b8       0x20 /usr/lib/gcc/arm-none-eabi/14.2.1/thumb/v7-m/nofp/libgcc.a(_arm_truncdfsf2.o)
 .debug_aranges
                0x000002d8       0x20 /usr/lib/gcc/arm-none-eabi/14.2.1/thumb/v7-m/nofp/libgcc.a(_arm_addsubsf3.o)
 .debug_aranges
                0x000002f8       0x20 /usr/lib/gcc/arm-none-eabi/14.2.1/thumb/v7-m/nofp/libgcc.a(_arm_fixsfsi.o)
 .debug_aranges
                0x00000318       0x20 /usr/lib/gcc/arm-none-eabi/14.2.1/thumb/v7-m/nofp/libgcc.a(_arm_fixunssfsi.o)

.debug_line     0x00000000     0x36e5
 .debug_line    0x00000000      0x356 /usr/lib/gcc/arm-none-eabi/14.2.1/../../../arm-none-eabi/lib/thumb/v7-m/nofp/libc_nano.a(libc_a-snprintf.o)
 .debug_line    0x00000356       0xe7 /usr/lib/gcc/arm-none-eabi/14.2.1/../../../arm-none-eabi/lib/thumb/v7-m/nofp/libc_nano.a(libc_a-impure.o)
 .debug_line    0x0000043d       0xbd /usr/lib/gcc/arm-none-eabi/14.2.1/../../../arm-none-eabi/lib/thumb/v7-m/nofp/libc_nano.a(libc_a-memcpy.o)
 .debug_line    0x000004fa      0x85e /usr/lib/gcc/arm-none-eabi/14.2.1/../../../arm-none-eabi/lib/thumb/v7-m/nofp/libc_nano.a(libc_a-nano-svfprintf.o)
 .debug_line    0x00000d58      0x269 /usr/lib/gcc/arm-none-eabi/14.2.1/../../../arm-none-eabi/lib/thumb/v7-m/nofp/libc_nano.a(libc_a-memmove.o)
 .debug_line    0x00000fc1      0x45c /usr/lib/gcc/arm-none-eabi/14.2.1/../../../arm-none-eabi/lib/thumb/v7-m/nofp/libc_nano.a(libc_a-mallocr.o)
 .debug_line    0x0000141d      0x2c8 /usr/lib/gcc/arm-none-eabi/14.2.1/../../../arm-none-eabi/lib/thumb/v7-m/nofp/libc_nano.a(libc_a-freer.o)
 .debug_line    0x000016e5      0x1a3 /usr/lib/gcc/arm-none-eabi/14.2.1/../../../arm-none-eabi/lib/thumb/v7-m/nofp/libc_nano.a(libc_a-memset.o)
 .debug_line    0x00001888      0x1fa /usr/lib/gcc/arm-none-eabi/14.2.1/../../../arm-none-eabi/lib/thumb/v7-m/nofp/libc_nano.a(libc_a-reallocr.o)
 .debug_line    0x00001a82       0xf4 /usr/lib/gcc/arm-none-eabi/14.2.1/../../../arm-none-eabi/lib/thumb/v7-m/nofp/libc_nano.a(libc_a-strlen-stub.o)
 .debug_line    0x00001b76      0x153 /usr/lib/gcc/arm-none-eabi/14.2.1/../../../arm-none-eabi/lib/thumb/v7-m/nofp/libc_nano.a(libc_a-mlock.o)
 .debug_line    0x00001cc9      0x1c6 /usr/lib/gcc/arm-none-eabi/14.2.1/../../../arm-none-eabi/lib/thumb/v7-m/nofp/libc_nano.a(libc_a-memchr-stub.o)
 .debug_line    0x00001e8f      0x782 /usr/lib/gcc/arm-none-eabi/14.2.1/../../../arm-none-eabi/lib/thumb/v7-m/nofp/libc_nano.a(libc_a-nano-vfprintf_i.o)
 .debug_line    0x00002611      0x51f /usr/lib/gcc/arm-none-eabi/14.2.1/../../../arm-none-eabi/lib/thumb/v7-m/nofp/libc_nano.a(libc_a-findfp.o)
 .debug_line    0x00002b30      0x176 /usr/lib/gcc/arm-none-eabi/14.2.1/../../../arm-none-eabi/lib/thumb/v7-m/nofp/libc_nano.a(libc_a-msizer.o)
 .debug_line    0x00002ca6      0x196 /usr/lib/gcc/arm-none-eabi/14.2.1/../../../arm-none-eabi/lib/thumb/v7-m/nofp/libc_nano.a(libc_a-sbrkr.o)
 .debug_line    0x00002e3c      0x27b /usr/lib/gcc/arm-none-eabi/14.2.1/../../../arm-none-eabi/lib/thumb/v7-m/nofp/libc_nano.a(libc_a-reent.o)
 .debug_line    0x000030b7       0x76 /usr/lib/gcc/arm-none-eabi/14.2.1/../../../arm-none-eabi/lib/thumb/v7-m/nofp/libnosys.a(sbrk.o)
 .debug_line    0x0000312d       0xf5 /usr/lib/gcc/arm-none-eabi/14.2.1/thumb/v7-m/nofp/libgcc.a(_arm_muldf3.o)
 .debug_line    0x00003222       0xbd /usr/lib/gcc/arm-none-eabi/14.2.1/thumb/v7-m/nofp/libgcc.a(_arm_mulsf3.o)
 .debug_line    0x000032df      0x16f /usr/lib/gcc/arm-none-eabi/14.2.1/thumb/v7-m/nofp/libgcc.a(_arm_addsubdf3.o)
 .debug_line    0x0000344e       0x5e /usr/lib/gcc/arm-none-eabi/14.2.1/thumb/v7-m/nofp/libgcc.a(_arm_fixunsdfsi.o)
 .debug_line    0x000034ac       0x76 /usr/lib/gcc/arm-none-eabi/14.2.1/thumb/v7-m/nofp/libgcc.a(_arm_truncdfsf2.o)
 .debug_line    0x00003522      0x103 /usr/lib/gcc/arm-none-eabi/14.2.1/thumb/v7-m/nofp/libgcc.a(_arm_addsubsf3.o)
 .debug_line    0x00003625       0x62 /usr/lib/gcc/arm-none-eabi/14.2.1/thumb/v7-m/nofp/libgcc.a(_arm_fixsfsi.o)
 .debug_line    0x00003687       0x5e /usr/lib/gcc/arm-none-eabi/14.2.1/thumb/v7-m/nofp/libgcc.a(_arm_fixunssfsi.o)

.debug_str      0x00000000     0x1168
 .debug_str     0x00000000     0x1168 /usr/lib/gcc/arm-none-eabi/14.2.1/../../../arm-none-eabi/lib/thumb/v7-m/nofp/libc_nano.a(libc_a-snprintf.o)
                                0x502 (size before relaxing)
 .debug_str     0x00001168        0x0 /usr/lib/gcc/arm-none-eabi/14.2.1/../../../arm-none-eabi/lib/thumb/v7-m/nofp/libc_nano.a(libc_a-impure.o)
                                0x4b4 (size before relaxing)
 .debug_str     0x00001168        0x0 /usr/lib/gcc/arm-none-eabi/14.2.1/../../../arm-none-eabi/lib/thumb/v7-m/nofp/libc_nano.a(libc_a-memcpy.o)
                                 0xab (size before relaxing)
 .debug_str     0x00001168        0x0 /usr/lib/gcc/arm-none-eabi/14.2.1/../../../arm-none-eabi/lib/thumb/v7-m/nofp/libc_nano.a(libc_a-nano-svfprintf.o)
                                0x7fd (size before relaxing)
 .debug_str     0x00001168        0x0 /usr/lib/gcc/arm-none-eabi/14.2.1/../../../arm-none-eabi/lib/thumb/v7-m/nofp/libc_nano.a(libc_a-memmove.o)
                                0x1c4 (size before relaxing)
 .debug_str     0x00001168        0x0 /usr/lib/gcc/arm-none-eabi/14.2.1/../../../arm-none-eabi/lib/thumb/v7-m/nofp/libc_nano.a(libc_a-mallocr.o)
                                0x595 (size before relaxing)
 .debug_str     0x00001168        0x0 /usr/lib/gcc/arm-none-eabi/14.2.1/../../../arm-none-eabi/lib/thumb/v7-m/nofp/libc_nano.a(libc_a-freer.o)
                                0x534 (size before relaxing)
 .debug_str     0x00001168        0x0 /usr/lib/gcc/arm-none-eabi/14.2.1/../../../arm-none-eabi/lib/thumb/v7-m/nofp/libc_nano.a(libc_a-memset.o)
                                0x1a5 (size before relaxing)
 .debug_str     0x00001168        0x0 /usr/lib/gcc/arm-none-eabi/14.2.1/../../../arm-none-eabi/lib/thumb/v7-m/nofp/libc_nano.a(libc_a-reallocr.o)
                                0x52a (size before relaxing)
 .debug_str     0x00001168        0x0 /usr/lib/gcc/arm-none-eabi/14.2.1/../../../arm-none-eabi/lib/thumb/v7-m/nofp/libc_nano.a(libc_a-strlen-stub.o)
                                0x19b (size before relaxing)
 .debug_str     0x00001168        0x0 /usr/lib/gcc/arm-none-eabi/14.2.1/../../../arm-none-eabi/lib/thumb/v7-m/nofp/libc_nano.a(libc_a-mlock.o)
                                0x4d2 (size before relaxing)
 .debug_str     0x00001168        0x0 /usr/lib/gcc/arm-none-eabi/14.2.1/../../../arm-none-eabi/lib/thumb/v7-m/nofp/libc_nano.a(libc_a-memchr-stub.o)
                                0x1b5 (size before relaxing)
 .debug_str     0x00001168        0x0 /usr/lib/gcc/arm-none-eabi/14.2.1/../../../arm-none-eabi/lib/thumb/v7-m/nofp/libc_nano.a(libc_a-nano-vfprintf_i.o)
                                0x793 (size before relaxing)
 .debug_str     0x00001168        0x0 /usr/lib/gcc/arm-none-eabi/14.2.1/../../../arm-none-eabi/lib/thumb/v7-m/nofp/libc_nano.a(libc_a-findfp.o)
                                0x6b7 (size before relaxing)
 .debug_str     0x00001168        0x0 /usr/lib/gcc/arm-none-eabi/14.2.1/../../../arm-none-eabi/lib/thumb/v7-m/nofp/libc_nano.a(libc_a-msizer.o)
                                0x4fd (size before relaxing)
 .debug_str     0x00001168        0x0 /usr/lib/gcc/arm-none-eabi/14.2.1/../../../arm-none-eabi/lib/thumb/v7-m/nofp/libc_nano.a(libc_a-sbrkr.o)
                                0x4bd (size before relaxing)
 .debug_str     0x00001168        0x0 /usr/lib/gcc/arm-none-eabi/14.2.1/../../../arm-none-eabi/lib/thumb/v7-m/nofp/libc_nano.a(libc_a-reent.o)
                                0x4d3 (size before relaxing)
 .debug_str     0x00001168        0x0 /usr/lib/gcc/arm-none-eabi/14.2.1/../../../arm-none-eabi/lib/thumb/v7-m/nofp/libnosys.a(sbrk.o)
                                0x115 (size before relaxing)
 .debug_str     0x00001168        0x0 /usr/lib/gcc/arm-none-eabi/14.2.1/thumb/v7-m/nofp/libgcc.a(_arm_muldf3.o)
                                 0xba (size before relaxing)
 .debug_str     0x00001168        0x0 /usr/lib/gcc/arm-none-eabi/14.2.1/thumb/v7-m/nofp/libgcc.a(_arm_mulsf3.o)
                                 0xba (size before relaxing)
 .debug_str     0x00001168        0x0 /usr/lib/gcc/arm-none-eabi/14.2.1/thumb/v7-m/nofp/libgcc.a(_arm_addsubdf3.o)
                                0x150 (size before relaxing)
 .debug_str     0x00001168        0x0 /usr/lib/gcc/arm-none-eabi/14.2.1/thumb/v7-m/nofp/libgcc.a(_arm_fixunsdfsi.o)
                                 0xbf (size before relaxing)
 .debug_str     0x00001168        0x0 /usr/lib/gcc/arm-none-eabi/14.2.1/thumb/v7-m/nofp/libgcc.a(_arm_truncdfsf2.o)
                                 0xbd (size before relaxing)
 .debug_str     0x00001168        0x0 /usr/lib/gcc/arm-none-eabi/14.2.1/thumb/v7-m/nofp/libgcc.a(_arm_addsubsf3.o)
                                0x144 (size before relaxing)
 .debug_str     0x00001168        0x0 /usr/lib/gcc/arm-none-eabi/14.2.1/thumb/v7-m/nofp/libgcc.a(_arm_fixsfsi.o)
                                 0xbb (size before relaxing)
 .debug_str     0x00001168        0x0 /usr/lib/gcc/arm-none-eabi/14.2.1/thumb/v7-m/nofp/libgcc.a(_arm_fixunssfsi.o)
                                 0xbf (size before relaxing)

.debug_frame    0x00000000      0x6f4
 .debug_frame   0x00000000       0x94 /usr/lib/gcc/arm-none-eabi/14.2.1/../../../arm-none-eabi/lib/thumb/v7-m/nofp/libc_nano.a(libc_a-snprintf.o)
 .debug_frame   0x00000094       0x28 /usr/lib/gcc/arm-none-eabi/14.2.1/../../../arm-none-eabi/lib/thumb/v7-m/nofp/libc_nano.a(libc_a-memcpy.o)
 .debug_frame   0x000000bc       0x98 /usr/lib/gcc/arm-none-eabi/14.2.1/../../../arm-none-eabi/lib/thumb/v7-m/nofp/libc_nano.a(libc_a-nano-svfprintf.o)
 .debug_frame   0x00000154       0x30 /usr/lib/gcc/arm-none-eabi/14.2.1/../../../arm-none-eabi/lib/thumb/v7-m/nofp/libc_nano.a(libc_a-memmove.o)
 .debug_frame   0x00000184       0x50 /usr/lib/gcc/arm-none-eabi/14.2.1/../../../arm-none-eabi/lib/thumb/v7-m/nofp/libc_nano.a(libc_a-mallocr.o)
 .debug_frame   0x000001d4       0x58 /usr/lib/gcc/arm-none-eabi/14.2.1/../../../arm-none-eabi/lib/thumb/v7-m/nofp/libc_nano.a(libc_a-freer.o)
 .debug_frame   0x0000022c       0x2c /usr/lib/gcc/arm-none-eabi/14.2.1/../../../arm-none-eabi/lib/thumb/v7-m/nofp/libc_nano.a(libc_a-memset.o)
 .debug_frame   0x00000258       0x38 /usr/lib/gcc/arm-none-eabi/14.2.1/../../../arm-none-eabi/lib/thumb/v7-m/nofp/libc_nano.a(libc_a-reallocr.o)
 .debug_frame   0x00000290       0x20 /usr/lib/gcc/arm-none-eabi/14.2.1/../../../arm-none-eabi/lib/thumb/v7-m/nofp/libc_nano.a(libc_a-strlen-stub.o)
 .debug_frame   0x000002b0       0x30 /usr/lib/gcc/arm-none-eabi/14.2.1/../../../arm-none-eabi/lib/thumb/v7-m/nofp/libc_nano.a(libc_a-mlock.o)
 .debug_frame   0x000002e0       0x2c /usr/lib/gcc/arm-none-eabi/14.2.1/../../../arm-none-eabi/lib/thumb/v7-m/nofp/libc_nano.a(libc_a-memchr-stub.o)
 .debug_frame   0x0000030c       0x6c /usr/lib/gcc/arm-none-eabi/14.2.1/../../../arm-none-eabi/lib/thumb/v7-m/nofp/libc_nano.a(libc_a-nano-vfprintf_i.o)
 .debug_frame   0x00000378       0xf4 /usr/lib/gcc/arm-none-eabi/14.2.1/../../../arm-none-eabi/lib/thumb/v7-m/nofp/libc_nano.a(libc_a-findfp.o)
 .debug_frame   0x0000046c       0x20 /usr/lib/gcc/arm-none-eabi/14.2.1/../../../arm-none-eabi/lib/thumb/v7-m/nofp/libc_nano.a(libc_a-msizer.o)
 .debug_frame   0x0000048c       0x2c /usr/lib/gcc/arm-none-eabi/14.2.1/../../../arm-none-eabi/lib/thumb/v7-m/nofp/libc_nano.a(libc_a-sbrkr.o)
 .debug_frame   0x000004b8       0x40 /usr/lib/gcc/arm-none-eabi/14.2.1/../../../arm-none-eabi/lib/thumb/v7-m/nofp/libc_nano.a(libc_a-reent.o)
 .debug_frame   0x000004f8       0x20 /usr/lib/gcc/arm-none-eabi/14.2.1/../../../arm-none-eabi/lib/thumb/v7-m/nofp/libnosys.a(sbrk.o)
 .debug_frame   0x00000518       0x30 /usr/lib/gcc/arm-none-eabi/14.2.1/thumb/v7-m/nofp/libgcc.a(_arm_muldf3.o)
 .debug_frame   0x00000548       0x24 /usr/lib/gcc/arm-none-eabi/14.2.1/thumb/v7-m/nofp/libgcc.a(_arm_mulsf3.o)
 .debug_frame   0x0000056c       0xac /usr/lib/gcc/arm-none-eabi/14.2.1/thumb/v7-m/nofp/libgcc.a(_arm_addsubdf3.o)
 .debug_frame   0x00000618       0x24 /usr/lib/gcc/arm-none-eabi/14.2.1/thumb/v7-m/nofp/libgcc.a(_arm_fixunsdfsi.o)
 .debug_frame   0x0000063c       0x24 /usr/lib/gcc/arm-none-eabi/14.2.1/thumb/v7-m/nofp/libgcc.a(_arm_truncdfsf2.o)
 .debug_frame   0x00000660       0x4c /usr/lib/gcc/arm-none-eabi/14.2.1/thumb/v7-m/nofp/libgcc.a(_arm_addsubsf3.o)
 .debug_frame   0x000006ac       0x24 /usr/lib/gcc/arm-none-eabi/14.2.1/thumb/v7-m/nofp/libgcc.a(_arm_fixsfsi.o)
 .debug_frame   0x000006d0       0x24 /usr/lib/gcc/arm-none-eabi/14.2.1/thumb/v7-m/nofp/libgcc.a(_arm_fixunssfsi.o)

.debug_line_str
                0x00000000      0x13a
 .debug_line_str
                0x00000000      0x13a /usr/lib/gcc/arm-none-eabi/14.2.1/../../../arm-none-eabi/lib/thumb/v7-m/nofp/libc_nano.a(libc_a-memcpy.o)
                                 0x95 (size before relaxing)
 .debug_line_str
                0x0000013a        0x0 /usr/lib/gcc/arm-none-eabi/14.2.1/thumb/v7-m/nofp/libgcc.a(_arm_muldf3.o)
                                 0x98 (size before relaxing)
 .debug_line_str
                0x0000013a        0x0 /usr/lib/gcc/arm-none-eabi/14.2.1/thumb/v7-m/nofp/libgcc.a(_arm_mulsf3.o)
                                 0x98 (size before relaxing)
 .debug_line_str
                0x0000013a        0x0 /usr/lib/gcc/arm-none-eabi/14.2.1/thumb/v7-m/nofp/libgcc.a(_arm_addsubdf3.o)
                                 0x98 (size before relaxing)
 .debug_line_str
                0x0000013a        0x0 /usr/lib/gcc/arm-none-eabi/14.2.1/thumb/v7-m/nofp/libgcc.a(_arm_fixunsdfsi.o)
                                 0x98 (size before relaxing)
 .debug_line_str
                0x0000013a        0x0 /usr/lib/gcc/arm-none-eabi/14.2.1/thumb/v7-m/nofp/libgcc.a(_arm_truncdfsf2.o)
                                 0x98 (size before relaxing)
 .debug_line_str
                0x0000013a        0x0 /usr/lib/gcc/arm-none-eabi/14.2.1/thumb/v7-m/nofp/libgcc.a(_arm_addsubsf3.o)
                                 0x98 (size before relaxing)
 .debug_line_str
                0x0000013a        0x0 /usr/lib/gcc/arm-none-eabi/14.2.1/thumb/v7-m/nofp/libgcc.a(_arm_fixsfsi.o)
                                 0x98 (size before relaxing)
 .debug_line_str
                0x0000013a        0x0 /usr/lib/gcc/arm-none-eabi/14.2.1/thumb/v7-m/nofp/libgcc.a(_arm_fixunssfsi.o)
                                 0x98 (size before relaxing)

.debug_rnglists
                0x00000000      0x16c
 .debug_rnglists
                0x00000000       0x42 /usr/lib/gcc/arm-none-eabi/14.2.1/../../../arm-none-eabi/lib/thumb/v7-m/nofp/libc_nano.a(libc_a-nano-svfprintf.o)
 .debug_rnglists
                0x00000042       0x1f /usr/lib/gcc/arm-none-eabi/14.2.1/../../../arm-none-eabi/lib/thumb/v7-m/nofp/libc_nano.a(libc_a-mallocr.o)
 .debug_rnglists
                0x00000061       0x13 /usr/lib/gcc/arm-none-eabi/14.2.1/../../../arm-none-eabi/lib/thumb/v7-m/nofp/libc_nano.a(libc_a-freer.o)
 .debug_rnglists
                0x00000074       0x13 /usr/lib/gcc/arm-none-eabi/14.2.1/../../../arm-none-eabi/lib/thumb/v7-m/nofp/libc_nano.a(libc_a-strlen-stub.o)
 .debug_rnglists
                0x00000087       0x6b /usr/lib/gcc/arm-none-eabi/14.2.1/../../../arm-none-eabi/lib/thumb/v7-m/nofp/libc_nano.a(libc_a-nano-vfprintf_i.o)
 .debug_rnglists
                0x000000f2       0x7a /usr/lib/gcc/arm-none-eabi/14.2.1/../../../arm-none-eabi/lib/thumb/v7-m/nofp/libc_nano.a(libc_a-findfp.o)

Cross Reference Table

Symbol                                            File
ADC1_2_IRQHandler                                 build_gcc/startup_stm32f10x_hd_gcc.o
ADC3_IRQHandler                                   build_gcc/startup_stm32f10x_hd_gcc.o
ADC_AnalogWatchdogCmd                             build_gcc/stm32f10x_adc.o
ADC_AnalogWatchdogSingleChannelConfig             build_gcc/stm32f10x_adc.o
ADC_AnalogWatchdogThresholdsConfig                build_gcc/stm32f10x_adc.o
ADC_AutoInjectedConvCmd                           build_gcc/stm32f10x_adc.o
ADC_ClearFlag                                     build_gcc/stm32f10x_adc.o
ADC_ClearITPendingBit                             build_gcc/stm32f10x_adc.o
ADC_Cmd                                           build_gcc/stm32f10x_adc.o
ADC_DMACmd                                        build_gcc/stm32f10x_adc.o
ADC_DeInit                                        build_gcc/stm32f10x_adc.o
ADC_DiscModeChannelCountConfig                    build_gcc/stm32f10x_adc.o
ADC_DiscModeCmd                                   build_gcc/stm32f10x_adc.o
ADC_ExternalTrigConvCmd                           build_gcc/stm32f10x_adc.o
ADC_ExternalTrigInjectedConvCmd                   build_gcc/stm32f10x_adc.o
ADC_ExternalTrigInjectedConvConfig                build_gcc/stm32f10x_adc.o
ADC_GetCalibrationStatus                          build_gcc/stm32f10x_adc.o
ADC_GetConversionValue                            build_gcc/stm32f10x_adc.o
ADC_GetDualModeConversionValue                    build_gcc/stm32f10x_adc.o
ADC_GetFlagStatus                                 build_gcc/stm32f10x_adc.o
ADC_GetITStatus                                   build_gcc/stm32f10x_adc.o
ADC_GetInjectedConversionValue                    build_gcc/stm32f10x_adc.o
ADC_GetResetCalibrationStatus                     build_gcc/stm32f10x_adc.o
ADC_GetSoftwareStartConvStatus                    build_gcc/stm32f10x_adc.o
ADC_GetSoftwareStartInjectedConvCmdStatus         build_gcc/stm32f10x_adc.o
ADC_ITConfig                                      build_gcc/stm32f10x_adc.o
ADC_Init                                          build_gcc/stm32f10x_adc.o
ADC_InjectedChannelConfig                         build_gcc/stm32f10x_adc.o
ADC_InjectedDiscModeCmd                           build_gcc/stm32f10x_adc.o
ADC_InjectedSequencerLengthConfig                 build_gcc/stm32f10x_adc.o
ADC_RegularChannelConfig                          build_gcc/stm32f10x_adc.o
ADC_ResetCalibration                              build_gcc/stm32f10x_adc.o
ADC_SetInjectedOffset                             build_gcc/stm32f10x_adc.o
ADC_SoftwareStartConvCmd                          build_gcc/stm32f10x_adc.o
ADC_SoftwareStartInjectedConvCmd                  build_gcc/stm32f10x_adc.o
ADC_StartCalibration                              build_gcc/stm32f10x_adc.o
ADC_StructInit                                    build_gcc/stm32f10x_adc.o
ADC_TempSensorVrefintCmd                          build_gcc/stm32f10x_adc.o
AHBPrescTable                                     build_gcc/system_stm32f10x.o
BKP_ClearFlag                                     build_gcc/stm32f10x_bkp.o
BKP_ClearITPendingBit                             build_gcc/stm32f10x_bkp.o
BKP_DeInit                                        build_gcc/stm32f10x_bkp.o
BKP_GetFlagStatus                                 build_gcc/stm32f10x_bkp.o
BKP_GetITStatus                                   build_gcc/stm32f10x_bkp.o
BKP_ITConfig                                      build_gcc/stm32f10x_bkp.o
BKP_RTCOutputConfig                               build_gcc/stm32f10x_bkp.o
BKP_ReadBackupRegister                            build_gcc/stm32f10x_bkp.o
BKP_SetRTCCalibrationValue                        build_gcc/stm32f10x_bkp.o
BKP_TamperPinCmd                                  build_gcc/stm32f10x_bkp.o
BKP_TamperPinLevelConfig                          build_gcc/stm32f10x_bkp.o
BKP_WriteBackupRegister                           build_gcc/stm32f10x_bkp.o
BusFault_Handler                                  build_gcc/stm32f10x_it.o
CAN1_RX1_IRQHandler                               build_gcc/startup_stm32f10x_hd_gcc.o
CAN1_SCE_IRQHandler                               build_gcc/startup_stm32f10x_hd_gcc.o
CAN_CancelTransmit                                build_gcc/stm32f10x_can.o
CAN_ClearFlag                                     build_gcc/stm32f10x_can.o
CAN_ClearITPendingBit                             build_gcc/stm32f10x_can.o
CAN_DBGFreeze                                     build_gcc/stm32f10x_can.o
CAN_DeInit                                        build_gcc/stm32f10x_can.o
CAN_FIFORelease                                   build_gcc/stm32f10x_can.o
CAN_FilterInit                                    build_gcc/stm32f10x_can.o
CAN_GetFlagStatus                                 build_gcc/stm32f10x_can.o
CAN_GetITStatus                                   build_gcc/stm32f10x_can.o
CAN_GetLSBTransmitErrorCounter                    build_gcc/stm32f10x_can.o
CAN_GetLastErrorCode                              build_gcc/stm32f10x_can.o
CAN_GetReceiveErrorCounter                        build_gcc/stm32f10x_can.o
CAN_ITConfig                                      build_gcc/stm32f10x_can.o
CAN_Init                                          build_gcc/stm32f10x_can.o
CAN_MessagePending                                build_gcc/stm32f10x_can.o
CAN_OperatingModeRequest                          build_gcc/stm32f10x_can.o
CAN_Receive                                       build_gcc/stm32f10x_can.o
CAN_SlaveStartBank                                build_gcc/stm32f10x_can.o
CAN_Sleep                                         build_gcc/stm32f10x_can.o
CAN_StructInit                                    build_gcc/stm32f10x_can.o
CAN_TTComModeCmd                                  build_gcc/stm32f10x_can.o
CAN_Transmit                                      build_gcc/stm32f10x_can.o
CAN_TransmitStatus                                build_gcc/stm32f10x_can.o
CAN_WakeUp                                        build_gcc/stm32f10x_can.o
CEC_ClearFlag                                     build_gcc/stm32f10x_cec.o
CEC_ClearITPendingBit                             build_gcc/stm32f10x_cec.o
CEC_Cmd                                           build_gcc/stm32f10x_cec.o
CEC_DeInit                                        build_gcc/stm32f10x_cec.o
CEC_EndOfMessageCmd                               build_gcc/stm32f10x_cec.o
CEC_GetFlagStatus                                 build_gcc/stm32f10x_cec.o
CEC_GetITStatus                                   build_gcc/stm32f10x_cec.o
CEC_ITConfig                                      build_gcc/stm32f10x_cec.o
CEC_Init                                          build_gcc/stm32f10x_cec.o
CEC_OwnAddressConfig                              build_gcc/stm32f10x_cec.o
CEC_ReceiveDataByte                               build_gcc/stm32f10x_cec.o
CEC_SendDataByte                                  build_gcc/stm32f10x_cec.o
CEC_SetPrescaler                                  build_gcc/stm32f10x_cec.o
CEC_StartOfMessage                                build_gcc/stm32f10x_cec.o
CRC_CalcBlockCRC                                  build_gcc/stm32f10x_crc.o
CRC_CalcCRC                                       build_gcc/stm32f10x_crc.o
CRC_GetCRC                                        build_gcc/stm32f10x_crc.o
CRC_GetIDRegister                                 build_gcc/stm32f10x_crc.o
CRC_ResetDR                                       build_gcc/stm32f10x_crc.o
CRC_SetIDRegister                                 build_gcc/stm32f10x_crc.o
DAC_Cmd                                           build_gcc/stm32f10x_dac.o
DAC_DMACmd                                        build_gcc/stm32f10x_dac.o
DAC_DeInit                                        build_gcc/stm32f10x_dac.o
DAC_DualSoftwareTriggerCmd                        build_gcc/stm32f10x_dac.o
DAC_GetDataOutputValue                            build_gcc/stm32f10x_dac.o
DAC_Init                                          build_gcc/stm32f10x_dac.o
DAC_SetChannel1Data                               build_gcc/stm32f10x_dac.o
DAC_SetChannel2Data                               build_gcc/stm32f10x_dac.o
DAC_SetDualChannelData                            build_gcc/stm32f10x_dac.o
DAC_SoftwareTriggerCmd                            build_gcc/stm32f10x_dac.o
DAC_StructInit                                    build_gcc/stm32f10x_dac.o
DAC_WaveGenerationCmd                             build_gcc/stm32f10x_dac.o
DBGMCU_Config                                     build_gcc/stm32f10x_dbgmcu.o
DBGMCU_GetDEVID                                   build_gcc/stm32f10x_dbgmcu.o
DBGMCU_GetREVID                                   build_gcc/stm32f10x_dbgmcu.o
DMA1_Channel1_IRQHandler                          build_gcc/startup_stm32f10x_hd_gcc.o
DMA1_Channel2_IRQHandler                          build_gcc/startup_stm32f10x_hd_gcc.o
DMA1_Channel3_IRQHandler                          build_gcc/startup_stm32f10x_hd_gcc.o
DMA1_Channel4_IRQHandler                          build_gcc/startup_stm32f10x_hd_gcc.o
DMA1_Channel5_IRQHandler                          build_gcc/startup_stm32f10x_hd_gcc.o
DMA1_Channel6_IRQHandler                          build_gcc/startup_stm32f10x_hd_gcc.o
DMA1_Channel7_IRQHandler                          build_gcc/startup_stm32f10x_hd_gcc.o
DMA2_Channel1_IRQHandler                          build_gcc/startup_stm32f10x_hd_gcc.o
DMA2_Channel2_IRQHandler                          build_gcc/startup_stm32f10x_hd_gcc.o
DMA2_Channel3_IRQHandler                          build_gcc/startup_stm32f10x_hd_gcc.o
DMA2_Channel4_5_IRQHandler                        build_gcc/startup_stm32f10x_hd_gcc.o
DMA_ClearFlag                                     build_gcc/stm32f10x_dma.o
DMA_ClearITPendingBit                             build_gcc/stm32f10x_dma.o
DMA_Cmd                                           build_gcc/stm32f10x_dma.o
DMA_DeInit                                        build_gcc/stm32f10x_dma.o
DMA_GetCurrDataCounter                            build_gcc/stm32f10x_dma.o
DMA_GetFlagStatus                                 build_gcc/stm32f10x_dma.o
DMA_GetITStatus                                   build_gcc/stm32f10x_dma.o
DMA_ITConfig                                      build_gcc/stm32f10x_dma.o
DMA_Init                                          build_gcc/stm32f10x_dma.o
DMA_SetCurrDataCounter                            build_gcc/stm32f10x_dma.o
DMA_StructInit                                    build_gcc/stm32f10x_dma.o
DebugMon_Handler                                  build_gcc/stm32f10x_it.o
Default_Handler                                   build_gcc/startup_stm32f10x_hd_gcc.o
EXTI0_IRQHandler                                  build_gcc/startup_stm32f10x_hd_gcc.o
EXTI15_10_IRQHandler                              build_gcc/startup_stm32f10x_hd_gcc.o
EXTI1_IRQHandler                                  build_gcc/startup_stm32f10x_hd_gcc.o
EXTI2_IRQHandler                                  build_gcc/startup_stm32f10x_hd_gcc.o
EXTI3_IRQHandler                                  build_gcc/startup_stm32f10x_hd_gcc.o
EXTI4_IRQHandler                                  build_gcc/startup_stm32f10x_hd_gcc.o
EXTI9_5_IRQHandler                                build_gcc/startup_stm32f10x_hd_gcc.o
EXTI_ClearFlag                                    build_gcc/stm32f10x_exti.o
EXTI_ClearITPendingBit                            build_gcc/stm32f10x_exti.o
EXTI_DeInit                                       build_gcc/stm32f10x_exti.o
EXTI_GenerateSWInterrupt                          build_gcc/stm32f10x_exti.o
EXTI_GetFlagStatus                                build_gcc/stm32f10x_exti.o
EXTI_GetITStatus                                  build_gcc/stm32f10x_exti.o
EXTI_Init                                         build_gcc/stm32f10x_exti.o
EXTI_StructInit                                   build_gcc/stm32f10x_exti.o
FLASH_ClearFlag                                   build_gcc/stm32f10x_flash.o
FLASH_EnableWriteProtection                       build_gcc/stm32f10x_flash.o
FLASH_EraseAllBank1Pages                          build_gcc/stm32f10x_flash.o
FLASH_EraseAllPages                               build_gcc/stm32f10x_flash.o
FLASH_EraseOptionBytes                            build_gcc/stm32f10x_flash.o
FLASH_ErasePage                                   build_gcc/stm32f10x_flash.o
FLASH_GetBank1Status                              build_gcc/stm32f10x_flash.o
FLASH_GetFlagStatus                               build_gcc/stm32f10x_flash.o
FLASH_GetPrefetchBufferStatus                     build_gcc/stm32f10x_flash.o
FLASH_GetReadOutProtectionStatus                  build_gcc/stm32f10x_flash.o
FLASH_GetStatus                                   build_gcc/stm32f10x_flash.o
FLASH_GetUserOptionByte                           build_gcc/stm32f10x_flash.o
FLASH_GetWriteProtectionOptionByte                build_gcc/stm32f10x_flash.o