ARM GAS  /tmp/cceDMxQp.s 			page 1


   1              		.cpu cortex-m3
   2              		.arch armv7-m
   3              		.fpu softvfp
   4              		.eabi_attribute 20, 1
   5              		.eabi_attribute 21, 1
   6              		.eabi_attribute 23, 3
   7              		.eabi_attribute 24, 1
   8              		.eabi_attribute 25, 1
   9              		.eabi_attribute 26, 1
  10              		.eabi_attribute 30, 1
  11              		.eabi_attribute 34, 1
  12              		.eabi_attribute 18, 4
  13              		.file	"MQTTDeserializePublish.c"
  14              		.text
  15              		.section	.text.MQTTDeserialize_publish,"ax",%progbits
  16              		.align	1
  17              		.global	MQTTDeserialize_publish
  18              		.syntax unified
  19              		.thumb
  20              		.thumb_func
  22              	MQTTDeserialize_publish:
  23              		@ args = 20, pretend = 0, frame = 8
  24              		@ frame_needed = 0, uses_anonymous_args = 0
  25 0000 2DE9F041 		push	{r4, r5, r6, r7, r8, lr}
  26 0004 82B0     		sub	sp, sp, #8
  27 0006 8046     		mov	r8, r0
  28 0008 0D46     		mov	r5, r1
  29 000a 1646     		mov	r6, r2
  30 000c 1F46     		mov	r7, r3
  31 000e 0024     		movs	r4, #0
  32 0010 0B9B     		ldr	r3, [sp, #44]
  33 0012 0193     		str	r3, [sp, #4]
  34 0014 0094     		str	r4, [sp]
  35 0016 01A8     		add	r0, sp, #4
  36 0018 FFF7FEFF 		bl	readChar
  37 001c 60F30704 		bfi	r4, r0, #0, #8
  38 0020 00F0F00C 		and	ip, r0, #240
  39 0024 BCF1300F 		cmp	ip, #48
  40 0028 04D0     		beq	.L6
  41 002a 0024     		movs	r4, #0
  42              	.L2:
  43              	.L1:
  44 002c 2046     		mov	r0, r4
  45 002e 02B0     		add	sp, sp, #8
  46              		@ sp needed
  47 0030 BDE8F081 		pop	{r4, r5, r6, r7, r8, pc}
  48              	.L6:
  49 0034 C4F3C003 		ubfx	r3, r4, #3, #1
  50 0038 88F80030 		strb	r3, [r8]
  51 003c C4F34103 		ubfx	r3, r4, #1, #2
  52 0040 2B60     		str	r3, [r5]
  53 0042 C4F30004 		ubfx	r4, r4, #0, #1
  54 0046 3470     		strb	r4, [r6]
  55 0048 6946     		mov	r1, sp
  56 004a 0198     		ldr	r0, [sp, #4]
  57 004c FFF7FEFF 		bl	MQTTPacket_decodeBuf
  58 0050 0446     		mov	r4, r0
ARM GAS  /tmp/cceDMxQp.s 			page 2


  59 0052 019E     		ldr	r6, [sp, #4]
  60 0054 0644     		add	r6, r6, r0
  61 0056 0196     		str	r6, [sp, #4]
  62 0058 009B     		ldr	r3, [sp]
  63 005a 1E44     		add	r6, r6, r3
  64 005c 3246     		mov	r2, r6
  65 005e 01A9     		add	r1, sp, #4
  66 0060 0898     		ldr	r0, [sp, #32]
  67 0062 FFF7FEFF 		bl	readMQTTLenString
  68 0066 0028     		cmp	r0, #0
  69 0068 E0D0     		beq	.L1
  70 006a 019B     		ldr	r3, [sp, #4]
  71 006c F31A     		subs	r3, r6, r3
  72 006e 002B     		cmp	r3, #0
  73 0070 DCDB     		blt	.L1
  74 0072 2B68     		ldr	r3, [r5]
  75 0074 002B     		cmp	r3, #0
  76 0076 07DC     		bgt	.L7
  77              	.L3:
  78 0078 019B     		ldr	r3, [sp, #4]
  79 007a F61A     		subs	r6, r6, r3
  80 007c 0A9A     		ldr	r2, [sp, #40]
  81 007e 1660     		str	r6, [r2]
  82 0080 099A     		ldr	r2, [sp, #36]
  83 0082 1360     		str	r3, [r2]
  84 0084 0124     		movs	r4, #1
  85 0086 D1E7     		b	.L1
  86              	.L7:
  87 0088 01A8     		add	r0, sp, #4
  88 008a FFF7FEFF 		bl	readInt
  89 008e 3880     		strh	r0, [r7]	@ movhi
  90 0090 F2E7     		b	.L3
  92              		.section	.text.MQTTDeserialize_ack,"ax",%progbits
  93              		.align	1
  94              		.global	MQTTDeserialize_ack
  95              		.syntax unified
  96              		.thumb
  97              		.thumb_func
  99              	MQTTDeserialize_ack:
 100              		@ args = 4, pretend = 0, frame = 8
 101              		@ frame_needed = 0, uses_anonymous_args = 0
 102 0000 F0B5     		push	{r4, r5, r6, r7, lr}
 103 0002 83B0     		sub	sp, sp, #12
 104 0004 0546     		mov	r5, r0
 105 0006 0F46     		mov	r7, r1
 106 0008 1646     		mov	r6, r2
 107 000a 0024     		movs	r4, #0
 108 000c 0193     		str	r3, [sp, #4]
 109 000e 01A8     		add	r0, sp, #4
 110 0010 FFF7FEFF 		bl	readChar
 111 0014 60F30704 		bfi	r4, r0, #0, #8
 112 0018 C4F3C003 		ubfx	r3, r4, #3, #1
 113 001c 3B70     		strb	r3, [r7]
 114 001e C4F30314 		ubfx	r4, r4, #4, #4
 115 0022 2C70     		strb	r4, [r5]
 116 0024 6946     		mov	r1, sp
 117 0026 0198     		ldr	r0, [sp, #4]
ARM GAS  /tmp/cceDMxQp.s 			page 3


 118 0028 FFF7FEFF 		bl	MQTTPacket_decodeBuf
 119 002c 019B     		ldr	r3, [sp, #4]
 120 002e 0344     		add	r3, r3, r0
 121 0030 0193     		str	r3, [sp, #4]
 122 0032 009B     		ldr	r3, [sp]
 123 0034 012B     		cmp	r3, #1
 124 0036 04DD     		ble	.L8
 125 0038 01A8     		add	r0, sp, #4
 126 003a FFF7FEFF 		bl	readInt
 127 003e 3080     		strh	r0, [r6]	@ movhi
 128 0040 0120     		movs	r0, #1
 129              	.L9:
 130              	.L8:
 131 0042 03B0     		add	sp, sp, #12
 132              		@ sp needed
 133 0044 F0BD     		pop	{r4, r5, r6, r7, pc}
 135              		.ident	"GCC: (15:14.2.rel1-1) 14.2.1 20241119"
ARM GAS  /tmp/cceDMxQp.s 			page 4


DEFINED SYMBOLS
                            *ABS*:00000000 MQTTDeserializePublish.c
     /tmp/cceDMxQp.s:16     .text.MQTTDeserialize_publish:00000000 $t
     /tmp/cceDMxQp.s:22     .text.MQTTDeserialize_publish:00000000 MQTTDeserialize_publish
     /tmp/cceDMxQp.s:93     .text.MQTTDeserialize_ack:00000000 $t
     /tmp/cceDMxQp.s:99     .text.MQTTDeserialize_ack:00000000 MQTTDeserialize_ack

UNDEFINED SYMBOLS
readChar
MQTTPacket_decodeBuf
readMQTTLenString
readInt
