ARM GAS  /tmp/ccIZFUt7.s 			page 1


   1              		.cpu cortex-m3
   2              		.arch armv7-m
   3              		.fpu softvfp
   4              		.eabi_attribute 20, 1
   5              		.eabi_attribute 21, 1
   6              		.eabi_attribute 23, 3
   7              		.eabi_attribute 24, 1
   8              		.eabi_attribute 25, 1
   9              		.eabi_attribute 26, 1
  10              		.eabi_attribute 30, 1
  11              		.eabi_attribute 34, 1
  12              		.eabi_attribute 18, 4
  13              		.file	"MQTTUnsubscribeServer.c"
  14              		.text
  15              		.section	.text.MQTTDeserialize_unsubscribe,"ax",%progbits
  16              		.align	1
  17              		.global	MQTTDeserialize_unsubscribe
  18              		.syntax unified
  19              		.thumb
  20              		.thumb_func
  22              	MQTTDeserialize_unsubscribe:
  23              		@ args = 12, pretend = 0, frame = 8
  24              		@ frame_needed = 0, uses_anonymous_args = 0
  25 0000 2DE9F041 		push	{r4, r5, r6, r7, r8, lr}
  26 0004 82B0     		sub	sp, sp, #8
  27 0006 0746     		mov	r7, r0
  28 0008 8846     		mov	r8, r1
  29 000a 1C46     		mov	r4, r3
  30 000c 089E     		ldr	r6, [sp, #32]
  31 000e 0025     		movs	r5, #0
  32 0010 099B     		ldr	r3, [sp, #36]
  33 0012 0193     		str	r3, [sp, #4]
  34 0014 0095     		str	r5, [sp]
  35 0016 01A8     		add	r0, sp, #4
  36 0018 FFF7FEFF 		bl	readChar
  37 001c 60F30705 		bfi	r5, r0, #0, #8
  38 0020 00F0F003 		and	r3, r0, #240
  39 0024 A02B     		cmp	r3, #160
  40 0026 04D0     		beq	.L7
  41 0028 0027     		movs	r7, #0
  42              	.L2:
  43              	.L1:
  44 002a 3846     		mov	r0, r7
  45 002c 02B0     		add	sp, sp, #8
  46              		@ sp needed
  47 002e BDE8F081 		pop	{r4, r5, r6, r7, r8, pc}
  48              	.L7:
  49 0032 C5F3C005 		ubfx	r5, r5, #3, #1
  50 0036 3D70     		strb	r5, [r7]
  51 0038 6946     		mov	r1, sp
  52 003a 0198     		ldr	r0, [sp, #4]
  53 003c FFF7FEFF 		bl	MQTTPacket_decodeBuf
  54 0040 0746     		mov	r7, r0
  55 0042 019D     		ldr	r5, [sp, #4]
  56 0044 0544     		add	r5, r5, r0
  57 0046 0195     		str	r5, [sp, #4]
  58 0048 009B     		ldr	r3, [sp]
ARM GAS  /tmp/ccIZFUt7.s 			page 2


  59 004a 1D44     		add	r5, r5, r3
  60 004c 01A8     		add	r0, sp, #4
  61 004e FFF7FEFF 		bl	readInt
  62 0052 A8F80000 		strh	r0, [r8]	@ movhi
  63 0056 0023     		movs	r3, #0
  64 0058 2360     		str	r3, [r4]
  65              	.L3:
  66 005a 019B     		ldr	r3, [sp, #4]
  67 005c AB42     		cmp	r3, r5
  68 005e 0ED2     		bcs	.L8
  69 0060 2068     		ldr	r0, [r4]
  70 0062 00EB4000 		add	r0, r0, r0, lsl #1
  71 0066 2A46     		mov	r2, r5
  72 0068 01A9     		add	r1, sp, #4
  73 006a 06EB8000 		add	r0, r6, r0, lsl #2
  74 006e FFF7FEFF 		bl	readMQTTLenString
  75 0072 0028     		cmp	r0, #0
  76 0074 D9D0     		beq	.L1
  77 0076 2368     		ldr	r3, [r4]
  78 0078 0133     		adds	r3, r3, #1
  79 007a 2360     		str	r3, [r4]
  80 007c EDE7     		b	.L3
  81              	.L8:
  82 007e 0127     		movs	r7, #1
  83 0080 D3E7     		b	.L1
  85              		.section	.text.MQTTSerialize_unsuback,"ax",%progbits
  86              		.align	1
  87              		.global	MQTTSerialize_unsuback
  88              		.syntax unified
  89              		.thumb
  90              		.thumb_func
  92              	MQTTSerialize_unsuback:
  93              		@ args = 0, pretend = 0, frame = 8
  94              		@ frame_needed = 0, uses_anonymous_args = 0
  95 0000 70B5     		push	{r4, r5, r6, lr}
  96 0002 82B0     		sub	sp, sp, #8
  97 0004 0190     		str	r0, [sp, #4]
  98 0006 0129     		cmp	r1, #1
  99 0008 15DD     		ble	.L11
 100 000a 0446     		mov	r4, r0
 101 000c 1546     		mov	r5, r2
 102 000e 01AE     		add	r6, sp, #4
 103 0010 B021     		movs	r1, #176
 104 0012 3046     		mov	r0, r6
 105 0014 FFF7FEFF 		bl	writeChar
 106 0018 0221     		movs	r1, #2
 107 001a 0198     		ldr	r0, [sp, #4]
 108 001c FFF7FEFF 		bl	MQTTPacket_encode
 109 0020 019B     		ldr	r3, [sp, #4]
 110 0022 0344     		add	r3, r3, r0
 111 0024 0193     		str	r3, [sp, #4]
 112 0026 2946     		mov	r1, r5
 113 0028 3046     		mov	r0, r6
 114 002a FFF7FEFF 		bl	writeInt
 115 002e 0198     		ldr	r0, [sp, #4]
 116 0030 001B     		subs	r0, r0, r4
 117              	.L9:
ARM GAS  /tmp/ccIZFUt7.s 			page 3


 118 0032 02B0     		add	sp, sp, #8
 119              		@ sp needed
 120 0034 70BD     		pop	{r4, r5, r6, pc}
 121              	.L11:
 122 0036 6FF00100 		mvn	r0, #1
 123              	.L10:
 124 003a FAE7     		b	.L9
 126              		.ident	"GCC: (15:14.2.rel1-1) 14.2.1 20241119"
ARM GAS  /tmp/ccIZFUt7.s 			page 4


DEFINED SYMBOLS
                            *ABS*:00000000 MQTTUnsubscribeServer.c
     /tmp/ccIZFUt7.s:16     .text.MQTTDeserialize_unsubscribe:00000000 $t
     /tmp/ccIZFUt7.s:22     .text.MQTTDeserialize_unsubscribe:00000000 MQTTDeserialize_unsubscribe
     /tmp/ccIZFUt7.s:86     .text.MQTTSerialize_unsuback:00000000 $t
     /tmp/ccIZFUt7.s:92     .text.MQTTSerialize_unsuback:00000000 MQTTSerialize_unsuback

UNDEFINED SYMBOLS
readChar
MQTTPacket_decodeBuf
readInt
readMQTTLenString
writeChar
MQTTPacket_encode
writeInt
