ARM GAS  /tmp/ccEHVSl7.s 			page 1


   1              		.cpu cortex-m3
   2              		.arch armv7-m
   3              		.fpu softvfp
   4              		.eabi_attribute 20, 1
   5              		.eabi_attribute 21, 1
   6              		.eabi_attribute 23, 3
   7              		.eabi_attribute 24, 1
   8              		.eabi_attribute 25, 1
   9              		.eabi_attribute 26, 1
  10              		.eabi_attribute 30, 1
  11              		.eabi_attribute 34, 1
  12              		.eabi_attribute 18, 4
  13              		.file	"Net_USRK5.c"
  14              		.text
  15              		.section	.text._usrk5_to_lower,"ax",%progbits
  16              		.align	1
  17              		.syntax unified
  18              		.thumb
  19              		.thumb_func
  21              	_usrk5_to_lower:
  22              		@ args = 0, pretend = 0, frame = 0
  23              		@ frame_needed = 0, uses_anonymous_args = 0
  24              		@ link register save eliminated.
  25 0000 A0F14103 		sub	r3, r0, #65
  26 0004 DBB2     		uxtb	r3, r3
  27 0006 192B     		cmp	r3, #25
  28 0008 00D9     		bls	.L3
  29              	.L2:
  30 000a 7047     		bx	lr
  31              	.L3:
  32 000c 2030     		adds	r0, r0, #32
  33 000e C0B2     		uxtb	r0, r0
  34 0010 FBE7     		b	.L2
  36              		.section	.text._usrk5_stristr,"ax",%progbits
  37              		.align	1
  38              		.syntax unified
  39              		.thumb
  40              		.thumb_func
  42              	_usrk5_stristr:
  43              		@ args = 0, pretend = 0, frame = 0
  44              		@ frame_needed = 0, uses_anonymous_args = 0
  45 0000 2DE9F041 		push	{r4, r5, r6, r7, r8, lr}
  46 0004 0646     		mov	r6, r0
  47 0006 38B1     		cbz	r0, .L4
  48 0008 0F46     		mov	r7, r1
  49 000a F9B1     		cbz	r1, .L11
  50 000c 0846     		mov	r0, r1
  51 000e FFF7FEFF 		bl	strlen
  52 0012 8046     		mov	r8, r0
  53 0014 A0B9     		cbnz	r0, .L6
  54 0016 3046     		mov	r0, r6
  55              	.L4:
  56 0018 BDE8F081 		pop	{r4, r5, r6, r7, r8, pc}
  57              	.L18:
  58 001c 0134     		adds	r4, r4, #1
  59              	.L9:
  60 001e 4445     		cmp	r4, r8
ARM GAS  /tmp/ccEHVSl7.s 			page 2


  61 0020 0BD2     		bcs	.L17
  62 0022 305D     		ldrb	r0, [r6, r4]	@ zero_extendqisi2
  63 0024 50B1     		cbz	r0, .L7
  64 0026 FFF7FEFF 		bl	_usrk5_to_lower
  65 002a 0546     		mov	r5, r0
  66 002c 385D     		ldrb	r0, [r7, r4]	@ zero_extendqisi2
  67 002e FFF7FEFF 		bl	_usrk5_to_lower
  68 0032 8542     		cmp	r5, r0
  69 0034 F2D0     		beq	.L18
  70 0036 0020     		movs	r0, #0
  71 0038 00E0     		b	.L7
  72              	.L17:
  73 003a 0120     		movs	r0, #1
  74              	.L7:
  75 003c 40B9     		cbnz	r0, .L14
  76 003e 0136     		adds	r6, r6, #1
  77              	.L6:
  78 0040 3378     		ldrb	r3, [r6]	@ zero_extendqisi2
  79 0042 0BB1     		cbz	r3, .L19
  80 0044 0024     		movs	r4, #0
  81 0046 EAE7     		b	.L9
  82              	.L19:
  83 0048 0020     		movs	r0, #0
  84 004a E5E7     		b	.L4
  85              	.L11:
  86 004c 0846     		mov	r0, r1
  87 004e E3E7     		b	.L4
  88              	.L14:
  89 0050 3046     		mov	r0, r6
  90 0052 E1E7     		b	.L4
  92              		.section	.text._usrk5_wait_response,"ax",%progbits
  93              		.align	1
  94              		.syntax unified
  95              		.thumb
  96              		.thumb_func
  98              	_usrk5_wait_response:
  99              		@ args = 0, pretend = 0, frame = 256
 100              		@ frame_needed = 0, uses_anonymous_args = 0
 101 0000 F0B5     		push	{r4, r5, r6, r7, lr}
 102 0002 C1B0     		sub	sp, sp, #260
 103 0004 0746     		mov	r7, r0
 104 0006 0E46     		mov	r6, r1
 105 0008 0025     		movs	r5, #0
 106 000a 1AE0     		b	.L21
 107              	.L25:
 108 000c 1DF80310 		ldrb	r1, [sp, r3]	@ zero_extendqisi2
 109 0010 03F58072 		add	r2, r3, #256
 110 0014 6A44     		add	r2, sp, r2
 111 0016 02F8801C 		strb	r1, [r2, #-128]
 112 001a 0133     		adds	r3, r3, #1
 113 001c 9BB2     		uxth	r3, r3
 114              	.L23:
 115 001e A342     		cmp	r3, r4
 116 0020 F4D3     		bcc	.L25
 117 0022 04F58073 		add	r3, r4, #256
 118 0026 0DEB0304 		add	r4, sp, r3
 119 002a 0023     		movs	r3, #0
ARM GAS  /tmp/ccEHVSl7.s 			page 3


 120 002c 04F8803C 		strb	r3, [r4, #-128]
 121 0030 3946     		mov	r1, r7
 122 0032 20A8     		add	r0, sp, #128
 123 0034 FFF7FEFF 		bl	_usrk5_stristr
 124 0038 B8B9     		cbnz	r0, .L30
 125              	.L22:
 126 003a 0A20     		movs	r0, #10
 127 003c FFF7FEFF 		bl	delay_ms
 128 0040 0A35     		adds	r5, r5, #10
 129              	.L21:
 130 0042 B542     		cmp	r5, r6
 131 0044 13D2     		bcs	.L31
 132 0046 0C4B     		ldr	r3, .L32
 133 0048 93F88A31 		ldrb	r3, [r3, #394]	@ zero_extendqisi2
 134 004c 002B     		cmp	r3, #0
 135 004e F4D0     		beq	.L22
 136 0050 8021     		movs	r1, #128
 137 0052 6846     		mov	r0, sp
 138 0054 FFF7FEFF 		bl	uart2_recv_data
 139 0058 0446     		mov	r4, r0
 140 005a FFF7FEFF 		bl	uart2_clear_rx_flag
 141 005e 631E     		subs	r3, r4, #1
 142 0060 9BB2     		uxth	r3, r3
 143 0062 7E2B     		cmp	r3, #126
 144 0064 E9D8     		bhi	.L22
 145 0066 0023     		movs	r3, #0
 146 0068 D9E7     		b	.L23
 147              	.L30:
 148 006a 0120     		movs	r0, #1
 149 006c 00E0     		b	.L26
 150              	.L31:
 151 006e 0020     		movs	r0, #0
 152              	.L26:
 153 0070 80F00100 		eor	r0, r0, #1
 154 0074 41B0     		add	sp, sp, #260
 155              		@ sp needed
 156 0076 F0BD     		pop	{r4, r5, r6, r7, pc}
 157              	.L33:
 158              		.align	2
 159              	.L32:
 160 0078 00000000 		.word	g_uart2_dev
 162              		.section	.rodata._usrk5_read_until.str1.4,"aMS",%progbits,1
 163              		.align	2
 164              	.LC0:
 165 0000 2B6F6B00 		.ascii	"+ok\000"
 166              		.align	2
 167              	.LC1:
 168 0004 2B455252 		.ascii	"+ERR\000"
 168      00
 169              		.section	.text._usrk5_read_until,"ax",%progbits
 170              		.align	1
 171              		.syntax unified
 172              		.thumb
 173              		.thumb_func
 175              	_usrk5_read_until:
 176              		@ args = 0, pretend = 0, frame = 128
 177              		@ frame_needed = 0, uses_anonymous_args = 0
ARM GAS  /tmp/ccEHVSl7.s 			page 4


 178 0000 0028     		cmp	r0, #0
 179 0002 00F09080 		beq	.L52
 180 0006 2DE9F047 		push	{r4, r5, r6, r7, r8, r9, r10, lr}
 181 000a A0B0     		sub	sp, sp, #128
 182 000c 0F46     		mov	r7, r1
 183 000e 9046     		mov	r8, r2
 184 0010 0646     		mov	r6, r0
 185 0012 0129     		cmp	r1, #1
 186 0014 40F28980 		bls	.L53
 187 0018 0024     		movs	r4, #0
 188 001a 0470     		strb	r4, [r0]
 189 001c A146     		mov	r9, r4
 190 001e 2546     		mov	r5, r4
 191 0020 56E0     		b	.L36
 192              	.L60:
 193 0022 8021     		movs	r1, #128
 194 0024 6846     		mov	r0, sp
 195 0026 FFF7FEFF 		bl	uart2_recv_data
 196 002a 8246     		mov	r10, r0
 197 002c FFF7FEFF 		bl	uart2_clear_rx_flag
 198 0030 BAF1000F 		cmp	r10, #0
 199 0034 53D0     		beq	.L37
 200 0036 0023     		movs	r3, #0
 201 0038 09E0     		b	.L38
 202              	.L41:
 203 003a 0134     		adds	r4, r4, #1
 204 003c A4B2     		uxth	r4, r4
 205 003e 03F18002 		add	r2, r3, #128
 206 0042 6A44     		add	r2, sp, r2
 207 0044 12F8802C 		ldrb	r2, [r2, #-128]	@ zero_extendqisi2
 208 0048 7254     		strb	r2, [r6, r1]
 209 004a 0133     		adds	r3, r3, #1
 210 004c 9BB2     		uxth	r3, r3
 211              	.L38:
 212 004e 5345     		cmp	r3, r10
 213 0050 03D2     		bcs	.L40
 214 0052 2146     		mov	r1, r4
 215 0054 7A1E     		subs	r2, r7, #1
 216 0056 9442     		cmp	r4, r2
 217 0058 EFD3     		bcc	.L41
 218              	.L40:
 219 005a 0023     		movs	r3, #0
 220 005c 3355     		strb	r3, [r6, r4]
 221 005e 3449     		ldr	r1, .L61
 222 0060 3046     		mov	r0, r6
 223 0062 FFF7FEFF 		bl	_usrk5_stristr
 224 0066 38B9     		cbnz	r0, .L42
 225 0068 3249     		ldr	r1, .L61+4
 226 006a 3046     		mov	r0, r6
 227 006c FFF7FEFF 		bl	_usrk5_stristr
 228 0070 10B9     		cbnz	r0, .L42
 229 0072 4FF00109 		mov	r9, #1
 230 0076 32E0     		b	.L37
 231              	.L42:
 232 0078 4FF00109 		mov	r9, #1
 233              	.L43:
 234 007c 89F00100 		eor	r0, r9, #1
ARM GAS  /tmp/ccEHVSl7.s 			page 5


 235              	.L35:
 236 0080 20B0     		add	sp, sp, #128
 237              		@ sp needed
 238 0082 BDE8F087 		pop	{r4, r5, r6, r7, r8, r9, r10, pc}
 239              	.L44:
 240 0086 2C4B     		ldr	r3, .L61+8
 241 0088 B3F88811 		ldrh	r1, [r3, #392]
 242 008c 89B2     		uxth	r1, r1
 243 008e B3F88631 		ldrh	r3, [r3, #390]
 244 0092 9BB2     		uxth	r3, r3
 245 0094 C91A     		subs	r1, r1, r3
 246 0096 89B2     		uxth	r1, r1
 247 0098 01F58071 		add	r1, r1, #256
 248 009c 89B2     		uxth	r1, r1
 249 009e 30E0     		b	.L45
 250              	.L50:
 251 00a0 0134     		adds	r4, r4, #1
 252 00a2 A4B2     		uxth	r4, r4
 253 00a4 03F18002 		add	r2, r3, #128
 254 00a8 6A44     		add	r2, sp, r2
 255 00aa 12F8802C 		ldrb	r2, [r2, #-128]	@ zero_extendqisi2
 256 00ae 7254     		strb	r2, [r6, r1]
 257 00b0 0133     		adds	r3, r3, #1
 258 00b2 9BB2     		uxth	r3, r3
 259              	.L47:
 260 00b4 6345     		cmp	r3, ip
 261 00b6 03D2     		bcs	.L49
 262 00b8 2146     		mov	r1, r4
 263 00ba 7A1E     		subs	r2, r7, #1
 264 00bc 9442     		cmp	r4, r2
 265 00be EFD3     		bcc	.L50
 266              	.L49:
 267 00c0 0023     		movs	r3, #0
 268 00c2 3355     		strb	r3, [r6, r4]
 269 00c4 4FF00109 		mov	r9, #1
 270              	.L46:
 271 00c8 3220     		movs	r0, #50
 272 00ca FFF7FEFF 		bl	delay_ms
 273 00ce 3235     		adds	r5, r5, #50
 274              	.L36:
 275 00d0 4545     		cmp	r5, r8
 276 00d2 D3D2     		bcs	.L43
 277 00d4 184B     		ldr	r3, .L61+8
 278 00d6 93F88A31 		ldrb	r3, [r3, #394]	@ zero_extendqisi2
 279 00da 002B     		cmp	r3, #0
 280 00dc A1D1     		bne	.L60
 281              	.L37:
 282 00de 164B     		ldr	r3, .L61+8
 283 00e0 B3F88821 		ldrh	r2, [r3, #392]
 284 00e4 92B2     		uxth	r2, r2
 285 00e6 B3F88631 		ldrh	r3, [r3, #390]
 286 00ea 9BB2     		uxth	r3, r3
 287 00ec 9A42     		cmp	r2, r3
 288 00ee CAD3     		bcc	.L44
 289 00f0 114B     		ldr	r3, .L61+8
 290 00f2 B3F88811 		ldrh	r1, [r3, #392]
 291 00f6 89B2     		uxth	r1, r1
ARM GAS  /tmp/ccEHVSl7.s 			page 6


 292 00f8 B3F88631 		ldrh	r3, [r3, #390]
 293 00fc 9BB2     		uxth	r3, r3
 294 00fe C91A     		subs	r1, r1, r3
 295 0100 89B2     		uxth	r1, r1
 296              	.L45:
 297 0102 0029     		cmp	r1, #0
 298 0104 E0D0     		beq	.L46
 299 0106 0C4B     		ldr	r3, .L61+8
 300 0108 93F88A31 		ldrb	r3, [r3, #394]	@ zero_extendqisi2
 301 010c 002B     		cmp	r3, #0
 302 010e DBD1     		bne	.L46
 303 0110 8029     		cmp	r1, #128
 304 0112 28BF     		it	cs
 305 0114 8021     		movcs	r1, #128
 306 0116 6846     		mov	r0, sp
 307 0118 FFF7FEFF 		bl	uart2_recv_data
 308 011c 8446     		mov	ip, r0
 309 011e 0028     		cmp	r0, #0
 310 0120 D2D0     		beq	.L46
 311 0122 0023     		movs	r3, #0
 312 0124 C6E7     		b	.L47
 313              	.L52:
 314 0126 0120     		movs	r0, #1
 315 0128 7047     		bx	lr
 316              	.L53:
 317 012a 0120     		movs	r0, #1
 318 012c A8E7     		b	.L35
 319              	.L62:
 320 012e 00BF     		.align	2
 321              	.L61:
 322 0130 00000000 		.word	.LC0
 323 0134 04000000 		.word	.LC1
 324 0138 00000000 		.word	g_uart2_dev
 326              		.section	.text._usrk5_check_ok,"ax",%progbits
 327              		.align	1
 328              		.syntax unified
 329              		.thumb
 330              		.thumb_func
 332              	_usrk5_check_ok:
 333              		@ args = 0, pretend = 0, frame = 0
 334              		@ frame_needed = 0, uses_anonymous_args = 0
 335 0000 40B1     		cbz	r0, .L65
 336 0002 08B5     		push	{r3, lr}
 337 0004 0449     		ldr	r1, .L72
 338 0006 FFF7FEFF 		bl	_usrk5_stristr
 339 000a 08B1     		cbz	r0, .L71
 340 000c 0020     		movs	r0, #0
 341              	.L64:
 342 000e 08BD     		pop	{r3, pc}
 343              	.L71:
 344 0010 0120     		movs	r0, #1
 345 0012 FCE7     		b	.L64
 346              	.L65:
 347 0014 0120     		movs	r0, #1
 348 0016 7047     		bx	lr
 349              	.L73:
 350              		.align	2
ARM GAS  /tmp/ccEHVSl7.s 			page 7


 351              	.L72:
 352 0018 00000000 		.word	.LC0
 354              		.section	.text._usrk5_uart_init,"ax",%progbits
 355              		.align	1
 356              		.syntax unified
 357              		.thumb
 358              		.thumb_func
 360              	_usrk5_uart_init:
 361              		@ args = 0, pretend = 0, frame = 24
 362              		@ frame_needed = 0, uses_anonymous_args = 0
 363 0000 F0B5     		push	{r4, r5, r6, r7, lr}
 364 0002 87B0     		sub	sp, sp, #28
 365 0004 0446     		mov	r4, r0
 366 0006 0121     		movs	r1, #1
 367 0008 0420     		movs	r0, #4
 368 000a FFF7FEFF 		bl	RCC_APB2PeriphClockCmd
 369 000e 0121     		movs	r1, #1
 370 0010 4FF40030 		mov	r0, #131072
 371 0014 FFF7FEFF 		bl	RCC_APB1PeriphClockCmd
 372 0018 0427     		movs	r7, #4
 373 001a ADF81470 		strh	r7, [sp, #20]	@ movhi
 374 001e 0323     		movs	r3, #3
 375 0020 8DF81630 		strb	r3, [sp, #22]
 376 0024 1823     		movs	r3, #24
 377 0026 8DF81730 		strb	r3, [sp, #23]
 378 002a 05AE     		add	r6, sp, #20
 379 002c 1F4D     		ldr	r5, .L76
 380 002e 3146     		mov	r1, r6
 381 0030 2846     		mov	r0, r5
 382 0032 FFF7FEFF 		bl	GPIO_Init
 383 0036 0823     		movs	r3, #8
 384 0038 ADF81430 		strh	r3, [sp, #20]	@ movhi
 385 003c 8DF81770 		strb	r7, [sp, #23]
 386 0040 3146     		mov	r1, r6
 387 0042 2846     		mov	r0, r5
 388 0044 FFF7FEFF 		bl	GPIO_Init
 389 0048 0194     		str	r4, [sp, #4]
 390 004a 0025     		movs	r5, #0
 391 004c ADF80850 		strh	r5, [sp, #8]	@ movhi
 392 0050 ADF80A50 		strh	r5, [sp, #10]	@ movhi
 393 0054 ADF80C50 		strh	r5, [sp, #12]	@ movhi
 394 0058 ADF81050 		strh	r5, [sp, #16]	@ movhi
 395 005c 0C23     		movs	r3, #12
 396 005e ADF80E30 		strh	r3, [sp, #14]	@ movhi
 397 0062 134E     		ldr	r6, .L76+4
 398 0064 0DEB0701 		add	r1, sp, r7
 399 0068 3046     		mov	r0, r6
 400 006a FFF7FEFF 		bl	USART_Init
 401 006e 2623     		movs	r3, #38
 402 0070 8DF80030 		strb	r3, [sp]
 403 0074 0124     		movs	r4, #1
 404 0076 8DF80140 		strb	r4, [sp, #1]
 405 007a 8DF80250 		strb	r5, [sp, #2]
 406 007e 8DF80340 		strb	r4, [sp, #3]
 407 0082 6846     		mov	r0, sp
 408 0084 FFF7FEFF 		bl	NVIC_Init
 409 0088 2246     		mov	r2, r4
ARM GAS  /tmp/ccEHVSl7.s 			page 8


 410 008a 40F22551 		movw	r1, #1317
 411 008e 3046     		mov	r0, r6
 412 0090 FFF7FEFF 		bl	USART_ITConfig
 413 0094 2246     		mov	r2, r4
 414 0096 40F22441 		movw	r1, #1060
 415 009a 3046     		mov	r0, r6
 416 009c FFF7FEFF 		bl	USART_ITConfig
 417 00a0 2146     		mov	r1, r4
 418 00a2 3046     		mov	r0, r6
 419 00a4 FFF7FEFF 		bl	USART_Cmd
 420 00a8 07B0     		add	sp, sp, #28
 421              		@ sp needed
 422 00aa F0BD     		pop	{r4, r5, r6, r7, pc}
 423              	.L77:
 424              		.align	2
 425              	.L76:
 426 00ac 00080140 		.word	1073809408
 427 00b0 00440040 		.word	1073759232
 429              		.section	.text.usrk5_hw_reset,"ax",%progbits
 430              		.align	1
 431              		.global	usrk5_hw_reset
 432              		.syntax unified
 433              		.thumb
 434              		.thumb_func
 436              	usrk5_hw_reset:
 437              		@ args = 0, pretend = 0, frame = 0
 438              		@ frame_needed = 0, uses_anonymous_args = 0
 439 0000 10B5     		push	{r4, lr}
 440 0002 094C     		ldr	r4, .L80
 441 0004 4021     		movs	r1, #64
 442 0006 2046     		mov	r0, r4
 443 0008 FFF7FEFF 		bl	GPIO_ResetBits
 444 000c 4FF49670 		mov	r0, #300
 445 0010 FFF7FEFF 		bl	delay_ms
 446 0014 4021     		movs	r1, #64
 447 0016 2046     		mov	r0, r4
 448 0018 FFF7FEFF 		bl	GPIO_SetBits
 449 001c 4FF4FA60 		mov	r0, #2000
 450 0020 FFF7FEFF 		bl	delay_ms
 451 0024 10BD     		pop	{r4, pc}
 452              	.L81:
 453 0026 00BF     		.align	2
 454              	.L80:
 455 0028 00080140 		.word	1073809408
 457              		.section	.text.usrk5_init,"ax",%progbits
 458              		.align	1
 459              		.global	usrk5_init
 460              		.syntax unified
 461              		.thumb
 462              		.thumb_func
 464              	usrk5_init:
 465              		@ args = 0, pretend = 0, frame = 8
 466              		@ frame_needed = 0, uses_anonymous_args = 0
 467 0000 30B5     		push	{r4, r5, lr}
 468 0002 83B0     		sub	sp, sp, #12
 469 0004 0121     		movs	r1, #1
 470 0006 0420     		movs	r0, #4
ARM GAS  /tmp/ccEHVSl7.s 			page 9


 471 0008 FFF7FEFF 		bl	RCC_APB2PeriphClockCmd
 472 000c 6025     		movs	r5, #96
 473 000e ADF80450 		strh	r5, [sp, #4]	@ movhi
 474 0012 0323     		movs	r3, #3
 475 0014 8DF80630 		strb	r3, [sp, #6]
 476 0018 1023     		movs	r3, #16
 477 001a 8DF80730 		strb	r3, [sp, #7]
 478 001e 064C     		ldr	r4, .L84
 479 0020 01A9     		add	r1, sp, #4
 480 0022 2046     		mov	r0, r4
 481 0024 FFF7FEFF 		bl	GPIO_Init
 482 0028 2946     		mov	r1, r5
 483 002a 2046     		mov	r0, r4
 484 002c FFF7FEFF 		bl	GPIO_SetBits
 485 0030 FFF7FEFF 		bl	usrk5_hw_reset
 486 0034 03B0     		add	sp, sp, #12
 487              		@ sp needed
 488 0036 30BD     		pop	{r4, r5, pc}
 489              	.L85:
 490              		.align	2
 491              	.L84:
 492 0038 00080140 		.word	1073809408
 494              		.section	.text.usrk5_reload_default,"ax",%progbits
 495              		.align	1
 496              		.global	usrk5_reload_default
 497              		.syntax unified
 498              		.thumb
 499              		.thumb_func
 501              	usrk5_reload_default:
 502              		@ args = 0, pretend = 0, frame = 0
 503              		@ frame_needed = 0, uses_anonymous_args = 0
 504 0000 10B5     		push	{r4, lr}
 505 0002 094C     		ldr	r4, .L88
 506 0004 2021     		movs	r1, #32
 507 0006 2046     		mov	r0, r4
 508 0008 FFF7FEFF 		bl	GPIO_ResetBits
 509 000c 40F6B830 		movw	r0, #3000
 510 0010 FFF7FEFF 		bl	delay_ms
 511 0014 2021     		movs	r1, #32
 512 0016 2046     		mov	r0, r4
 513 0018 FFF7FEFF 		bl	GPIO_SetBits
 514 001c 4FF4FA60 		mov	r0, #2000
 515 0020 FFF7FEFF 		bl	delay_ms
 516 0024 10BD     		pop	{r4, pc}
 517              	.L89:
 518 0026 00BF     		.align	2
 519              	.L88:
 520 0028 00080140 		.word	1073809408
 522              		.section	.rodata.usrk5_enter_at_mode.str1.4,"aMS",%progbits,1
 523              		.align	2
 524              	.LC2:
 525 0000 2B2B2B00 		.ascii	"+++\000"
 526              		.align	2
 527              	.LC3:
 528 0004 6100     		.ascii	"a\000"
 529              		.section	.text.usrk5_enter_at_mode,"ax",%progbits
 530              		.align	1
ARM GAS  /tmp/ccEHVSl7.s 			page 10


 531              		.global	usrk5_enter_at_mode
 532              		.syntax unified
 533              		.thumb
 534              		.thumb_func
 536              	usrk5_enter_at_mode:
 537              		@ args = 0, pretend = 0, frame = 0
 538              		@ frame_needed = 0, uses_anonymous_args = 0
 539 0000 10B5     		push	{r4, lr}
 540 0002 0024     		movs	r4, #0
 541 0004 01E0     		b	.L91
 542              	.L94:
 543 0006 0134     		adds	r4, r4, #1
 544 0008 E4B2     		uxtb	r4, r4
 545              	.L91:
 546 000a 022C     		cmp	r4, #2
 547 000c 32D8     		bhi	.L99
 548 000e FFF7FEFF 		bl	uart2_clear_rx_flag
 549 0012 194A     		ldr	r2, .L100
 550 0014 B2F88831 		ldrh	r3, [r2, #392]
 551 0018 9BB2     		uxth	r3, r3
 552 001a A2F88631 		strh	r3, [r2, #390]	@ movhi
 553              	.L92:
 554 001e 4021     		movs	r1, #64
 555 0020 1648     		ldr	r0, .L100+4
 556 0022 FFF7FEFF 		bl	USART_GetFlagStatus
 557 0026 0028     		cmp	r0, #0
 558 0028 F9D0     		beq	.L92
 559 002a 4FF4FA70 		mov	r0, #500
 560 002e FFF7FEFF 		bl	delay_ms
 561 0032 1348     		ldr	r0, .L100+8
 562 0034 FFF7FEFF 		bl	uart2_send_string
 563              	.L93:
 564 0038 4021     		movs	r1, #64
 565 003a 1048     		ldr	r0, .L100+4
 566 003c FFF7FEFF 		bl	USART_GetFlagStatus
 567 0040 0028     		cmp	r0, #0
 568 0042 F9D0     		beq	.L93
 569 0044 4FF49671 		mov	r1, #300
 570 0048 0E48     		ldr	r0, .L100+12
 571 004a FFF7FEFF 		bl	_usrk5_wait_response
 572 004e 0028     		cmp	r0, #0
 573 0050 D9D1     		bne	.L94
 574 0052 0C48     		ldr	r0, .L100+12
 575 0054 FFF7FEFF 		bl	uart2_send_string
 576              	.L95:
 577 0058 4021     		movs	r1, #64
 578 005a 0848     		ldr	r0, .L100+4
 579 005c FFF7FEFF 		bl	USART_GetFlagStatus
 580 0060 0028     		cmp	r0, #0
 581 0062 F9D0     		beq	.L95
 582 0064 40F6B831 		movw	r1, #3000
 583 0068 0748     		ldr	r0, .L100+16
 584 006a FFF7FEFF 		bl	_usrk5_wait_response
 585 006e 0028     		cmp	r0, #0
 586 0070 C9D1     		bne	.L94
 587 0072 00E0     		b	.L96
 588              	.L99:
ARM GAS  /tmp/ccEHVSl7.s 			page 11


 589 0074 0120     		movs	r0, #1
 590              	.L96:
 591 0076 10BD     		pop	{r4, pc}
 592              	.L101:
 593              		.align	2
 594              	.L100:
 595 0078 00000000 		.word	g_uart2_dev
 596 007c 00440040 		.word	1073759232
 597 0080 00000000 		.word	.LC2
 598 0084 04000000 		.word	.LC3
 599 0088 00000000 		.word	.LC0
 601              		.section	.rodata.usrk5_send_at_cmd.str1.4,"aMS",%progbits,1
 602              		.align	2
 603              	.LC4:
 604 0000 0D0A00   		.ascii	"\015\012\000"
 605              		.section	.text.usrk5_send_at_cmd,"ax",%progbits
 606              		.align	1
 607              		.global	usrk5_send_at_cmd
 608              		.syntax unified
 609              		.thumb
 610              		.thumb_func
 612              	usrk5_send_at_cmd:
 613              		@ args = 0, pretend = 0, frame = 0
 614              		@ frame_needed = 0, uses_anonymous_args = 0
 615 0000 30B3     		cbz	r0, .L105
 616 0002 F8B5     		push	{r3, r4, r5, r6, r7, lr}
 617 0004 0F46     		mov	r7, r1
 618 0006 1646     		mov	r6, r2
 619 0008 1D46     		mov	r5, r3
 620 000a 0446     		mov	r4, r0
 621 000c 0378     		ldrb	r3, [r0]	@ zero_extendqisi2
 622 000e 0BB9     		cbnz	r3, .L113
 623 0010 0120     		movs	r0, #1
 624              	.L103:
 625 0012 F8BD     		pop	{r3, r4, r5, r6, r7, pc}
 626              	.L113:
 627 0014 FFF7FEFF 		bl	uart2_clear_rx_flag
 628 0018 0F4A     		ldr	r2, .L115
 629 001a B2F88831 		ldrh	r3, [r2, #392]
 630 001e 9BB2     		uxth	r3, r3
 631 0020 A2F88631 		strh	r3, [r2, #390]	@ movhi
 632 0024 2046     		mov	r0, r4
 633 0026 FFF7FEFF 		bl	uart2_send_string
 634 002a 0C48     		ldr	r0, .L115+4
 635 002c FFF7FEFF 		bl	uart2_send_string
 636              	.L104:
 637 0030 4021     		movs	r1, #64
 638 0032 0B48     		ldr	r0, .L115+8
 639 0034 FFF7FEFF 		bl	USART_GetFlagStatus
 640 0038 0028     		cmp	r0, #0
 641 003a F9D0     		beq	.L104
 642 003c 57B1     		cbz	r7, .L107
 643 003e 0EB9     		cbnz	r6, .L114
 644 0040 0020     		movs	r0, #0
 645 0042 E6E7     		b	.L103
 646              	.L114:
 647 0044 2A46     		mov	r2, r5
ARM GAS  /tmp/ccEHVSl7.s 			page 12


 648 0046 3146     		mov	r1, r6
 649 0048 3846     		mov	r0, r7
 650 004a FFF7FEFF 		bl	_usrk5_read_until
 651 004e E0E7     		b	.L103
 652              	.L105:
 653 0050 0120     		movs	r0, #1
 654 0052 7047     		bx	lr
 655              	.L107:
 656 0054 0020     		movs	r0, #0
 657 0056 DCE7     		b	.L103
 658              	.L116:
 659              		.align	2
 660              	.L115:
 661 0058 00000000 		.word	g_uart2_dev
 662 005c 00000000 		.word	.LC4
 663 0060 00440040 		.word	1073759232
 665              		.section	.rodata.usrk5_exit_at_mode.str1.4,"aMS",%progbits,1
 666              		.align	2
 667              	.LC5:
 668 0000 41542B45 		.ascii	"AT+ENTM\000"
 668      4E544D00 
 669              		.section	.text.usrk5_exit_at_mode,"ax",%progbits
 670              		.align	1
 671              		.global	usrk5_exit_at_mode
 672              		.syntax unified
 673              		.thumb
 674              		.thumb_func
 676              	usrk5_exit_at_mode:
 677              		@ args = 0, pretend = 0, frame = 0
 678              		@ frame_needed = 0, uses_anonymous_args = 0
 679 0000 08B5     		push	{r3, lr}
 680 0002 4FF4FA63 		mov	r3, #2000
 681 0006 0022     		movs	r2, #0
 682 0008 1146     		mov	r1, r2
 683 000a 0248     		ldr	r0, .L119
 684 000c FFF7FEFF 		bl	usrk5_send_at_cmd
 685 0010 08BD     		pop	{r3, pc}
 686              	.L120:
 687 0012 00BF     		.align	2
 688              	.L119:
 689 0014 00000000 		.word	.LC5
 691              		.section	.text._usrk5_send_and_confirm,"ax",%progbits
 692              		.align	1
 693              		.syntax unified
 694              		.thumb
 695              		.thumb_func
 697              	_usrk5_send_and_confirm:
 698              		@ args = 0, pretend = 0, frame = 64
 699              		@ frame_needed = 0, uses_anonymous_args = 0
 700 0000 00B5     		push	{lr}
 701 0002 91B0     		sub	sp, sp, #68
 702 0004 4FF4FA63 		mov	r3, #2000
 703 0008 4022     		movs	r2, #64
 704 000a 6946     		mov	r1, sp
 705 000c FFF7FEFF 		bl	usrk5_send_at_cmd
 706 0010 18B1     		cbz	r0, .L125
 707 0012 0120     		movs	r0, #1
ARM GAS  /tmp/ccEHVSl7.s 			page 13


 708              	.L122:
 709 0014 11B0     		add	sp, sp, #68
 710              		@ sp needed
 711 0016 5DF804FB 		ldr	pc, [sp], #4
 712              	.L125:
 713 001a 6846     		mov	r0, sp
 714 001c FFF7FEFF 		bl	_usrk5_check_ok
 715 0020 F8E7     		b	.L122
 717              		.section	.rodata.usrk5_set_net_mode.str1.4,"aMS",%progbits,1
 718              		.align	2
 719              	.LC6:
 720 0000 41542B4E 		.ascii	"AT+NETP=TCP,CLIENT,0\000"
 720      4554503D 
 720      5443502C 
 720      434C4945 
 720      4E542C30 
 721 0015 000000   		.align	2
 722              	.LC7:
 723 0018 41542B4E 		.ascii	"AT+NETP=TCP,SERVER,0\000"
 723      4554503D 
 723      5443502C 
 723      53455256 
 723      45522C30 
 724 002d 000000   		.align	2
 725              	.LC8:
 726 0030 41542B4E 		.ascii	"AT+NETP=UDP,CLIENT,0\000"
 726      4554503D 
 726      5544502C 
 726      434C4945 
 726      4E542C30 
 727 0045 000000   		.align	2
 728              	.LC9:
 729 0048 41542B4E 		.ascii	"AT+NETP=UDP,SERVER,0\000"
 729      4554503D 
 729      5544502C 
 729      53455256 
 729      45522C30 
 730              		.section	.text.usrk5_set_net_mode,"ax",%progbits
 731              		.align	1
 732              		.global	usrk5_set_net_mode
 733              		.syntax unified
 734              		.thumb
 735              		.thumb_func
 737              	usrk5_set_net_mode:
 738              		@ args = 0, pretend = 0, frame = 32
 739              		@ frame_needed = 0, uses_anonymous_args = 0
 740 0000 10B5     		push	{r4, lr}
 741 0002 88B0     		sub	sp, sp, #32
 742 0004 0328     		cmp	r0, #3
 743 0006 3BD8     		bhi	.L134
 744 0008 DFE800F0 		tbb	[pc, r0]
 745              	.L129:
 746 000c 02       		.byte	(.L132-.L129)/2
 747 000d 16       		.byte	(.L131-.L129)/2
 748 000e 22       		.byte	(.L130-.L129)/2
 749 000f 2E       		.byte	(.L128-.L129)/2
 750              		.p2align 1
ARM GAS  /tmp/ccEHVSl7.s 			page 14


 751              	.L132:
 752 0010 EC46     		mov	ip, sp
 753 0012 1C4C     		ldr	r4, .L136
 754 0014 0FCC     		ldmia	r4!, {r0, r1, r2, r3}
 755 0016 ACE80F00 		stmia	ip!, {r0, r1, r2, r3}
 756 001a 94E80300 		ldm	r4, {r0, r1}
 757 001e 4CF8040B 		str	r0, [ip], #4
 758 0022 8CF80010 		strb	r1, [ip]
 759              	.L133:
 760 0026 4FF4FA63 		mov	r3, #2000
 761 002a 0022     		movs	r2, #0
 762 002c 1146     		mov	r1, r2
 763 002e 6846     		mov	r0, sp
 764 0030 FFF7FEFF 		bl	usrk5_send_at_cmd
 765              	.L127:
 766 0034 08B0     		add	sp, sp, #32
 767              		@ sp needed
 768 0036 10BD     		pop	{r4, pc}
 769              	.L131:
 770 0038 EC46     		mov	ip, sp
 771 003a 134C     		ldr	r4, .L136+4
 772 003c 0FCC     		ldmia	r4!, {r0, r1, r2, r3}
 773 003e ACE80F00 		stmia	ip!, {r0, r1, r2, r3}
 774 0042 94E80300 		ldm	r4, {r0, r1}
 775 0046 4CF8040B 		str	r0, [ip], #4
 776 004a 8CF80010 		strb	r1, [ip]
 777 004e EAE7     		b	.L133
 778              	.L130:
 779 0050 EC46     		mov	ip, sp
 780 0052 0E4C     		ldr	r4, .L136+8
 781 0054 0FCC     		ldmia	r4!, {r0, r1, r2, r3}
 782 0056 ACE80F00 		stmia	ip!, {r0, r1, r2, r3}
 783 005a 94E80300 		ldm	r4, {r0, r1}
 784 005e 4CF8040B 		str	r0, [ip], #4
 785 0062 8CF80010 		strb	r1, [ip]
 786 0066 DEE7     		b	.L133
 787              	.L128:
 788 0068 EC46     		mov	ip, sp
 789 006a 094C     		ldr	r4, .L136+12
 790 006c 0FCC     		ldmia	r4!, {r0, r1, r2, r3}
 791 006e ACE80F00 		stmia	ip!, {r0, r1, r2, r3}
 792 0072 94E80300 		ldm	r4, {r0, r1}
 793 0076 4CF8040B 		str	r0, [ip], #4
 794 007a 8CF80010 		strb	r1, [ip]
 795 007e D2E7     		b	.L133
 796              	.L134:
 797 0080 0120     		movs	r0, #1
 798 0082 D7E7     		b	.L127
 799              	.L137:
 800              		.align	2
 801              	.L136:
 802 0084 00000000 		.word	.LC6
 803 0088 18000000 		.word	.LC7
 804 008c 30000000 		.word	.LC8
 805 0090 48000000 		.word	.LC9
 807              		.section	.rodata.usrk5_set_remote_ip.str1.4,"aMS",%progbits,1
 808              		.align	2
ARM GAS  /tmp/ccEHVSl7.s 			page 15


 809              	.LC10:
 810 0000 41542B54 		.ascii	"AT+TCPLK=%s,%u\000"
 810      43504C4B 
 810      3D25732C 
 810      257500
 811              		.section	.text.usrk5_set_remote_ip,"ax",%progbits
 812              		.align	1
 813              		.global	usrk5_set_remote_ip
 814              		.syntax unified
 815              		.thumb
 816              		.thumb_func
 818              	usrk5_set_remote_ip:
 819              		@ args = 0, pretend = 0, frame = 64
 820              		@ frame_needed = 0, uses_anonymous_args = 0
 821 0000 90B1     		cbz	r0, .L140
 822 0002 10B5     		push	{r4, lr}
 823 0004 92B0     		sub	sp, sp, #72
 824 0006 0346     		mov	r3, r0
 825 0008 02AC     		add	r4, sp, #8
 826 000a 0091     		str	r1, [sp]
 827 000c 074A     		ldr	r2, .L145
 828 000e 4021     		movs	r1, #64
 829 0010 2046     		mov	r0, r4
 830 0012 FFF7FEFF 		bl	snprintf
 831 0016 4FF4FA63 		mov	r3, #2000
 832 001a 0022     		movs	r2, #0
 833 001c 1146     		mov	r1, r2
 834 001e 2046     		mov	r0, r4
 835 0020 FFF7FEFF 		bl	usrk5_send_at_cmd
 836 0024 12B0     		add	sp, sp, #72
 837              		@ sp needed
 838 0026 10BD     		pop	{r4, pc}
 839              	.L140:
 840 0028 0120     		movs	r0, #1
 841 002a 7047     		bx	lr
 842              	.L146:
 843              		.align	2
 844              	.L145:
 845 002c 00000000 		.word	.LC10
 847              		.section	.rodata.usrk5_set_local_port.str1.4,"aMS",%progbits,1
 848              		.align	2
 849              	.LC11:
 850 0000 41542B4C 		.ascii	"AT+LANN=%u\000"
 850      414E4E3D 
 850      257500
 851              		.section	.text.usrk5_set_local_port,"ax",%progbits
 852              		.align	1
 853              		.global	usrk5_set_local_port
 854              		.syntax unified
 855              		.thumb
 856              		.thumb_func
 858              	usrk5_set_local_port:
 859              		@ args = 0, pretend = 0, frame = 32
 860              		@ frame_needed = 0, uses_anonymous_args = 0
 861 0000 10B5     		push	{r4, lr}
 862 0002 88B0     		sub	sp, sp, #32
 863 0004 0346     		mov	r3, r0
ARM GAS  /tmp/ccEHVSl7.s 			page 16


 864 0006 074A     		ldr	r2, .L149
 865 0008 2021     		movs	r1, #32
 866 000a 6846     		mov	r0, sp
 867 000c FFF7FEFF 		bl	snprintf
 868 0010 4FF4FA63 		mov	r3, #2000
 869 0014 0022     		movs	r2, #0
 870 0016 1146     		mov	r1, r2
 871 0018 6846     		mov	r0, sp
 872 001a FFF7FEFF 		bl	usrk5_send_at_cmd
 873 001e 08B0     		add	sp, sp, #32
 874              		@ sp needed
 875 0020 10BD     		pop	{r4, pc}
 876              	.L150:
 877 0022 00BF     		.align	2
 878              	.L149:
 879 0024 00000000 		.word	.LC11
 881              		.section	.rodata.usrk5_set_uart.str1.4,"aMS",%progbits,1
 882              		.align	2
 883              	.LC12:
 884 0000 41542B55 		.ascii	"AT+UART=%lu,%u,%u,%u\000"
 884      4152543D 
 884      256C752C 
 884      25752C25 
 884      752C2575 
 885              		.section	.text.usrk5_set_uart,"ax",%progbits
 886              		.align	1
 887              		.global	usrk5_set_uart
 888              		.syntax unified
 889              		.thumb
 890              		.thumb_func
 892              	usrk5_set_uart:
 893              		@ args = 0, pretend = 0, frame = 48
 894              		@ frame_needed = 0, uses_anonymous_args = 0
 895 0000 10B5     		push	{r4, lr}
 896 0002 90B0     		sub	sp, sp, #64
 897 0004 04AC     		add	r4, sp, #16
 898 0006 0293     		str	r3, [sp, #8]
 899 0008 0192     		str	r2, [sp, #4]
 900 000a 0091     		str	r1, [sp]
 901 000c 0346     		mov	r3, r0
 902 000e 074A     		ldr	r2, .L153
 903 0010 3021     		movs	r1, #48
 904 0012 2046     		mov	r0, r4
 905 0014 FFF7FEFF 		bl	snprintf
 906 0018 4FF4FA63 		mov	r3, #2000
 907 001c 0022     		movs	r2, #0
 908 001e 1146     		mov	r1, r2
 909 0020 2046     		mov	r0, r4
 910 0022 FFF7FEFF 		bl	usrk5_send_at_cmd
 911 0026 10B0     		add	sp, sp, #64
 912              		@ sp needed
 913 0028 10BD     		pop	{r4, pc}
 914              	.L154:
 915 002a 00BF     		.align	2
 916              	.L153:
 917 002c 00000000 		.word	.LC12
 919              		.section	.rodata.usrk5_set_static_ip.str1.4,"aMS",%progbits,1
ARM GAS  /tmp/ccEHVSl7.s 			page 17


 920              		.align	2
 921              	.LC13:
 922 0000 41542B57 		.ascii	"AT+WANN=STATIC,%s,%s,%s\000"
 922      414E4E3D 
 922      53544154 
 922      49432C25 
 922      732C2573 
 923              		.section	.text.usrk5_set_static_ip,"ax",%progbits
 924              		.align	1
 925              		.global	usrk5_set_static_ip
 926              		.syntax unified
 927              		.thumb
 928              		.thumb_func
 930              	usrk5_set_static_ip:
 931              		@ args = 0, pretend = 0, frame = 64
 932              		@ frame_needed = 0, uses_anonymous_args = 0
 933 0000 A8B1     		cbz	r0, .L157
 934 0002 0346     		mov	r3, r0
 935 0004 A9B1     		cbz	r1, .L158
 936 0006 B2B1     		cbz	r2, .L159
 937 0008 10B5     		push	{r4, lr}
 938 000a 92B0     		sub	sp, sp, #72
 939 000c 02AC     		add	r4, sp, #8
 940 000e 0192     		str	r2, [sp, #4]
 941 0010 0091     		str	r1, [sp]
 942 0012 0A4A     		ldr	r2, .L164
 943 0014 4021     		movs	r1, #64
 944 0016 2046     		mov	r0, r4
 945 0018 FFF7FEFF 		bl	snprintf
 946 001c 4FF4FA63 		mov	r3, #2000
 947 0020 0022     		movs	r2, #0
 948 0022 1146     		mov	r1, r2
 949 0024 2046     		mov	r0, r4
 950 0026 FFF7FEFF 		bl	usrk5_send_at_cmd
 951 002a 12B0     		add	sp, sp, #72
 952              		@ sp needed
 953 002c 10BD     		pop	{r4, pc}
 954              	.L157:
 955 002e 0120     		movs	r0, #1
 956 0030 7047     		bx	lr
 957              	.L158:
 958 0032 0120     		movs	r0, #1
 959 0034 7047     		bx	lr
 960              	.L159:
 961 0036 0120     		movs	r0, #1
 962 0038 7047     		bx	lr
 963              	.L165:
 964 003a 00BF     		.align	2
 965              	.L164:
 966 003c 00000000 		.word	.LC13
 968              		.section	.rodata.usrk5_set_dhcp.str1.4,"aMS",%progbits,1
 969              		.align	2
 970              	.LC14:
 971 0000 41542B57 		.ascii	"AT+WANN=DHCP,0,0,0\000"
 971      414E4E3D 
 971      44484350 
 971      2C302C30 
ARM GAS  /tmp/ccEHVSl7.s 			page 18


 971      2C3000
 972              		.section	.text.usrk5_set_dhcp,"ax",%progbits
 973              		.align	1
 974              		.global	usrk5_set_dhcp
 975              		.syntax unified
 976              		.thumb
 977              		.thumb_func
 979              	usrk5_set_dhcp:
 980              		@ args = 0, pretend = 0, frame = 0
 981              		@ frame_needed = 0, uses_anonymous_args = 0
 982 0000 08B5     		push	{r3, lr}
 983 0002 4FF4FA63 		mov	r3, #2000
 984 0006 0022     		movs	r2, #0
 985 0008 1146     		mov	r1, r2
 986 000a 0248     		ldr	r0, .L168
 987 000c FFF7FEFF 		bl	usrk5_send_at_cmd
 988 0010 08BD     		pop	{r3, pc}
 989              	.L169:
 990 0012 00BF     		.align	2
 991              	.L168:
 992 0014 00000000 		.word	.LC14
 994              		.section	.rodata.usrk5_query_ip.str1.4,"aMS",%progbits,1
 995              		.align	2
 996              	.LC15:
 997 0000 41542B57 		.ascii	"AT+WANN\000"
 997      414E4E00 
 998              		.section	.text.usrk5_query_ip,"ax",%progbits
 999              		.align	1
 1000              		.global	usrk5_query_ip
 1001              		.syntax unified
 1002              		.thumb
 1003              		.thumb_func
 1005              	usrk5_query_ip:
 1006              		@ args = 0, pretend = 0, frame = 0
 1007              		@ frame_needed = 0, uses_anonymous_args = 0
 1008 0000 08B5     		push	{r3, lr}
 1009 0002 0A46     		mov	r2, r1
 1010 0004 4FF4FA63 		mov	r3, #2000
 1011 0008 0146     		mov	r1, r0
 1012 000a 0248     		ldr	r0, .L172
 1013 000c FFF7FEFF 		bl	usrk5_send_at_cmd
 1014 0010 08BD     		pop	{r3, pc}
 1015              	.L173:
 1016 0012 00BF     		.align	2
 1017              	.L172:
 1018 0014 00000000 		.word	.LC15
 1020              		.section	.text.usrk5_net_send,"ax",%progbits
 1021              		.align	1
 1022              		.global	usrk5_net_send
 1023              		.syntax unified
 1024              		.thumb
 1025              		.thumb_func
 1027              	usrk5_net_send:
 1028              		@ args = 0, pretend = 0, frame = 0
 1029              		@ frame_needed = 0, uses_anonymous_args = 0
 1030 0000 38B1     		cbz	r0, .L176
 1031 0002 08B5     		push	{r3, lr}
ARM GAS  /tmp/ccEHVSl7.s 			page 19


 1032 0004 09B9     		cbnz	r1, .L182
 1033 0006 0120     		movs	r0, #1
 1034              	.L175:
 1035 0008 08BD     		pop	{r3, pc}
 1036              	.L182:
 1037 000a FFF7FEFF 		bl	uart2_send_hex
 1038 000e 0020     		movs	r0, #0
 1039 0010 FAE7     		b	.L175
 1040              	.L176:
 1041 0012 0120     		movs	r0, #1
 1042 0014 7047     		bx	lr
 1044              		.section	.rodata.usrk5_net_is_connected.str1.4,"aMS",%progbits,1
 1045              		.align	2
 1046              	.LC16:
 1047 0000 41542B54 		.ascii	"AT+TCPDIS\000"
 1047      43504449 
 1047      5300
 1048              		.section	.text.usrk5_net_is_connected,"ax",%progbits
 1049              		.align	1
 1050              		.global	usrk5_net_is_connected
 1051              		.syntax unified
 1052              		.thumb
 1053              		.thumb_func
 1055              	usrk5_net_is_connected:
 1056              		@ args = 0, pretend = 0, frame = 32
 1057              		@ frame_needed = 0, uses_anonymous_args = 0
 1058 0000 30B5     		push	{r4, r5, lr}
 1059 0002 89B0     		sub	sp, sp, #36
 1060 0004 FFF7FEFF 		bl	usrk5_enter_at_mode
 1061 0008 18B1     		cbz	r0, .L189
 1062 000a 0024     		movs	r4, #0
 1063              	.L184:
 1064 000c 2046     		mov	r0, r4
 1065 000e 09B0     		add	sp, sp, #36
 1066              		@ sp needed
 1067 0010 30BD     		pop	{r4, r5, pc}
 1068              	.L189:
 1069 0012 0446     		mov	r4, r0
 1070 0014 4FF4FA63 		mov	r3, #2000
 1071 0018 2022     		movs	r2, #32
 1072 001a 6946     		mov	r1, sp
 1073 001c 0748     		ldr	r0, .L191
 1074 001e FFF7FEFF 		bl	usrk5_send_at_cmd
 1075 0022 0546     		mov	r5, r0
 1076 0024 28B9     		cbnz	r0, .L185
 1077 0026 2E21     		movs	r1, #46
 1078 0028 6846     		mov	r0, sp
 1079 002a FFF7FEFF 		bl	strchr
 1080 002e 18B1     		cbz	r0, .L190
 1081 0030 0124     		movs	r4, #1
 1082              	.L185:
 1083 0032 FFF7FEFF 		bl	usrk5_exit_at_mode
 1084 0036 E9E7     		b	.L184
 1085              	.L190:
 1086 0038 2C46     		mov	r4, r5
 1087 003a FAE7     		b	.L185
 1088              	.L192:
ARM GAS  /tmp/ccEHVSl7.s 			page 20


 1089              		.align	2
 1090              	.L191:
 1091 003c 00000000 		.word	.LC16
 1093              		.section	.rodata.usrk5_net_check_connect.str1.4,"aMS",%progbits,1
 1094              		.align	2
 1095              	.LC17:
 1096 0000 41542B53 		.ascii	"AT+SOCK\000"
 1096      4F434B00 
 1097              		.align	2
 1098              	.LC18:
 1099 0008 434F4E4E 		.ascii	"CONNECT\000"
 1099      45435400 
 1100              		.align	2
 1101              	.LC19:
 1102 0010 45535441 		.ascii	"ESTABLISH\000"
 1102      424C4953 
 1102      4800
 1103              		.section	.text.usrk5_net_check_connect,"ax",%progbits
 1104              		.align	1
 1105              		.global	usrk5_net_check_connect
 1106              		.syntax unified
 1107              		.thumb
 1108              		.thumb_func
 1110              	usrk5_net_check_connect:
 1111              		@ args = 0, pretend = 0, frame = 64
 1112              		@ frame_needed = 0, uses_anonymous_args = 0
 1113 0000 10B5     		push	{r4, lr}
 1114 0002 90B0     		sub	sp, sp, #64
 1115 0004 FFF7FEFF 		bl	usrk5_enter_at_mode
 1116 0008 18B1     		cbz	r0, .L199
 1117 000a 0124     		movs	r4, #1
 1118              	.L194:
 1119 000c 2046     		mov	r0, r4
 1120 000e 10B0     		add	sp, sp, #64
 1121              		@ sp needed
 1122 0010 10BD     		pop	{r4, pc}
 1123              	.L199:
 1124 0012 4FF4FA63 		mov	r3, #2000
 1125 0016 4022     		movs	r2, #64
 1126 0018 6946     		mov	r1, sp
 1127 001a 0E48     		ldr	r0, .L201
 1128 001c FFF7FEFF 		bl	usrk5_send_at_cmd
 1129 0020 0446     		mov	r4, r0
 1130 0022 18B1     		cbz	r0, .L200
 1131 0024 0124     		movs	r4, #1
 1132              	.L195:
 1133 0026 FFF7FEFF 		bl	usrk5_exit_at_mode
 1134 002a EFE7     		b	.L194
 1135              	.L200:
 1136 002c 0A49     		ldr	r1, .L201+4
 1137 002e 6846     		mov	r0, sp
 1138 0030 FFF7FEFF 		bl	_usrk5_stristr
 1139 0034 0028     		cmp	r0, #0
 1140 0036 F6D1     		bne	.L195
 1141 0038 0849     		ldr	r1, .L201+8
 1142 003a 6846     		mov	r0, sp
 1143 003c FFF7FEFF 		bl	_usrk5_stristr
ARM GAS  /tmp/ccEHVSl7.s 			page 21


 1144 0040 0028     		cmp	r0, #0
 1145 0042 F0D1     		bne	.L195
 1146 0044 2E21     		movs	r1, #46
 1147 0046 6846     		mov	r0, sp
 1148 0048 FFF7FEFF 		bl	strchr
 1149 004c 0028     		cmp	r0, #0
 1150 004e EAD1     		bne	.L195
 1151 0050 0124     		movs	r4, #1
 1152 0052 E8E7     		b	.L195
 1153              	.L202:
 1154              		.align	2
 1155              	.L201:
 1156 0054 00000000 		.word	.LC17
 1157 0058 08000000 		.word	.LC18
 1158 005c 10000000 		.word	.LC19
 1160              		.section	.rodata.usrk5_Net_init.str1.4,"aMS",%progbits,1
 1161              		.align	2
 1162              	.LC20:
 1163 0000 5B555352 		.ascii	"[USRK5] enter AT mode FAIL\015\012\000"
 1163      4B355D20 
 1163      656E7465 
 1163      72204154 
 1163      206D6F64 
 1164 001d 000000   		.align	2
 1165              	.LC21:
 1166 0020 41542B56 		.ascii	"AT+VER\000"
 1166      455200
 1167 0027 00       		.align	2
 1168              	.LC22:
 1169 0028 5B555352 		.ascii	"[USRK5] FW ver: \000"
 1169      4B355D20 
 1169      46572076 
 1169      65723A20 
 1169      00
 1170 0039 000000   		.align	2
 1171              	.LC23:
 1172 003c 41542B4D 		.ascii	"AT+MAC\000"
 1172      414300
 1173 0043 00       		.align	2
 1174              	.LC24:
 1175 0044 5B555352 		.ascii	"[USRK5] MAC: \000"
 1175      4B355D20 
 1175      4D41433A 
 1175      2000
 1176 0052 0000     		.align	2
 1177              	.LC25:
 1178 0054 41542B57 		.ascii	"AT+WANN=STATIC,192.168.31.240,255.255.255.0,192.168"
 1178      414E4E3D 
 1178      53544154 
 1178      49432C31 
 1178      39322E31 
 1179 0087 2E33312E 		.ascii	".31.1\000"
 1179      3100
 1180 008d 000000   		.align	2
 1181              	.LC26:
 1182 0090 5B555352 		.ascii	"[USRK5] set static IP FAIL\015\012\000"
 1182      4B355D20 
ARM GAS  /tmp/ccEHVSl7.s 			page 22


 1182      73657420 
 1182      73746174 
 1182      69632049 
 1183 00ad 000000   		.align	2
 1184              	.LC27:
 1185 00b0 3139322E 		.ascii	"192.168.31.213\000"
 1185      3136382E 
 1185      33312E32 
 1185      313300
 1186 00bf 00       		.align	2
 1187              	.LC28:
 1188 00c0 41542B53 		.ascii	"AT+SOCK=TCPC,%s,%u\000"
 1188      4F434B3D 
 1188      54435043 
 1188      2C25732C 
 1188      257500
 1189 00d3 00       		.align	2
 1190              	.LC29:
 1191 00d4 5B555352 		.ascii	"[USRK5] set TCP client remote FAIL\015\012\000"
 1191      4B355D20 
 1191      73657420 
 1191      54435020 
 1191      636C6965 
 1192 00f9 000000   		.align	2
 1193              	.LC30:
 1194 00fc 5B555352 		.ascii	"[USRK5] init OK\015\012\000"
 1194      4B355D20 
 1194      696E6974 
 1194      204F4B0D 
 1194      0A00
 1195              		.section	.text.usrk5_Net_init,"ax",%progbits
 1196              		.align	1
 1197              		.global	usrk5_Net_init
 1198              		.syntax unified
 1199              		.thumb
 1200              		.thumb_func
 1202              	usrk5_Net_init:
 1203              		@ args = 0, pretend = 0, frame = 128
 1204              		@ frame_needed = 0, uses_anonymous_args = 0
 1205 0000 30B5     		push	{r4, r5, lr}
 1206 0002 A3B0     		sub	sp, sp, #140
 1207 0004 FFF7FEFF 		bl	usrk5_init
 1208 0008 4FF4E130 		mov	r0, #115200
 1209 000c FFF7FEFF 		bl	_usrk5_uart_init
 1210 0010 FFF7FEFF 		bl	usrk5_enter_at_mode
 1211 0014 0028     		cmp	r0, #0
 1212 0016 47D1     		bne	.L209
 1213 0018 02AC     		add	r4, sp, #8
 1214 001a 4FF47A73 		mov	r3, #1000
 1215 001e 4022     		movs	r2, #64
 1216 0020 2146     		mov	r1, r4
 1217 0022 2A48     		ldr	r0, .L212
 1218 0024 FFF7FEFF 		bl	usrk5_send_at_cmd
 1219 0028 2948     		ldr	r0, .L212+4
 1220 002a FFF7FEFF 		bl	uart3_send_string
 1221 002e 2046     		mov	r0, r4
 1222 0030 FFF7FEFF 		bl	uart3_send_string
ARM GAS  /tmp/ccEHVSl7.s 			page 23


 1223 0034 274D     		ldr	r5, .L212+8
 1224 0036 2846     		mov	r0, r5
 1225 0038 FFF7FEFF 		bl	uart3_send_string
 1226 003c 4FF47A73 		mov	r3, #1000
 1227 0040 4022     		movs	r2, #64
 1228 0042 2146     		mov	r1, r4
 1229 0044 2448     		ldr	r0, .L212+12
 1230 0046 FFF7FEFF 		bl	usrk5_send_at_cmd
 1231 004a 2448     		ldr	r0, .L212+16
 1232 004c FFF7FEFF 		bl	uart3_send_string
 1233 0050 2046     		mov	r0, r4
 1234 0052 FFF7FEFF 		bl	uart3_send_string
 1235 0056 2846     		mov	r0, r5
 1236 0058 FFF7FEFF 		bl	uart3_send_string
 1237 005c 2048     		ldr	r0, .L212+20
 1238 005e FFF7FEFF 		bl	_usrk5_send_and_confirm
 1239 0062 40BB     		cbnz	r0, .L210
 1240 0064 C820     		movs	r0, #200
 1241 0066 FFF7FEFF 		bl	delay_ms
 1242 006a 12AC     		add	r4, sp, #72
 1243 006c 40F25B73 		movw	r3, #1883
 1244 0070 0093     		str	r3, [sp]
 1245 0072 1C4B     		ldr	r3, .L212+24
 1246 0074 1C4A     		ldr	r2, .L212+28
 1247 0076 4021     		movs	r1, #64
 1248 0078 2046     		mov	r0, r4
 1249 007a FFF7FEFF 		bl	snprintf
 1250 007e 2046     		mov	r0, r4
 1251 0080 FFF7FEFF 		bl	_usrk5_send_and_confirm
 1252 0084 0446     		mov	r4, r0
 1253 0086 D8B9     		cbnz	r0, .L211
 1254 0088 C820     		movs	r0, #200
 1255 008a FFF7FEFF 		bl	delay_ms
 1256 008e 1748     		ldr	r0, .L212+32
 1257 0090 FFF7FEFF 		bl	_usrk5_send_and_confirm
 1258 0094 FFF7FEFF 		bl	usrk5_hw_reset
 1259 0098 4FF4E130 		mov	r0, #115200
 1260 009c FFF7FEFF 		bl	_usrk5_uart_init
 1261 00a0 1348     		ldr	r0, .L212+36
 1262 00a2 FFF7FEFF 		bl	uart3_send_string
 1263 00a6 03E0     		b	.L205
 1264              	.L209:
 1265 00a8 1248     		ldr	r0, .L212+40
 1266 00aa FFF7FEFF 		bl	uart3_send_string
 1267 00ae 0124     		movs	r4, #1
 1268              	.L205:
 1269 00b0 2046     		mov	r0, r4
 1270 00b2 23B0     		add	sp, sp, #140
 1271              		@ sp needed
 1272 00b4 30BD     		pop	{r4, r5, pc}
 1273              	.L210:
 1274 00b6 1048     		ldr	r0, .L212+44
 1275 00b8 FFF7FEFF 		bl	uart3_send_string
 1276 00bc 0124     		movs	r4, #1
 1277 00be F7E7     		b	.L205
 1278              	.L211:
 1279 00c0 0E48     		ldr	r0, .L212+48
ARM GAS  /tmp/ccEHVSl7.s 			page 24


 1280 00c2 FFF7FEFF 		bl	uart3_send_string
 1281 00c6 0124     		movs	r4, #1
 1282 00c8 F2E7     		b	.L205
 1283              	.L213:
 1284 00ca 00BF     		.align	2
 1285              	.L212:
 1286 00cc 20000000 		.word	.LC21
 1287 00d0 28000000 		.word	.LC22
 1288 00d4 00000000 		.word	.LC4
 1289 00d8 3C000000 		.word	.LC23
 1290 00dc 44000000 		.word	.LC24
 1291 00e0 54000000 		.word	.LC25
 1292 00e4 B0000000 		.word	.LC27
 1293 00e8 C0000000 		.word	.LC28
 1294 00ec 00000000 		.word	.LC5
 1295 00f0 FC000000 		.word	.LC30
 1296 00f4 00000000 		.word	.LC20
 1297 00f8 90000000 		.word	.LC26
 1298 00fc D4000000 		.word	.LC29
 1300              		.ident	"GCC: (15:14.2.rel1-1) 14.2.1 20241119"
ARM GAS  /tmp/ccEHVSl7.s 			page 25


DEFINED SYMBOLS
                            *ABS*:00000000 Net_USRK5.c
     /tmp/ccEHVSl7.s:16     .text._usrk5_to_lower:00000000 $t
     /tmp/ccEHVSl7.s:21     .text._usrk5_to_lower:00000000 _usrk5_to_lower
     /tmp/ccEHVSl7.s:37     .text._usrk5_stristr:00000000 $t
     /tmp/ccEHVSl7.s:42     .text._usrk5_stristr:00000000 _usrk5_stristr
     /tmp/ccEHVSl7.s:93     .text._usrk5_wait_response:00000000 $t
     /tmp/ccEHVSl7.s:98     .text._usrk5_wait_response:00000000 _usrk5_wait_response
     /tmp/ccEHVSl7.s:160    .text._usrk5_wait_response:00000078 $d
     /tmp/ccEHVSl7.s:163    .rodata._usrk5_read_until.str1.4:00000000 $d
     /tmp/ccEHVSl7.s:170    .text._usrk5_read_until:00000000 $t
     /tmp/ccEHVSl7.s:175    .text._usrk5_read_until:00000000 _usrk5_read_until
     /tmp/ccEHVSl7.s:322    .text._usrk5_read_until:00000130 $d
     /tmp/ccEHVSl7.s:327    .text._usrk5_check_ok:00000000 $t
     /tmp/ccEHVSl7.s:332    .text._usrk5_check_ok:00000000 _usrk5_check_ok
     /tmp/ccEHVSl7.s:352    .text._usrk5_check_ok:00000018 $d
     /tmp/ccEHVSl7.s:355    .text._usrk5_uart_init:00000000 $t
     /tmp/ccEHVSl7.s:360    .text._usrk5_uart_init:00000000 _usrk5_uart_init
     /tmp/ccEHVSl7.s:426    .text._usrk5_uart_init:000000ac $d
     /tmp/ccEHVSl7.s:430    .text.usrk5_hw_reset:00000000 $t
     /tmp/ccEHVSl7.s:436    .text.usrk5_hw_reset:00000000 usrk5_hw_reset
     /tmp/ccEHVSl7.s:455    .text.usrk5_hw_reset:00000028 $d
     /tmp/ccEHVSl7.s:458    .text.usrk5_init:00000000 $t
     /tmp/ccEHVSl7.s:464    .text.usrk5_init:00000000 usrk5_init
     /tmp/ccEHVSl7.s:492    .text.usrk5_init:00000038 $d
     /tmp/ccEHVSl7.s:495    .text.usrk5_reload_default:00000000 $t
     /tmp/ccEHVSl7.s:501    .text.usrk5_reload_default:00000000 usrk5_reload_default
     /tmp/ccEHVSl7.s:520    .text.usrk5_reload_default:00000028 $d
     /tmp/ccEHVSl7.s:523    .rodata.usrk5_enter_at_mode.str1.4:00000000 $d
     /tmp/ccEHVSl7.s:530    .text.usrk5_enter_at_mode:00000000 $t
     /tmp/ccEHVSl7.s:536    .text.usrk5_enter_at_mode:00000000 usrk5_enter_at_mode
     /tmp/ccEHVSl7.s:595    .text.usrk5_enter_at_mode:00000078 $d
     /tmp/ccEHVSl7.s:602    .rodata.usrk5_send_at_cmd.str1.4:00000000 $d
     /tmp/ccEHVSl7.s:606    .text.usrk5_send_at_cmd:00000000 $t
     /tmp/ccEHVSl7.s:612    .text.usrk5_send_at_cmd:00000000 usrk5_send_at_cmd
     /tmp/ccEHVSl7.s:661    .text.usrk5_send_at_cmd:00000058 $d
     /tmp/ccEHVSl7.s:666    .rodata.usrk5_exit_at_mode.str1.4:00000000 $d
     /tmp/ccEHVSl7.s:670    .text.usrk5_exit_at_mode:00000000 $t
     /tmp/ccEHVSl7.s:676    .text.usrk5_exit_at_mode:00000000 usrk5_exit_at_mode
     /tmp/ccEHVSl7.s:689    .text.usrk5_exit_at_mode:00000014 $d
     /tmp/ccEHVSl7.s:692    .text._usrk5_send_and_confirm:00000000 $t
     /tmp/ccEHVSl7.s:697    .text._usrk5_send_and_confirm:00000000 _usrk5_send_and_confirm
     /tmp/ccEHVSl7.s:718    .rodata.usrk5_set_net_mode.str1.4:00000000 $d
     /tmp/ccEHVSl7.s:731    .text.usrk5_set_net_mode:00000000 $t
     /tmp/ccEHVSl7.s:737    .text.usrk5_set_net_mode:00000000 usrk5_set_net_mode
     /tmp/ccEHVSl7.s:746    .text.usrk5_set_net_mode:0000000c $d
     /tmp/ccEHVSl7.s:750    .text.usrk5_set_net_mode:00000010 $t
     /tmp/ccEHVSl7.s:802    .text.usrk5_set_net_mode:00000084 $d
     /tmp/ccEHVSl7.s:808    .rodata.usrk5_set_remote_ip.str1.4:00000000 $d
     /tmp/ccEHVSl7.s:812    .text.usrk5_set_remote_ip:00000000 $t
     /tmp/ccEHVSl7.s:818    .text.usrk5_set_remote_ip:00000000 usrk5_set_remote_ip
     /tmp/ccEHVSl7.s:845    .text.usrk5_set_remote_ip:0000002c $d
     /tmp/ccEHVSl7.s:848    .rodata.usrk5_set_local_port.str1.4:00000000 $d
     /tmp/ccEHVSl7.s:852    .text.usrk5_set_local_port:00000000 $t
     /tmp/ccEHVSl7.s:858    .text.usrk5_set_local_port:00000000 usrk5_set_local_port
     /tmp/ccEHVSl7.s:879    .text.usrk5_set_local_port:00000024 $d
     /tmp/ccEHVSl7.s:882    .rodata.usrk5_set_uart.str1.4:00000000 $d
ARM GAS  /tmp/ccEHVSl7.s 			page 26


     /tmp/ccEHVSl7.s:886    .text.usrk5_set_uart:00000000 $t
     /tmp/ccEHVSl7.s:892    .text.usrk5_set_uart:00000000 usrk5_set_uart
     /tmp/ccEHVSl7.s:917    .text.usrk5_set_uart:0000002c $d
     /tmp/ccEHVSl7.s:920    .rodata.usrk5_set_static_ip.str1.4:00000000 $d
     /tmp/ccEHVSl7.s:924    .text.usrk5_set_static_ip:00000000 $t
     /tmp/ccEHVSl7.s:930    .text.usrk5_set_static_ip:00000000 usrk5_set_static_ip
     /tmp/ccEHVSl7.s:966    .text.usrk5_set_static_ip:0000003c $d
     /tmp/ccEHVSl7.s:969    .rodata.usrk5_set_dhcp.str1.4:00000000 $d
     /tmp/ccEHVSl7.s:973    .text.usrk5_set_dhcp:00000000 $t
     /tmp/ccEHVSl7.s:979    .text.usrk5_set_dhcp:00000000 usrk5_set_dhcp
     /tmp/ccEHVSl7.s:992    .text.usrk5_set_dhcp:00000014 $d
     /tmp/ccEHVSl7.s:995    .rodata.usrk5_query_ip.str1.4:00000000 $d
     /tmp/ccEHVSl7.s:999    .text.usrk5_query_ip:00000000 $t
     /tmp/ccEHVSl7.s:1005   .text.usrk5_query_ip:00000000 usrk5_query_ip
     /tmp/ccEHVSl7.s:1018   .text.usrk5_query_ip:00000014 $d
     /tmp/ccEHVSl7.s:1021   .text.usrk5_net_send:00000000 $t
     /tmp/ccEHVSl7.s:1027   .text.usrk5_net_send:00000000 usrk5_net_send
     /tmp/ccEHVSl7.s:1045   .rodata.usrk5_net_is_connected.str1.4:00000000 $d
     /tmp/ccEHVSl7.s:1049   .text.usrk5_net_is_connected:00000000 $t
     /tmp/ccEHVSl7.s:1055   .text.usrk5_net_is_connected:00000000 usrk5_net_is_connected
     /tmp/ccEHVSl7.s:1091   .text.usrk5_net_is_connected:0000003c $d
     /tmp/ccEHVSl7.s:1094   .rodata.usrk5_net_check_connect.str1.4:00000000 $d
     /tmp/ccEHVSl7.s:1104   .text.usrk5_net_check_connect:00000000 $t
     /tmp/ccEHVSl7.s:1110   .text.usrk5_net_check_connect:00000000 usrk5_net_check_connect
     /tmp/ccEHVSl7.s:1156   .text.usrk5_net_check_connect:00000054 $d
     /tmp/ccEHVSl7.s:1161   .rodata.usrk5_Net_init.str1.4:00000000 $d
     /tmp/ccEHVSl7.s:1196   .text.usrk5_Net_init:00000000 $t
     /tmp/ccEHVSl7.s:1202   .text.usrk5_Net_init:00000000 usrk5_Net_init
     /tmp/ccEHVSl7.s:1286   .text.usrk5_Net_init:000000cc $d

UNDEFINED SYMBOLS
strlen
delay_ms
uart2_recv_data
uart2_clear_rx_flag
g_uart2_dev
RCC_APB2PeriphClockCmd
RCC_APB1PeriphClockCmd
GPIO_Init
USART_Init
NVIC_Init
USART_ITConfig
USART_Cmd
GPIO_ResetBits
GPIO_SetBits
USART_GetFlagStatus
uart2_send_string
snprintf
uart2_send_hex
strchr
uart3_send_string
