ARM GAS  /tmp/ccGXipIf.s 			page 1


   1              		.cpu cortex-m3
   2              		.arch armv7-m
   3              		.fpu softvfp
   4              		.eabi_attribute 20, 1
   5              		.eabi_attribute 21, 1
   6              		.eabi_attribute 23, 3
   7              		.eabi_attribute 24, 1
   8              		.eabi_attribute 25, 1
   9              		.eabi_attribute 26, 1
  10              		.eabi_attribute 30, 1
  11              		.eabi_attribute 34, 1
  12              		.eabi_attribute 18, 4
  13              		.file	"uart.c"
  14              		.text
  15              		.section	.text._uart_tx_write,"ax",%progbits
  16              		.align	1
  17              		.syntax unified
  18              		.thumb
  19              		.thumb_func
  21              	_uart_tx_write:
  22              		@ args = 0, pretend = 0, frame = 0
  23              		@ frame_needed = 0, uses_anonymous_args = 0
  24 0000 2DE9F843 		push	{r3, r4, r5, r6, r7, r8, r9, lr}
  25 0004 8146     		mov	r9, r0
  26 0006 0C46     		mov	r4, r1
  27 0008 9046     		mov	r8, r2
  28 000a 1F46     		mov	r7, r3
  29 000c 0026     		movs	r6, #0
  30 000e 09E0     		b	.L2
  31              	.L10:
  32 0010 B4F88230 		ldrh	r3, [r4, #130]
  33 0014 9BB2     		uxth	r3, r3
  34 0016 18F80620 		ldrb	r2, [r8, r6]	@ zero_extendqisi2
  35 001a E254     		strb	r2, [r4, r3]
  36 001c A4F88250 		strh	r5, [r4, #130]	@ movhi
  37 0020 0136     		adds	r6, r6, #1
  38 0022 B6B2     		uxth	r6, r6
  39              	.L2:
  40 0024 BE42     		cmp	r6, r7
  41 0026 18D2     		bcs	.L9
  42 0028 B4F88250 		ldrh	r5, [r4, #130]
  43 002c ADB2     		uxth	r5, r5
  44 002e 0135     		adds	r5, r5, #1
  45 0030 05F07F05 		and	r5, r5, #127
  46              	.L4:
  47 0034 B4F880C0 		ldrh	ip, [r4, #128]
  48 0038 1FFA8CFC 		uxth	ip, ip
  49 003c AC45     		cmp	ip, r5
  50 003e E7D1     		bne	.L10
  51 0040 94F88430 		ldrb	r3, [r4, #132]	@ zero_extendqisi2
  52 0044 002B     		cmp	r3, #0
  53 0046 F5D1     		bne	.L4
  54 0048 0122     		movs	r2, #1
  55 004a 84F88420 		strb	r2, [r4, #132]
  56 004e 40F22771 		movw	r1, #1831
  57 0052 4846     		mov	r0, r9
  58 0054 FFF7FEFF 		bl	USART_ITConfig
ARM GAS  /tmp/ccGXipIf.s 			page 2


  59 0058 ECE7     		b	.L4
  60              	.L9:
  61 005a 94F88430 		ldrb	r3, [r4, #132]	@ zero_extendqisi2
  62 005e 0BB1     		cbz	r3, .L11
  63              	.L1:
  64 0060 BDE8F883 		pop	{r3, r4, r5, r6, r7, r8, r9, pc}
  65              	.L11:
  66 0064 0122     		movs	r2, #1
  67 0066 84F88420 		strb	r2, [r4, #132]
  68 006a 40F22771 		movw	r1, #1831
  69 006e 4846     		mov	r0, r9
  70 0070 FFF7FEFF 		bl	USART_ITConfig
  71 0074 F4E7     		b	.L1
  73              		.section	.text._uart_isr_handler,"ax",%progbits
  74              		.align	1
  75              		.syntax unified
  76              		.thumb
  77              		.thumb_func
  79              	_uart_isr_handler:
  80              		@ args = 0, pretend = 0, frame = 0
  81              		@ frame_needed = 0, uses_anonymous_args = 0
  82 0000 38B5     		push	{r3, r4, r5, lr}
  83 0002 0546     		mov	r5, r0
  84 0004 0C46     		mov	r4, r1
  85 0006 40F22551 		movw	r1, #1317
  86 000a FFF7FEFF 		bl	USART_GetITStatus
  87 000e 98B1     		cbz	r0, .L13
  88 0010 AB88     		ldrh	r3, [r5, #4]
  89 0012 D9B2     		uxtb	r1, r3
  90 0014 B4F88831 		ldrh	r3, [r4, #392]
  91 0018 9BB2     		uxth	r3, r3
  92 001a 0133     		adds	r3, r3, #1
  93 001c DBB2     		uxtb	r3, r3
  94 001e B4F88621 		ldrh	r2, [r4, #390]
  95 0022 92B2     		uxth	r2, r2
  96 0024 9A42     		cmp	r2, r3
  97 0026 07D0     		beq	.L13
  98 0028 B4F88821 		ldrh	r2, [r4, #392]
  99 002c 92B2     		uxth	r2, r2
 100 002e 2244     		add	r2, r2, r4
 101 0030 82F88510 		strb	r1, [r2, #133]
 102 0034 A4F88831 		strh	r3, [r4, #392]	@ movhi
 103              	.L13:
 104 0038 40F22441 		movw	r1, #1060
 105 003c 2846     		mov	r0, r5
 106 003e FFF7FEFF 		bl	USART_GetITStatus
 107 0042 B0B1     		cbz	r0, .L14
 108 0044 2B88     		ldrh	r3, [r5]
 109 0046 AB88     		ldrh	r3, [r5, #4]
 110 0048 B4F88821 		ldrh	r2, [r4, #392]
 111 004c 92B2     		uxth	r2, r2
 112 004e B4F88631 		ldrh	r3, [r4, #390]
 113 0052 9BB2     		uxth	r3, r3
 114 0054 9A42     		cmp	r2, r3
 115 0056 28D3     		bcc	.L15
 116 0058 B4F88831 		ldrh	r3, [r4, #392]
 117 005c 9BB2     		uxth	r3, r3
ARM GAS  /tmp/ccGXipIf.s 			page 3


 118 005e B4F88621 		ldrh	r2, [r4, #390]
 119 0062 92B2     		uxth	r2, r2
 120 0064 9B1A     		subs	r3, r3, r2
 121 0066 9BB2     		uxth	r3, r3
 122 0068 A4F88C31 		strh	r3, [r4, #396]	@ movhi
 123              	.L16:
 124 006c 0123     		movs	r3, #1
 125 006e 84F88A31 		strb	r3, [r4, #394]
 126              	.L14:
 127 0072 40F22771 		movw	r1, #1831
 128 0076 2846     		mov	r0, r5
 129 0078 FFF7FEFF 		bl	USART_GetITStatus
 130 007c A0B1     		cbz	r0, .L12
 131 007e B4F88020 		ldrh	r2, [r4, #128]
 132 0082 92B2     		uxth	r2, r2
 133 0084 B4F88230 		ldrh	r3, [r4, #130]
 134 0088 9BB2     		uxth	r3, r3
 135 008a 9A42     		cmp	r2, r3
 136 008c 1AD0     		beq	.L18
 137 008e B4F88030 		ldrh	r3, [r4, #128]
 138 0092 9BB2     		uxth	r3, r3
 139 0094 E35C     		ldrb	r3, [r4, r3]	@ zero_extendqisi2
 140 0096 AB80     		strh	r3, [r5, #4]	@ movhi
 141 0098 B4F88030 		ldrh	r3, [r4, #128]
 142 009c 9BB2     		uxth	r3, r3
 143 009e 0133     		adds	r3, r3, #1
 144 00a0 03F07F03 		and	r3, r3, #127
 145 00a4 A4F88030 		strh	r3, [r4, #128]	@ movhi
 146              	.L12:
 147 00a8 38BD     		pop	{r3, r4, r5, pc}
 148              	.L15:
 149 00aa B4F88831 		ldrh	r3, [r4, #392]
 150 00ae 9BB2     		uxth	r3, r3
 151 00b0 B4F88621 		ldrh	r2, [r4, #390]
 152 00b4 92B2     		uxth	r2, r2
 153 00b6 9B1A     		subs	r3, r3, r2
 154 00b8 03F58073 		add	r3, r3, #256
 155 00bc 9BB2     		uxth	r3, r3
 156 00be A4F88C31 		strh	r3, [r4, #396]	@ movhi
 157 00c2 D3E7     		b	.L16
 158              	.L18:
 159 00c4 0022     		movs	r2, #0
 160 00c6 40F22771 		movw	r1, #1831
 161 00ca 2846     		mov	r0, r5
 162 00cc FFF7FEFF 		bl	USART_ITConfig
 163 00d0 0023     		movs	r3, #0
 164 00d2 84F88430 		strb	r3, [r4, #132]
 165 00d6 E7E7     		b	.L12
 167              		.section	.text.uart1_init,"ax",%progbits
 168              		.align	1
 169              		.global	uart1_init
 170              		.syntax unified
 171              		.thumb
 172              		.thumb_func
 174              	uart1_init:
 175              		@ args = 0, pretend = 0, frame = 24
 176              		@ frame_needed = 0, uses_anonymous_args = 0
ARM GAS  /tmp/ccGXipIf.s 			page 4


 177 0000 70B5     		push	{r4, r5, r6, lr}
 178 0002 86B0     		sub	sp, sp, #24
 179 0004 0121     		movs	r1, #1
 180 0006 44F20400 		movw	r0, #16388
 181 000a FFF7FEFF 		bl	RCC_APB2PeriphClockCmd
 182 000e 4FF40073 		mov	r3, #512
 183 0012 ADF81430 		strh	r3, [sp, #20]	@ movhi
 184 0016 0323     		movs	r3, #3
 185 0018 8DF81630 		strb	r3, [sp, #22]
 186 001c 1823     		movs	r3, #24
 187 001e 8DF81730 		strb	r3, [sp, #23]
 188 0022 05AD     		add	r5, sp, #20
 189 0024 214C     		ldr	r4, .L22
 190 0026 2946     		mov	r1, r5
 191 0028 2046     		mov	r0, r4
 192 002a FFF7FEFF 		bl	GPIO_Init
 193 002e 4FF48063 		mov	r3, #1024
 194 0032 ADF81430 		strh	r3, [sp, #20]	@ movhi
 195 0036 0423     		movs	r3, #4
 196 0038 8DF81730 		strb	r3, [sp, #23]
 197 003c 2946     		mov	r1, r5
 198 003e 2046     		mov	r0, r4
 199 0040 FFF7FEFF 		bl	GPIO_Init
 200 0044 4FF41653 		mov	r3, #9600
 201 0048 0193     		str	r3, [sp, #4]
 202 004a 0025     		movs	r5, #0
 203 004c ADF80850 		strh	r5, [sp, #8]	@ movhi
 204 0050 ADF80A50 		strh	r5, [sp, #10]	@ movhi
 205 0054 ADF80C50 		strh	r5, [sp, #12]	@ movhi
 206 0058 ADF81050 		strh	r5, [sp, #16]	@ movhi
 207 005c 0C23     		movs	r3, #12
 208 005e ADF80E30 		strh	r3, [sp, #14]	@ movhi
 209 0062 134E     		ldr	r6, .L22+4
 210 0064 01A9     		add	r1, sp, #4
 211 0066 3046     		mov	r0, r6
 212 0068 FFF7FEFF 		bl	USART_Init
 213 006c 2523     		movs	r3, #37
 214 006e 8DF80030 		strb	r3, [sp]
 215 0072 0124     		movs	r4, #1
 216 0074 8DF80140 		strb	r4, [sp, #1]
 217 0078 8DF80250 		strb	r5, [sp, #2]
 218 007c 8DF80340 		strb	r4, [sp, #3]
 219 0080 6846     		mov	r0, sp
 220 0082 FFF7FEFF 		bl	NVIC_Init
 221 0086 2246     		mov	r2, r4
 222 0088 40F22551 		movw	r1, #1317
 223 008c 3046     		mov	r0, r6
 224 008e FFF7FEFF 		bl	USART_ITConfig
 225 0092 2246     		mov	r2, r4
 226 0094 40F22441 		movw	r1, #1060
 227 0098 3046     		mov	r0, r6
 228 009a FFF7FEFF 		bl	USART_ITConfig
 229 009e 2146     		mov	r1, r4
 230 00a0 3046     		mov	r0, r6
 231 00a2 FFF7FEFF 		bl	USART_Cmd
 232 00a6 06B0     		add	sp, sp, #24
 233              		@ sp needed
ARM GAS  /tmp/ccGXipIf.s 			page 5


 234 00a8 70BD     		pop	{r4, r5, r6, pc}
 235              	.L23:
 236 00aa 00BF     		.align	2
 237              	.L22:
 238 00ac 00080140 		.word	1073809408
 239 00b0 00380140 		.word	1073821696
 241              		.section	.text.uart1_send_string,"ax",%progbits
 242              		.align	1
 243              		.global	uart1_send_string
 244              		.syntax unified
 245              		.thumb
 246              		.thumb_func
 248              	uart1_send_string:
 249              		@ args = 0, pretend = 0, frame = 0
 250              		@ frame_needed = 0, uses_anonymous_args = 0
 251 0000 10B5     		push	{r4, lr}
 252 0002 0446     		mov	r4, r0
 253 0004 FFF7FEFF 		bl	strlen
 254 0008 83B2     		uxth	r3, r0
 255 000a 03B9     		cbnz	r3, .L27
 256              	.L24:
 257 000c 10BD     		pop	{r4, pc}
 258              	.L27:
 259 000e 2246     		mov	r2, r4
 260 0010 0249     		ldr	r1, .L28
 261 0012 0348     		ldr	r0, .L28+4
 262 0014 FFF7FEFF 		bl	_uart_tx_write
 263 0018 F8E7     		b	.L24
 264              	.L29:
 265 001a 00BF     		.align	2
 266              	.L28:
 267 001c 00000000 		.word	g_uart1_dev
 268 0020 00380140 		.word	1073821696
 270              		.section	.text.uart1_send_hex,"ax",%progbits
 271              		.align	1
 272              		.global	uart1_send_hex
 273              		.syntax unified
 274              		.thumb
 275              		.thumb_func
 277              	uart1_send_hex:
 278              		@ args = 0, pretend = 0, frame = 0
 279              		@ frame_needed = 0, uses_anonymous_args = 0
 280 0000 08B1     		cbz	r0, .L33
 281 0002 0246     		mov	r2, r0
 282 0004 01B9     		cbnz	r1, .L36
 283              	.L33:
 284 0006 7047     		bx	lr
 285              	.L36:
 286 0008 08B5     		push	{r3, lr}
 287 000a 0B46     		mov	r3, r1
 288 000c 0249     		ldr	r1, .L37
 289 000e 0348     		ldr	r0, .L37+4
 290 0010 FFF7FEFF 		bl	_uart_tx_write
 291 0014 08BD     		pop	{r3, pc}
 292              	.L38:
 293 0016 00BF     		.align	2
 294              	.L37:
ARM GAS  /tmp/ccGXipIf.s 			page 6


 295 0018 00000000 		.word	g_uart1_dev
 296 001c 00380140 		.word	1073821696
 298              		.section	.text.uart1_recv_data,"ax",%progbits
 299              		.align	1
 300              		.global	uart1_recv_data
 301              		.syntax unified
 302              		.thumb
 303              		.thumb_func
 305              	uart1_recv_data:
 306              		@ args = 0, pretend = 0, frame = 0
 307              		@ frame_needed = 0, uses_anonymous_args = 0
 308              		@ link register save eliminated.
 309 0000 8446     		mov	ip, r0
 310 0002 00B3     		cbz	r0, .L43
 311 0004 09B3     		cbz	r1, .L44
 312 0006 0020     		movs	r0, #0
 313 0008 11E0     		b	.L41
 314              	.L42:
 315 000a 114A     		ldr	r2, .L45
 316 000c B2F88631 		ldrh	r3, [r2, #390]
 317 0010 9BB2     		uxth	r3, r3
 318 0012 1344     		add	r3, r3, r2
 319 0014 93F88530 		ldrb	r3, [r3, #133]	@ zero_extendqisi2
 320 0018 0CF80030 		strb	r3, [ip, r0]
 321 001c B2F88631 		ldrh	r3, [r2, #390]
 322 0020 9BB2     		uxth	r3, r3
 323 0022 0133     		adds	r3, r3, #1
 324 0024 DBB2     		uxtb	r3, r3
 325 0026 A2F88631 		strh	r3, [r2, #390]	@ movhi
 326 002a 0130     		adds	r0, r0, #1
 327 002c 80B2     		uxth	r0, r0
 328              	.L41:
 329 002e 084B     		ldr	r3, .L45
 330 0030 B3F88621 		ldrh	r2, [r3, #390]
 331 0034 92B2     		uxth	r2, r2
 332 0036 B3F88831 		ldrh	r3, [r3, #392]
 333 003a 9BB2     		uxth	r3, r3
 334 003c 9A42     		cmp	r2, r3
 335 003e 05D0     		beq	.L40
 336 0040 8842     		cmp	r0, r1
 337 0042 E2D3     		bcc	.L42
 338 0044 7047     		bx	lr
 339              	.L43:
 340 0046 0020     		movs	r0, #0
 341 0048 7047     		bx	lr
 342              	.L44:
 343 004a 0846     		mov	r0, r1
 344              	.L40:
 345 004c 7047     		bx	lr
 346              	.L46:
 347 004e 00BF     		.align	2
 348              	.L45:
 349 0050 00000000 		.word	g_uart1_dev
 351              		.section	.text.uart1_clear_rx_flag,"ax",%progbits
 352              		.align	1
 353              		.global	uart1_clear_rx_flag
 354              		.syntax unified
ARM GAS  /tmp/ccGXipIf.s 			page 7


 355              		.thumb
 356              		.thumb_func
 358              	uart1_clear_rx_flag:
 359              		@ args = 0, pretend = 0, frame = 0
 360              		@ frame_needed = 0, uses_anonymous_args = 0
 361              		@ link register save eliminated.
 362 0000 034B     		ldr	r3, .L48
 363 0002 0022     		movs	r2, #0
 364 0004 83F88A21 		strb	r2, [r3, #394]
 365 0008 A3F88C21 		strh	r2, [r3, #396]	@ movhi
 366 000c 7047     		bx	lr
 367              	.L49:
 368 000e 00BF     		.align	2
 369              	.L48:
 370 0010 00000000 		.word	g_uart1_dev
 372              		.section	.text.uart2_init,"ax",%progbits
 373              		.align	1
 374              		.global	uart2_init
 375              		.syntax unified
 376              		.thumb
 377              		.thumb_func
 379              	uart2_init:
 380              		@ args = 0, pretend = 0, frame = 24
 381              		@ frame_needed = 0, uses_anonymous_args = 0
 382 0000 70B5     		push	{r4, r5, r6, lr}
 383 0002 86B0     		sub	sp, sp, #24
 384 0004 0121     		movs	r1, #1
 385 0006 0420     		movs	r0, #4
 386 0008 FFF7FEFF 		bl	RCC_APB2PeriphClockCmd
 387 000c 0121     		movs	r1, #1
 388 000e 4FF40030 		mov	r0, #131072
 389 0012 FFF7FEFF 		bl	RCC_APB1PeriphClockCmd
 390 0016 0426     		movs	r6, #4
 391 0018 ADF81460 		strh	r6, [sp, #20]	@ movhi
 392 001c 0323     		movs	r3, #3
 393 001e 8DF81630 		strb	r3, [sp, #22]
 394 0022 1823     		movs	r3, #24
 395 0024 8DF81730 		strb	r3, [sp, #23]
 396 0028 05AD     		add	r5, sp, #20
 397 002a 204C     		ldr	r4, .L52
 398 002c 2946     		mov	r1, r5
 399 002e 2046     		mov	r0, r4
 400 0030 FFF7FEFF 		bl	GPIO_Init
 401 0034 0823     		movs	r3, #8
 402 0036 ADF81430 		strh	r3, [sp, #20]	@ movhi
 403 003a 8DF81760 		strb	r6, [sp, #23]
 404 003e 2946     		mov	r1, r5
 405 0040 2046     		mov	r0, r4
 406 0042 FFF7FEFF 		bl	GPIO_Init
 407 0046 4FF4E133 		mov	r3, #115200
 408 004a 0193     		str	r3, [sp, #4]
 409 004c 0025     		movs	r5, #0
 410 004e ADF80850 		strh	r5, [sp, #8]	@ movhi
 411 0052 ADF80A50 		strh	r5, [sp, #10]	@ movhi
 412 0056 ADF80C50 		strh	r5, [sp, #12]	@ movhi
 413 005a ADF81050 		strh	r5, [sp, #16]	@ movhi
 414 005e 0C23     		movs	r3, #12
ARM GAS  /tmp/ccGXipIf.s 			page 8


 415 0060 ADF80E30 		strh	r3, [sp, #14]	@ movhi
 416 0064 124E     		ldr	r6, .L52+4
 417 0066 01A9     		add	r1, sp, #4
 418 0068 3046     		mov	r0, r6
 419 006a FFF7FEFF 		bl	USART_Init
 420 006e 2623     		movs	r3, #38
 421 0070 8DF80030 		strb	r3, [sp]
 422 0074 0124     		movs	r4, #1
 423 0076 8DF80140 		strb	r4, [sp, #1]
 424 007a 8DF80250 		strb	r5, [sp, #2]
 425 007e 8DF80340 		strb	r4, [sp, #3]
 426 0082 6846     		mov	r0, sp
 427 0084 FFF7FEFF 		bl	NVIC_Init
 428 0088 2246     		mov	r2, r4
 429 008a 40F22551 		movw	r1, #1317
 430 008e 3046     		mov	r0, r6
 431 0090 FFF7FEFF 		bl	USART_ITConfig
 432 0094 2246     		mov	r2, r4
 433 0096 40F22441 		movw	r1, #1060
 434 009a 3046     		mov	r0, r6
 435 009c FFF7FEFF 		bl	USART_ITConfig
 436 00a0 2146     		mov	r1, r4
 437 00a2 3046     		mov	r0, r6
 438 00a4 FFF7FEFF 		bl	USART_Cmd
 439 00a8 06B0     		add	sp, sp, #24
 440              		@ sp needed
 441 00aa 70BD     		pop	{r4, r5, r6, pc}
 442              	.L53:
 443              		.align	2
 444              	.L52:
 445 00ac 00080140 		.word	1073809408
 446 00b0 00440040 		.word	1073759232
 448              		.section	.text.uart2_send_string,"ax",%progbits
 449              		.align	1
 450              		.global	uart2_send_string
 451              		.syntax unified
 452              		.thumb
 453              		.thumb_func
 455              	uart2_send_string:
 456              		@ args = 0, pretend = 0, frame = 0
 457              		@ frame_needed = 0, uses_anonymous_args = 0
 458 0000 10B5     		push	{r4, lr}
 459 0002 0446     		mov	r4, r0
 460 0004 FFF7FEFF 		bl	strlen
 461 0008 83B2     		uxth	r3, r0
 462 000a 03B9     		cbnz	r3, .L57
 463              	.L54:
 464 000c 10BD     		pop	{r4, pc}
 465              	.L57:
 466 000e 2246     		mov	r2, r4
 467 0010 0249     		ldr	r1, .L58
 468 0012 0348     		ldr	r0, .L58+4
 469 0014 FFF7FEFF 		bl	_uart_tx_write
 470 0018 F8E7     		b	.L54
 471              	.L59:
 472 001a 00BF     		.align	2
 473              	.L58:
ARM GAS  /tmp/ccGXipIf.s 			page 9


 474 001c 00000000 		.word	g_uart2_dev
 475 0020 00440040 		.word	1073759232
 477              		.section	.text.uart2_send_hex,"ax",%progbits
 478              		.align	1
 479              		.global	uart2_send_hex
 480              		.syntax unified
 481              		.thumb
 482              		.thumb_func
 484              	uart2_send_hex:
 485              		@ args = 0, pretend = 0, frame = 0
 486              		@ frame_needed = 0, uses_anonymous_args = 0
 487 0000 08B1     		cbz	r0, .L63
 488 0002 0246     		mov	r2, r0
 489 0004 01B9     		cbnz	r1, .L66
 490              	.L63:
 491 0006 7047     		bx	lr
 492              	.L66:
 493 0008 08B5     		push	{r3, lr}
 494 000a 0B46     		mov	r3, r1
 495 000c 0249     		ldr	r1, .L67
 496 000e 0348     		ldr	r0, .L67+4
 497 0010 FFF7FEFF 		bl	_uart_tx_write
 498 0014 08BD     		pop	{r3, pc}
 499              	.L68:
 500 0016 00BF     		.align	2
 501              	.L67:
 502 0018 00000000 		.word	g_uart2_dev
 503 001c 00440040 		.word	1073759232
 505              		.section	.text.uart2_recv_data,"ax",%progbits
 506              		.align	1
 507              		.global	uart2_recv_data
 508              		.syntax unified
 509              		.thumb
 510              		.thumb_func
 512              	uart2_recv_data:
 513              		@ args = 0, pretend = 0, frame = 0
 514              		@ frame_needed = 0, uses_anonymous_args = 0
 515              		@ link register save eliminated.
 516 0000 8446     		mov	ip, r0
 517 0002 00B3     		cbz	r0, .L73
 518 0004 09B3     		cbz	r1, .L74
 519 0006 0020     		movs	r0, #0
 520 0008 11E0     		b	.L71
 521              	.L72:
 522 000a 114A     		ldr	r2, .L75
 523 000c B2F88631 		ldrh	r3, [r2, #390]
 524 0010 9BB2     		uxth	r3, r3
 525 0012 1344     		add	r3, r3, r2
 526 0014 93F88530 		ldrb	r3, [r3, #133]	@ zero_extendqisi2
 527 0018 0CF80030 		strb	r3, [ip, r0]
 528 001c B2F88631 		ldrh	r3, [r2, #390]
 529 0020 9BB2     		uxth	r3, r3
 530 0022 0133     		adds	r3, r3, #1
 531 0024 DBB2     		uxtb	r3, r3
 532 0026 A2F88631 		strh	r3, [r2, #390]	@ movhi
 533 002a 0130     		adds	r0, r0, #1
 534 002c 80B2     		uxth	r0, r0
ARM GAS  /tmp/ccGXipIf.s 			page 10


 535              	.L71:
 536 002e 084B     		ldr	r3, .L75
 537 0030 B3F88621 		ldrh	r2, [r3, #390]
 538 0034 92B2     		uxth	r2, r2
 539 0036 B3F88831 		ldrh	r3, [r3, #392]
 540 003a 9BB2     		uxth	r3, r3
 541 003c 9A42     		cmp	r2, r3
 542 003e 05D0     		beq	.L70
 543 0040 8842     		cmp	r0, r1
 544 0042 E2D3     		bcc	.L72
 545 0044 7047     		bx	lr
 546              	.L73:
 547 0046 0020     		movs	r0, #0
 548 0048 7047     		bx	lr
 549              	.L74:
 550 004a 0846     		mov	r0, r1
 551              	.L70:
 552 004c 7047     		bx	lr
 553              	.L76:
 554 004e 00BF     		.align	2
 555              	.L75:
 556 0050 00000000 		.word	g_uart2_dev
 558              		.section	.text.uart2_clear_rx_flag,"ax",%progbits
 559              		.align	1
 560              		.global	uart2_clear_rx_flag
 561              		.syntax unified
 562              		.thumb
 563              		.thumb_func
 565              	uart2_clear_rx_flag:
 566              		@ args = 0, pretend = 0, frame = 0
 567              		@ frame_needed = 0, uses_anonymous_args = 0
 568              		@ link register save eliminated.
 569 0000 034B     		ldr	r3, .L78
 570 0002 0022     		movs	r2, #0
 571 0004 83F88A21 		strb	r2, [r3, #394]
 572 0008 A3F88C21 		strh	r2, [r3, #396]	@ movhi
 573 000c 7047     		bx	lr
 574              	.L79:
 575 000e 00BF     		.align	2
 576              	.L78:
 577 0010 00000000 		.word	g_uart2_dev
 579              		.section	.text.uart3_init,"ax",%progbits
 580              		.align	1
 581              		.global	uart3_init
 582              		.syntax unified
 583              		.thumb
 584              		.thumb_func
 586              	uart3_init:
 587              		@ args = 0, pretend = 0, frame = 24
 588              		@ frame_needed = 0, uses_anonymous_args = 0
 589 0000 70B5     		push	{r4, r5, r6, lr}
 590 0002 86B0     		sub	sp, sp, #24
 591 0004 0121     		movs	r1, #1
 592 0006 0820     		movs	r0, #8
 593 0008 FFF7FEFF 		bl	RCC_APB2PeriphClockCmd
 594 000c 0121     		movs	r1, #1
 595 000e 4FF48020 		mov	r0, #262144
ARM GAS  /tmp/ccGXipIf.s 			page 11


 596 0012 FFF7FEFF 		bl	RCC_APB1PeriphClockCmd
 597 0016 4FF48063 		mov	r3, #1024
 598 001a ADF81430 		strh	r3, [sp, #20]	@ movhi
 599 001e 0323     		movs	r3, #3
 600 0020 8DF81630 		strb	r3, [sp, #22]
 601 0024 1823     		movs	r3, #24
 602 0026 8DF81730 		strb	r3, [sp, #23]
 603 002a 05AD     		add	r5, sp, #20
 604 002c 214C     		ldr	r4, .L82
 605 002e 2946     		mov	r1, r5
 606 0030 2046     		mov	r0, r4
 607 0032 FFF7FEFF 		bl	GPIO_Init
 608 0036 4FF40063 		mov	r3, #2048
 609 003a ADF81430 		strh	r3, [sp, #20]	@ movhi
 610 003e 0423     		movs	r3, #4
 611 0040 8DF81730 		strb	r3, [sp, #23]
 612 0044 2946     		mov	r1, r5
 613 0046 2046     		mov	r0, r4
 614 0048 FFF7FEFF 		bl	GPIO_Init
 615 004c 4FF4E133 		mov	r3, #115200
 616 0050 0193     		str	r3, [sp, #4]
 617 0052 0025     		movs	r5, #0
 618 0054 ADF80850 		strh	r5, [sp, #8]	@ movhi
 619 0058 ADF80A50 		strh	r5, [sp, #10]	@ movhi
 620 005c ADF80C50 		strh	r5, [sp, #12]	@ movhi
 621 0060 ADF81050 		strh	r5, [sp, #16]	@ movhi
 622 0064 0C23     		movs	r3, #12
 623 0066 ADF80E30 		strh	r3, [sp, #14]	@ movhi
 624 006a 134E     		ldr	r6, .L82+4
 625 006c 01A9     		add	r1, sp, #4
 626 006e 3046     		mov	r0, r6
 627 0070 FFF7FEFF 		bl	USART_Init
 628 0074 2723     		movs	r3, #39
 629 0076 8DF80030 		strb	r3, [sp]
 630 007a 0124     		movs	r4, #1
 631 007c 8DF80140 		strb	r4, [sp, #1]
 632 0080 8DF80250 		strb	r5, [sp, #2]
 633 0084 8DF80340 		strb	r4, [sp, #3]
 634 0088 6846     		mov	r0, sp
 635 008a FFF7FEFF 		bl	NVIC_Init
 636 008e 2246     		mov	r2, r4
 637 0090 40F22551 		movw	r1, #1317
 638 0094 3046     		mov	r0, r6
 639 0096 FFF7FEFF 		bl	USART_ITConfig
 640 009a 2246     		mov	r2, r4
 641 009c 40F22441 		movw	r1, #1060
 642 00a0 3046     		mov	r0, r6
 643 00a2 FFF7FEFF 		bl	USART_ITConfig
 644 00a6 2146     		mov	r1, r4
 645 00a8 3046     		mov	r0, r6
 646 00aa FFF7FEFF 		bl	USART_Cmd
 647 00ae 06B0     		add	sp, sp, #24
 648              		@ sp needed
 649 00b0 70BD     		pop	{r4, r5, r6, pc}
 650              	.L83:
 651 00b2 00BF     		.align	2
 652              	.L82:
ARM GAS  /tmp/ccGXipIf.s 			page 12


 653 00b4 000C0140 		.word	1073810432
 654 00b8 00480040 		.word	1073760256
 656              		.section	.text.uart3_send_string,"ax",%progbits
 657              		.align	1
 658              		.global	uart3_send_string
 659              		.syntax unified
 660              		.thumb
 661              		.thumb_func
 663              	uart3_send_string:
 664              		@ args = 0, pretend = 0, frame = 0
 665              		@ frame_needed = 0, uses_anonymous_args = 0
 666 0000 10B5     		push	{r4, lr}
 667 0002 0446     		mov	r4, r0
 668 0004 FFF7FEFF 		bl	strlen
 669 0008 83B2     		uxth	r3, r0
 670 000a 03B9     		cbnz	r3, .L87
 671              	.L84:
 672 000c 10BD     		pop	{r4, pc}
 673              	.L87:
 674 000e 2246     		mov	r2, r4
 675 0010 0249     		ldr	r1, .L88
 676 0012 0348     		ldr	r0, .L88+4
 677 0014 FFF7FEFF 		bl	_uart_tx_write
 678 0018 F8E7     		b	.L84
 679              	.L89:
 680 001a 00BF     		.align	2
 681              	.L88:
 682 001c 00000000 		.word	g_uart3_dev
 683 0020 00480040 		.word	1073760256
 685              		.section	.text.uart3_send_hex,"ax",%progbits
 686              		.align	1
 687              		.global	uart3_send_hex
 688              		.syntax unified
 689              		.thumb
 690              		.thumb_func
 692              	uart3_send_hex:
 693              		@ args = 0, pretend = 0, frame = 0
 694              		@ frame_needed = 0, uses_anonymous_args = 0
 695 0000 08B1     		cbz	r0, .L93
 696 0002 0246     		mov	r2, r0
 697 0004 01B9     		cbnz	r1, .L96
 698              	.L93:
 699 0006 7047     		bx	lr
 700              	.L96:
 701 0008 08B5     		push	{r3, lr}
 702 000a 0B46     		mov	r3, r1
 703 000c 0249     		ldr	r1, .L97
 704 000e 0348     		ldr	r0, .L97+4
 705 0010 FFF7FEFF 		bl	_uart_tx_write
 706 0014 08BD     		pop	{r3, pc}
 707              	.L98:
 708 0016 00BF     		.align	2
 709              	.L97:
 710 0018 00000000 		.word	g_uart3_dev
 711 001c 00480040 		.word	1073760256
 713              		.section	.text.uart3_recv_data,"ax",%progbits
 714              		.align	1
ARM GAS  /tmp/ccGXipIf.s 			page 13


 715              		.global	uart3_recv_data
 716              		.syntax unified
 717              		.thumb
 718              		.thumb_func
 720              	uart3_recv_data:
 721              		@ args = 0, pretend = 0, frame = 0
 722              		@ frame_needed = 0, uses_anonymous_args = 0
 723              		@ link register save eliminated.
 724 0000 8446     		mov	ip, r0
 725 0002 00B3     		cbz	r0, .L103
 726 0004 09B3     		cbz	r1, .L104
 727 0006 0020     		movs	r0, #0
 728 0008 11E0     		b	.L101
 729              	.L102:
 730 000a 114A     		ldr	r2, .L105
 731 000c B2F88631 		ldrh	r3, [r2, #390]
 732 0010 9BB2     		uxth	r3, r3
 733 0012 1344     		add	r3, r3, r2
 734 0014 93F88530 		ldrb	r3, [r3, #133]	@ zero_extendqisi2
 735 0018 0CF80030 		strb	r3, [ip, r0]
 736 001c B2F88631 		ldrh	r3, [r2, #390]
 737 0020 9BB2     		uxth	r3, r3
 738 0022 0133     		adds	r3, r3, #1
 739 0024 DBB2     		uxtb	r3, r3
 740 0026 A2F88631 		strh	r3, [r2, #390]	@ movhi
 741 002a 0130     		adds	r0, r0, #1
 742 002c 80B2     		uxth	r0, r0
 743              	.L101:
 744 002e 084B     		ldr	r3, .L105
 745 0030 B3F88621 		ldrh	r2, [r3, #390]
 746 0034 92B2     		uxth	r2, r2
 747 0036 B3F88831 		ldrh	r3, [r3, #392]
 748 003a 9BB2     		uxth	r3, r3
 749 003c 9A42     		cmp	r2, r3
 750 003e 05D0     		beq	.L100
 751 0040 8842     		cmp	r0, r1
 752 0042 E2D3     		bcc	.L102
 753 0044 7047     		bx	lr
 754              	.L103:
 755 0046 0020     		movs	r0, #0
 756 0048 7047     		bx	lr
 757              	.L104:
 758 004a 0846     		mov	r0, r1
 759              	.L100:
 760 004c 7047     		bx	lr
 761              	.L106:
 762 004e 00BF     		.align	2
 763              	.L105:
 764 0050 00000000 		.word	g_uart3_dev
 766              		.section	.text.uart3_clear_rx_flag,"ax",%progbits
 767              		.align	1
 768              		.global	uart3_clear_rx_flag
 769              		.syntax unified
 770              		.thumb
 771              		.thumb_func
 773              	uart3_clear_rx_flag:
 774              		@ args = 0, pretend = 0, frame = 0
ARM GAS  /tmp/ccGXipIf.s 			page 14


 775              		@ frame_needed = 0, uses_anonymous_args = 0
 776              		@ link register save eliminated.
 777 0000 034B     		ldr	r3, .L108
 778 0002 0022     		movs	r2, #0
 779 0004 83F88A21 		strb	r2, [r3, #394]
 780 0008 A3F88C21 		strh	r2, [r3, #396]	@ movhi
 781 000c 7047     		bx	lr
 782              	.L109:
 783 000e 00BF     		.align	2
 784              	.L108:
 785 0010 00000000 		.word	g_uart3_dev
 787              		.section	.text.USART1_IRQHandler,"ax",%progbits
 788              		.align	1
 789              		.global	USART1_IRQHandler
 790              		.syntax unified
 791              		.thumb
 792              		.thumb_func
 794              	USART1_IRQHandler:
 795              		@ args = 0, pretend = 0, frame = 0
 796              		@ frame_needed = 0, uses_anonymous_args = 0
 797 0000 08B5     		push	{r3, lr}
 798 0002 0249     		ldr	r1, .L112
 799 0004 0248     		ldr	r0, .L112+4
 800 0006 FFF7FEFF 		bl	_uart_isr_handler
 801 000a 08BD     		pop	{r3, pc}
 802              	.L113:
 803              		.align	2
 804              	.L112:
 805 000c 00000000 		.word	g_uart1_dev
 806 0010 00380140 		.word	1073821696
 808              		.section	.text.USART2_IRQHandler,"ax",%progbits
 809              		.align	1
 810              		.global	USART2_IRQHandler
 811              		.syntax unified
 812              		.thumb
 813              		.thumb_func
 815              	USART2_IRQHandler:
 816              		@ args = 0, pretend = 0, frame = 0
 817              		@ frame_needed = 0, uses_anonymous_args = 0
 818 0000 08B5     		push	{r3, lr}
 819 0002 0249     		ldr	r1, .L116
 820 0004 0248     		ldr	r0, .L116+4
 821 0006 FFF7FEFF 		bl	_uart_isr_handler
 822 000a 08BD     		pop	{r3, pc}
 823              	.L117:
 824              		.align	2
 825              	.L116:
 826 000c 00000000 		.word	g_uart2_dev
 827 0010 00440040 		.word	1073759232
 829              		.section	.text.USART3_IRQHandler,"ax",%progbits
 830              		.align	1
 831              		.global	USART3_IRQHandler
 832              		.syntax unified
 833              		.thumb
 834              		.thumb_func
 836              	USART3_IRQHandler:
 837              		@ args = 0, pretend = 0, frame = 0
ARM GAS  /tmp/ccGXipIf.s 			page 15


 838              		@ frame_needed = 0, uses_anonymous_args = 0
 839 0000 08B5     		push	{r3, lr}
 840 0002 0249     		ldr	r1, .L120
 841 0004 0248     		ldr	r0, .L120+4
 842 0006 FFF7FEFF 		bl	_uart_isr_handler
 843 000a 08BD     		pop	{r3, pc}
 844              	.L121:
 845              		.align	2
 846              	.L120:
 847 000c 00000000 		.word	g_uart3_dev
 848 0010 00480040 		.word	1073760256
 850              		.section	.text.Serial_transmission_Selection,"ax",%progbits
 851              		.align	1
 852              		.global	Serial_transmission_Selection
 853              		.syntax unified
 854              		.thumb
 855              		.thumb_func
 857              	Serial_transmission_Selection:
 858              		@ args = 0, pretend = 0, frame = 0
 859              		@ frame_needed = 0, uses_anonymous_args = 0
 860 0000 D9B1     		cbz	r1, .L126
 861 0002 08B5     		push	{r3, lr}
 862 0004 1346     		mov	r3, r2
 863 0006 0A46     		mov	r2, r1
 864 0008 CBB1     		cbz	r3, .L127
 865 000a 0228     		cmp	r0, #2
 866 000c 09D0     		beq	.L124
 867 000e 0328     		cmp	r0, #3
 868 0010 0DD0     		beq	.L125
 869 0012 0128     		cmp	r0, #1
 870 0014 15D1     		bne	.L128
 871 0016 0C49     		ldr	r1, .L133
 872 0018 0C48     		ldr	r0, .L133+4
 873 001a FFF7FEFF 		bl	_uart_tx_write
 874 001e 0020     		movs	r0, #0
 875 0020 0EE0     		b	.L123
 876              	.L124:
 877 0022 0B49     		ldr	r1, .L133+8
 878 0024 0B48     		ldr	r0, .L133+12
 879 0026 FFF7FEFF 		bl	_uart_tx_write
 880 002a 0020     		movs	r0, #0
 881 002c 08E0     		b	.L123
 882              	.L125:
 883 002e 0A49     		ldr	r1, .L133+16
 884 0030 0A48     		ldr	r0, .L133+20
 885 0032 FFF7FEFF 		bl	_uart_tx_write
 886 0036 0020     		movs	r0, #0
 887 0038 02E0     		b	.L123
 888              	.L126:
 889 003a 0120     		movs	r0, #1
 890 003c 7047     		bx	lr
 891              	.L127:
 892 003e 0120     		movs	r0, #1
 893              	.L123:
 894 0040 08BD     		pop	{r3, pc}
 895              	.L128:
 896 0042 0120     		movs	r0, #1
ARM GAS  /tmp/ccGXipIf.s 			page 16


 897 0044 FCE7     		b	.L123
 898              	.L134:
 899 0046 00BF     		.align	2
 900              	.L133:
 901 0048 00000000 		.word	g_uart1_dev
 902 004c 00380140 		.word	1073821696
 903 0050 00000000 		.word	g_uart2_dev
 904 0054 00440040 		.word	1073759232
 905 0058 00000000 		.word	g_uart3_dev
 906 005c 00480040 		.word	1073760256
 908              		.global	g_uart3_dev
 909              		.section	.bss.g_uart3_dev,"aw",%nobits
 910              		.align	2
 913              	g_uart3_dev:
 914 0000 00000000 		.space	398
 914      00000000 
 914      00000000 
 914      00000000 
 914      00000000 
 915              		.global	g_uart2_dev
 916              		.section	.bss.g_uart2_dev,"aw",%nobits
 917              		.align	2
 920              	g_uart2_dev:
 921 0000 00000000 		.space	398
 921      00000000 
 921      00000000 
 921      00000000 
 921      00000000 
 922              		.global	g_uart1_dev
 923              		.section	.bss.g_uart1_dev,"aw",%nobits
 924              		.align	2
 927              	g_uart1_dev:
 928 0000 00000000 		.space	398
 928      00000000 
 928      00000000 
 928      00000000 
 928      00000000 
 929              		.ident	"GCC: (15:14.2.rel1-1) 14.2.1 20241119"
ARM GAS  /tmp/ccGXipIf.s 			page 17


DEFINED SYMBOLS
                            *ABS*:00000000 uart.c
     /tmp/ccGXipIf.s:16     .text._uart_tx_write:00000000 $t
     /tmp/ccGXipIf.s:21     .text._uart_tx_write:00000000 _uart_tx_write
     /tmp/ccGXipIf.s:74     .text._uart_isr_handler:00000000 $t
     /tmp/ccGXipIf.s:79     .text._uart_isr_handler:00000000 _uart_isr_handler
     /tmp/ccGXipIf.s:168    .text.uart1_init:00000000 $t
     /tmp/ccGXipIf.s:174    .text.uart1_init:00000000 uart1_init
     /tmp/ccGXipIf.s:238    .text.uart1_init:000000ac $d
     /tmp/ccGXipIf.s:242    .text.uart1_send_string:00000000 $t
     /tmp/ccGXipIf.s:248    .text.uart1_send_string:00000000 uart1_send_string
     /tmp/ccGXipIf.s:267    .text.uart1_send_string:0000001c $d
     /tmp/ccGXipIf.s:927    .bss.g_uart1_dev:00000000 g_uart1_dev
     /tmp/ccGXipIf.s:271    .text.uart1_send_hex:00000000 $t
     /tmp/ccGXipIf.s:277    .text.uart1_send_hex:00000000 uart1_send_hex
     /tmp/ccGXipIf.s:295    .text.uart1_send_hex:00000018 $d
     /tmp/ccGXipIf.s:299    .text.uart1_recv_data:00000000 $t
     /tmp/ccGXipIf.s:305    .text.uart1_recv_data:00000000 uart1_recv_data
     /tmp/ccGXipIf.s:349    .text.uart1_recv_data:00000050 $d
     /tmp/ccGXipIf.s:352    .text.uart1_clear_rx_flag:00000000 $t
     /tmp/ccGXipIf.s:358    .text.uart1_clear_rx_flag:00000000 uart1_clear_rx_flag
     /tmp/ccGXipIf.s:370    .text.uart1_clear_rx_flag:00000010 $d
     /tmp/ccGXipIf.s:373    .text.uart2_init:00000000 $t
     /tmp/ccGXipIf.s:379    .text.uart2_init:00000000 uart2_init
     /tmp/ccGXipIf.s:445    .text.uart2_init:000000ac $d
     /tmp/ccGXipIf.s:449    .text.uart2_send_string:00000000 $t
     /tmp/ccGXipIf.s:455    .text.uart2_send_string:00000000 uart2_send_string
     /tmp/ccGXipIf.s:474    .text.uart2_send_string:0000001c $d
     /tmp/ccGXipIf.s:920    .bss.g_uart2_dev:00000000 g_uart2_dev
     /tmp/ccGXipIf.s:478    .text.uart2_send_hex:00000000 $t
     /tmp/ccGXipIf.s:484    .text.uart2_send_hex:00000000 uart2_send_hex
     /tmp/ccGXipIf.s:502    .text.uart2_send_hex:00000018 $d
     /tmp/ccGXipIf.s:506    .text.uart2_recv_data:00000000 $t
     /tmp/ccGXipIf.s:512    .text.uart2_recv_data:00000000 uart2_recv_data
     /tmp/ccGXipIf.s:556    .text.uart2_recv_data:00000050 $d
     /tmp/ccGXipIf.s:559    .text.uart2_clear_rx_flag:00000000 $t
     /tmp/ccGXipIf.s:565    .text.uart2_clear_rx_flag:00000000 uart2_clear_rx_flag
     /tmp/ccGXipIf.s:577    .text.uart2_clear_rx_flag:00000010 $d
     /tmp/ccGXipIf.s:580    .text.uart3_init:00000000 $t
     /tmp/ccGXipIf.s:586    .text.uart3_init:00000000 uart3_init
     /tmp/ccGXipIf.s:653    .text.uart3_init:000000b4 $d
     /tmp/ccGXipIf.s:657    .text.uart3_send_string:00000000 $t
     /tmp/ccGXipIf.s:663    .text.uart3_send_string:00000000 uart3_send_string
     /tmp/ccGXipIf.s:682    .text.uart3_send_string:0000001c $d
     /tmp/ccGXipIf.s:913    .bss.g_uart3_dev:00000000 g_uart3_dev
     /tmp/ccGXipIf.s:686    .text.uart3_send_hex:00000000 $t
     /tmp/ccGXipIf.s:692    .text.uart3_send_hex:00000000 uart3_send_hex
     /tmp/ccGXipIf.s:710    .text.uart3_send_hex:00000018 $d
     /tmp/ccGXipIf.s:714    .text.uart3_recv_data:00000000 $t
     /tmp/ccGXipIf.s:720    .text.uart3_recv_data:00000000 uart3_recv_data
     /tmp/ccGXipIf.s:764    .text.uart3_recv_data:00000050 $d
     /tmp/ccGXipIf.s:767    .text.uart3_clear_rx_flag:00000000 $t
     /tmp/ccGXipIf.s:773    .text.uart3_clear_rx_flag:00000000 uart3_clear_rx_flag
     /tmp/ccGXipIf.s:785    .text.uart3_clear_rx_flag:00000010 $d
     /tmp/ccGXipIf.s:788    .text.USART1_IRQHandler:00000000 $t
     /tmp/ccGXipIf.s:794    .text.USART1_IRQHandler:00000000 USART1_IRQHandler
     /tmp/ccGXipIf.s:805    .text.USART1_IRQHandler:0000000c $d
ARM GAS  /tmp/ccGXipIf.s 			page 18


     /tmp/ccGXipIf.s:809    .text.USART2_IRQHandler:00000000 $t
     /tmp/ccGXipIf.s:815    .text.USART2_IRQHandler:00000000 USART2_IRQHandler
     /tmp/ccGXipIf.s:826    .text.USART2_IRQHandler:0000000c $d
     /tmp/ccGXipIf.s:830    .text.USART3_IRQHandler:00000000 $t
     /tmp/ccGXipIf.s:836    .text.USART3_IRQHandler:00000000 USART3_IRQHandler
     /tmp/ccGXipIf.s:847    .text.USART3_IRQHandler:0000000c $d
     /tmp/ccGXipIf.s:851    .text.Serial_transmission_Selection:00000000 $t
     /tmp/ccGXipIf.s:857    .text.Serial_transmission_Selection:00000000 Serial_transmission_Selection
     /tmp/ccGXipIf.s:901    .text.Serial_transmission_Selection:00000048 $d
     /tmp/ccGXipIf.s:910    .bss.g_uart3_dev:00000000 $d
     /tmp/ccGXipIf.s:917    .bss.g_uart2_dev:00000000 $d
     /tmp/ccGXipIf.s:924    .bss.g_uart1_dev:00000000 $d

UNDEFINED SYMBOLS
USART_ITConfig
USART_GetITStatus
RCC_APB2PeriphClockCmd
GPIO_Init
USART_Init
NVIC_Init
USART_Cmd
strlen
RCC_APB1PeriphClockCmd
